141.2.8.167 - fsinf [13/Oct/2016:18:50:37] "GET /artists HTTP/1.1" 200 9716 "http://141.2.8.167:8080/queue" "Mozilla/5.0 (X11; Linux x86_64) AppleWebKit/537.36 (KHTML, like Gecko) Chrome/53.0.2785.143 Safari/537.36"
141.2.8.167 - fsinf [13/Oct/2016:18:50:40] "GET /queue HTTP/1.1" 200 4229 "http://141.2.8.167:8080/artists" "Mozilla/5.0 (X11; Linux x86_64) AppleWebKit/537.36 (KHTML, like Gecko) Chrome/53.0.2785.143 Safari/537.36"
141.2.8.212 - fsinf [13/Oct/2016:18:51:28] "POST /upload HTTP/1.1" 200 3994 "http://141.2.8.167:8080/addByType?trackType=FileTrack" "Mozilla/5.0 (Windows NT 6.1; WOW64; rv:49.0) Gecko/20100101 Firefox/49.0"
141.2.8.167 - fsinf [13/Oct/2016:18:51:37] "GET /queue HTTP/1.1" 200 4229 "http://141.2.8.167:8080/queue" "Mozilla/5.0 (X11; Linux x86_64) AppleWebKit/537.36 (KHTML, like Gecko) Chrome/53.0.2785.143 Safari/537.36"
141.2.8.167 - fsinf [13/Oct/2016:18:51:39] "GET /queue HTTP/1.1" 200 4229 "http://141.2.8.167:8080/queue" "Mozilla/5.0 (X11; Linux x86_64) AppleWebKit/537.36 (KHTML, like Gecko) Chrome/53.0.2785.143 Safari/537.36"
141.2.8.212 - fsinf [13/Oct/2016:18:51:41] "GET /queue HTTP/1.1" 200 4229 "http://141.2.8.167:8080/upload" "Mozilla/5.0 (Windows NT 6.1; WOW64; rv:49.0) Gecko/20100101 Firefox/49.0"
141.2.8.134 - - [13/Oct/2016:18:52:02] "GET / HTTP/1.1" 401 1471 "" "Mozilla/5.0 (Windows NT 10.0; WOW64) AppleWebKit/537.36 (KHTML, like Gecko) Chrome/53.0.2785.143 Safari/537.36"
141.2.8.134 - fsinf [13/Oct/2016:18:52:08] "GET / HTTP/1.1" 200 10283 "" "Mozilla/5.0 (Windows NT 10.0; WOW64) AppleWebKit/537.36 (KHTML, like Gecko) Chrome/53.0.2785.143 Safari/537.36"
141.2.8.134 - fsinf [13/Oct/2016:18:52:08] "GET /css/bootstrap.min.css HTTP/1.1" 200 121200 "http://141.2.8.167:8080/" "Mozilla/5.0 (Windows NT 10.0; WOW64) AppleWebKit/537.36 (KHTML, like Gecko) Chrome/53.0.2785.143 Safari/537.36"
141.2.8.134 - fsinf [13/Oct/2016:18:52:08] "GET /fonts/glyphicons-halflings-regular.woff2 HTTP/1.1" 200 18028 "http://141.2.8.167:8080/css/bootstrap.min.css" "Mozilla/5.0 (Windows NT 10.0; WOW64) AppleWebKit/537.36 (KHTML, like Gecko) Chrome/53.0.2785.143 Safari/537.36"
141.2.8.134 - fsinf [13/Oct/2016:18:52:09] "GET /favicon.ico HTTP/1.1" 404 1374 "http://141.2.8.167:8080/" "Mozilla/5.0 (Windows NT 10.0; WOW64) AppleWebKit/537.36 (KHTML, like Gecko) Chrome/53.0.2785.143 Safari/537.36"
141.2.8.167 - fsinf [13/Oct/2016:18:52:57] "GET /queue HTTP/1.1" 200 4229 "http://141.2.8.167:8080/queue" "Mozilla/5.0 (X11; Linux x86_64) AppleWebKit/537.36 (KHTML, like Gecko) Chrome/53.0.2785.143 Safari/537.36"
141.2.8.167 - fsinf [13/Oct/2016:18:53:19] "GET /queue HTTP/1.1" 200 4229 "http://141.2.8.167:8080/queue" "Mozilla/5.0 (X11; Linux x86_64) AppleWebKit/537.36 (KHTML, like Gecko) Chrome/53.0.2785.143 Safari/537.36"
141.2.8.167 - fsinf [13/Oct/2016:18:53:58] "GET /queue HTTP/1.1" 200 4229 "http://141.2.8.167:8080/queue" "Mozilla/5.0 (X11; Linux x86_64) AppleWebKit/537.36 (KHTML, like Gecko) Chrome/53.0.2785.143 Safari/537.36"
141.2.8.212 - fsinf [13/Oct/2016:18:54:32] "GET /queue HTTP/1.1" 200 4229 "http://141.2.8.167:8080/queue" "Mozilla/5.0 (Windows NT 6.1; WOW64; rv:49.0) Gecko/20100101 Firefox/49.0"
141.2.8.212 - fsinf [13/Oct/2016:18:54:35] "GET /add HTTP/1.1" 200 3994 "http://141.2.8.167:8080/queue" "Mozilla/5.0 (Windows NT 6.1; WOW64; rv:49.0) Gecko/20100101 Firefox/49.0"
141.2.8.212 - fsinf [13/Oct/2016:18:54:39] "GET /addByType?trackType=FileTrack HTTP/1.1" 200 5338 "http://141.2.8.167:8080/add" "Mozilla/5.0 (Windows NT 6.1; WOW64; rv:49.0) Gecko/20100101 Firefox/49.0"
141.2.8.212 - fsinf [13/Oct/2016:18:55:07] "POST /upload HTTP/1.1" 200 3987 "http://141.2.8.167:8080/addByType?trackType=FileTrack" "Mozilla/5.0 (Windows NT 6.1; WOW64; rv:49.0) Gecko/20100101 Firefox/49.0"
141.2.8.212 - fsinf [13/Oct/2016:18:56:20] "GET /queue HTTP/1.1" 200 3247 "http://141.2.8.167:8080/upload" "Mozilla/5.0 (Windows NT 6.1; WOW64; rv:49.0) Gecko/20100101 Firefox/49.0"
141.2.8.167 - fsinf [13/Oct/2016:18:56:52] "GET /queue HTTP/1.1" 200 3247 "http://141.2.8.167:8080/queue" "Mozilla/5.0 (X11; Linux x86_64) AppleWebKit/537.36 (KHTML, like Gecko) Chrome/53.0.2785.143 Safari/537.36"
141.2.8.231 - fsinf [13/Oct/2016:18:57:05] "GET /add HTTP/1.1" 200 3987 "http://141.2.8.167:8080/queue" "Mozilla/5.0 (Windows NT 6.1; rv:49.0) Gecko/20100101 Firefox/49.0"
141.2.8.231 - fsinf [13/Oct/2016:18:57:09] "GET /addByType?trackType=FileTrack HTTP/1.1" 200 5331 "http://141.2.8.167:8080/add" "Mozilla/5.0 (Windows NT 6.1; rv:49.0) Gecko/20100101 Firefox/49.0"
141.2.8.167 - fsinf [13/Oct/2016:18:57:21] "GET /add HTTP/1.1" 500 1691 "http://141.2.8.167:8080/queue" "Mozilla/5.0 (X11; Linux x86_64) AppleWebKit/537.36 (KHTML, like Gecko) Chrome/53.0.2785.143 Safari/537.36"
141.2.8.167 - fsinf [13/Oct/2016:18:57:28] "GET /add HTTP/1.1" 200 3987 "http://141.2.8.167:8080/queue" "Mozilla/5.0 (X11; Linux x86_64) AppleWebKit/537.36 (KHTML, like Gecko) Chrome/53.0.2785.143 Safari/537.36"
141.2.8.167 - fsinf [13/Oct/2016:18:57:32] "GET /addByType?trackType=YoutubeTrack HTTP/1.1" 200 5336 "http://141.2.8.167:8080/add" "Mozilla/5.0 (X11; Linux x86_64) AppleWebKit/537.36 (KHTML, like Gecko) Chrome/53.0.2785.143 Safari/537.36"
141.2.8.231 - fsinf [13/Oct/2016:18:57:42] "POST /upload HTTP/1.1" 200 3987 "http://141.2.8.167:8080/addByType?trackType=FileTrack" "Mozilla/5.0 (Windows NT 6.1; rv:49.0) Gecko/20100101 Firefox/49.0"
141.2.8.231 - fsinf [13/Oct/2016:18:57:44] "GET /albums HTTP/1.1" 200 15346 "http://141.2.8.167:8080/upload" "Mozilla/5.0 (Windows NT 6.1; rv:49.0) Gecko/20100101 Firefox/49.0"
141.2.8.231 - fsinf [13/Oct/2016:18:57:48] "GET /artist?artist=In+Flames HTTP/1.1" 200 5511 "http://141.2.8.167:8080/albums" "Mozilla/5.0 (Windows NT 6.1; rv:49.0) Gecko/20100101 Firefox/49.0"
141.2.8.231 - fsinf [13/Oct/2016:18:57:50] "GET /addToQueue?artist=In+Flames&album=Siren+Charms&track=Filtered+Truth HTTP/1.1" 200 5511 "http://141.2.8.167:8080/artist?artist=In+Flames" "Mozilla/5.0 (Windows NT 6.1; rv:49.0) Gecko/20100101 Firefox/49.0"
141.2.8.231 - fsinf [13/Oct/2016:18:57:52] "GET /queue HTTP/1.1" 200 4202 "http://141.2.8.167:8080/addToQueue?artist=In+Flames&album=Siren+Charms&track=Filtered+Truth" "Mozilla/5.0 (Windows NT 6.1; rv:49.0) Gecko/20100101 Firefox/49.0"
141.2.8.167 - fsinf [13/Oct/2016:18:57:56] "GET /albums HTTP/1.1" 200 15346 "http://141.2.8.167:8080/addByType?trackType=YoutubeTrack" "Mozilla/5.0 (X11; Linux x86_64) AppleWebKit/537.36 (KHTML, like Gecko) Chrome/53.0.2785.143 Safari/537.36"
141.2.8.167 - fsinf [13/Oct/2016:18:58:09] "POST /upload HTTP/1.1" 200 15346 "http://141.2.8.167:8080/addByType?trackType=YoutubeTrack" "Mozilla/5.0 (X11; Linux x86_64) AppleWebKit/537.36 (KHTML, like Gecko) Chrome/53.0.2785.143 Safari/537.36"
141.2.8.167 - fsinf [13/Oct/2016:18:58:12] "GET /artist?artist=Sylosis HTTP/1.1" 200 5583 "http://141.2.8.167:8080/upload" "Mozilla/5.0 (X11; Linux x86_64) AppleWebKit/537.36 (KHTML, like Gecko) Chrome/53.0.2785.143 Safari/537.36"
141.2.8.167 - fsinf [13/Oct/2016:18:58:19] "GET /artists HTTP/1.1" 200 10827 "http://141.2.8.167:8080/artist?artist=Sylosis" "Mozilla/5.0 (X11; Linux x86_64) AppleWebKit/537.36 (KHTML, like Gecko) Chrome/53.0.2785.143 Safari/537.36"
141.2.8.167 - fsinf [13/Oct/2016:18:58:22] "GET /artist?artist=Sylosis HTTP/1.1" 200 5583 "http://141.2.8.167:8080/artists" "Mozilla/5.0 (X11; Linux x86_64) AppleWebKit/537.36 (KHTML, like Gecko) Chrome/53.0.2785.143 Safari/537.36"
141.2.8.167 - fsinf [13/Oct/2016:18:58:29] "GET /album?artist=Sylosis&album=At+The+Edge+Of+The+World HTTP/1.1" 200 3901 "http://141.2.8.167:8080/artist?artist=Sylosis" "Mozilla/5.0 (X11; Linux x86_64) AppleWebKit/537.36 (KHTML, like Gecko) Chrome/53.0.2785.143 Safari/537.36"
141.2.8.167 - fsinf [13/Oct/2016:19:03:33] "GET /albums HTTP/1.1" 200 15353 "http://141.2.8.167:8080/artist?artist=Sylosis" "Mozilla/5.0 (X11; Linux x86_64) AppleWebKit/537.36 (KHTML, like Gecko) Chrome/53.0.2785.143 Safari/537.36"
141.2.8.167 - fsinf [13/Oct/2016:19:03:38] "GET /artist?artist=Sylosis HTTP/1.1" 200 6660 "http://141.2.8.167:8080/albums" "Mozilla/5.0 (X11; Linux x86_64) AppleWebKit/537.36 (KHTML, like Gecko) Chrome/53.0.2785.143 Safari/537.36"
141.2.8.167 - fsinf [13/Oct/2016:19:03:49] "GET /artists HTTP/1.1" 200 10834 "http://141.2.8.167:8080/albums" "Mozilla/5.0 (X11; Linux x86_64) AppleWebKit/537.36 (KHTML, like Gecko) Chrome/53.0.2785.143 Safari/537.36"
141.2.8.167 - fsinf [13/Oct/2016:19:03:51] "GET /artist?artist=In+Flames HTTP/1.1" 200 5518 "http://141.2.8.167:8080/artists" "Mozilla/5.0 (X11; Linux x86_64) AppleWebKit/537.36 (KHTML, like Gecko) Chrome/53.0.2785.143 Safari/537.36"
141.2.8.167 - fsinf [13/Oct/2016:19:03:52] "GET /addToQueue?artist=In+Flames&album=Siren+Charms&track=Filtered+Truth HTTP/1.1" 200 5518 "http://141.2.8.167:8080/artist?artist=In+Flames" "Mozilla/5.0 (X11; Linux x86_64) AppleWebKit/537.36 (KHTML, like Gecko) Chrome/53.0.2785.143 Safari/537.36"
141.2.8.167 - fsinf [13/Oct/2016:19:03:54] "GET /startPlaying HTTP/1.1" 200 5517 "http://141.2.8.167:8080/addToQueue?artist=In+Flames&album=Siren+Charms&track=Filtered+Truth" "Mozilla/5.0 (X11; Linux x86_64) AppleWebKit/537.36 (KHTML, like Gecko) Chrome/53.0.2785.143 Safari/537.36"
141.2.8.167 - fsinf [13/Oct/2016:19:04:04] "GET /artists HTTP/1.1" 200 10833 "http://141.2.8.167:8080/startPlaying" "Mozilla/5.0 (X11; Linux x86_64) AppleWebKit/537.36 (KHTML, like Gecko) Chrome/53.0.2785.143 Safari/537.36"
141.2.8.167 - fsinf [13/Oct/2016:19:04:06] "GET /artist?artist=Parkway+Drive HTTP/1.1" 200 5458 "http://141.2.8.167:8080/artists" "Mozilla/5.0 (X11; Linux x86_64) AppleWebKit/537.36 (KHTML, like Gecko) Chrome/53.0.2785.143 Safari/537.36"
141.2.8.167 - fsinf [13/Oct/2016:19:04:08] "GET /addToQueue?artist=Parkway+Drive&album=Atlas&track=The+River HTTP/1.1" 200 5458 "http://141.2.8.167:8080/artist?artist=Parkway+Drive" "Mozilla/5.0 (X11; Linux x86_64) AppleWebKit/537.36 (KHTML, like Gecko) Chrome/53.0.2785.143 Safari/537.36"
141.2.8.167 - fsinf [13/Oct/2016:19:04:09] "GET /queue HTTP/1.1" 200 4193 "http://141.2.8.167:8080/addToQueue?artist=Parkway+Drive&album=Atlas&track=The+River" "Mozilla/5.0 (X11; Linux x86_64) AppleWebKit/537.36 (KHTML, like Gecko) Chrome/53.0.2785.143 Safari/537.36"
141.2.8.148 - - [13/Oct/2016:19:05:24] "GET / HTTP/1.1" 401 1471 "" "Mozilla/5.0 (Windows NT 10.0; Win64; x64) AppleWebKit/537.36 (KHTML, like Gecko) Chrome/53.0.2785.143 Safari/537.36"
141.2.8.148 - fsinf [13/Oct/2016:19:05:30] "GET / HTTP/1.1" 200 10833 "" "Mozilla/5.0 (Windows NT 10.0; Win64; x64) AppleWebKit/537.36 (KHTML, like Gecko) Chrome/53.0.2785.143 Safari/537.36"
141.2.8.148 - fsinf [13/Oct/2016:19:05:30] "GET /css/bootstrap.min.css HTTP/1.1" 200 121200 "http://141.2.8.167:8080/" "Mozilla/5.0 (Windows NT 10.0; Win64; x64) AppleWebKit/537.36 (KHTML, like Gecko) Chrome/53.0.2785.143 Safari/537.36"
141.2.8.148 - fsinf [13/Oct/2016:19:05:30] "GET /fonts/glyphicons-halflings-regular.woff2 HTTP/1.1" 200 18028 "http://141.2.8.167:8080/css/bootstrap.min.css" "Mozilla/5.0 (Windows NT 10.0; Win64; x64) AppleWebKit/537.36 (KHTML, like Gecko) Chrome/53.0.2785.143 Safari/537.36"
141.2.8.148 - fsinf [13/Oct/2016:19:05:30] "GET /favicon.ico HTTP/1.1" 404 1374 "http://141.2.8.167:8080/" "Mozilla/5.0 (Windows NT 10.0; Win64; x64) AppleWebKit/537.36 (KHTML, like Gecko) Chrome/53.0.2785.143 Safari/537.36"
141.2.8.167 - fsinf [13/Oct/2016:19:07:00] "GET /queue HTTP/1.1" 200 4193 "http://141.2.8.167:8080/queue" "Mozilla/5.0 (X11; Linux x86_64) AppleWebKit/537.36 (KHTML, like Gecko) Chrome/53.0.2785.143 Safari/537.36"
141.2.8.167 - fsinf [13/Oct/2016:19:07:14] "GET /artists HTTP/1.1" 200 10833 "http://141.2.8.167:8080/queue" "Mozilla/5.0 (X11; Linux x86_64) AppleWebKit/537.36 (KHTML, like Gecko) Chrome/53.0.2785.143 Safari/537.36"
141.2.8.167 - fsinf [13/Oct/2016:19:07:16] "GET /queue HTTP/1.1" 200 4193 "http://141.2.8.167:8080/artists" "Mozilla/5.0 (X11; Linux x86_64) AppleWebKit/537.36 (KHTML, like Gecko) Chrome/53.0.2785.143 Safari/537.36"
141.2.8.167 - fsinf [13/Oct/2016:19:07:35] "GET /albums HTTP/1.1" 200 15351 "http://141.2.8.167:8080/queue" "Mozilla/5.0 (X11; Linux x86_64) AppleWebKit/537.36 (KHTML, like Gecko) Chrome/53.0.2785.143 Safari/537.36"
141.2.8.167 - fsinf [13/Oct/2016:19:07:39] "GET /artists HTTP/1.1" 200 10832 "http://141.2.8.167:8080/albums" "Mozilla/5.0 (X11; Linux x86_64) AppleWebKit/537.36 (KHTML, like Gecko) Chrome/53.0.2785.143 Safari/537.36"
141.2.8.167 - fsinf [13/Oct/2016:19:08:00] "GET /artists HTTP/1.1" 200 10832 "http://141.2.8.167:8080/artists" "Mozilla/5.0 (X11; Linux x86_64) AppleWebKit/537.36 (KHTML, like Gecko) Chrome/53.0.2785.143 Safari/537.36"
141.2.8.167 - fsinf [13/Oct/2016:19:08:01] "GET /artist?artist=Sylosis HTTP/1.1" 200 6658 "http://141.2.8.167:8080/artists" "Mozilla/5.0 (X11; Linux x86_64) AppleWebKit/537.36 (KHTML, like Gecko) Chrome/53.0.2785.143 Safari/537.36"
141.2.8.167 - fsinf [13/Oct/2016:19:08:03] "GET /addToQueue?artist=Sylosis&album=At+The+Edge+Of+The+World&track=Empyreal HTTP/1.1" 200 6658 "http://141.2.8.167:8080/artist?artist=Sylosis" "Mozilla/5.0 (X11; Linux x86_64) AppleWebKit/537.36 (KHTML, like Gecko) Chrome/53.0.2785.143 Safari/537.36"
141.2.8.167 - fsinf [13/Oct/2016:19:08:04] "GET /queue HTTP/1.1" 200 4223 "http://141.2.8.167:8080/addToQueue?artist=Sylosis&album=At+The+Edge+Of+The+World&track=Empyreal" "Mozilla/5.0 (X11; Linux x86_64) AppleWebKit/537.36 (KHTML, like Gecko) Chrome/53.0.2785.143 Safari/537.36"
141.2.8.167 - fsinf [13/Oct/2016:19:08:07] "GET /add HTTP/1.1" 200 3992 "http://141.2.8.167:8080/queue" "Mozilla/5.0 (X11; Linux x86_64) AppleWebKit/537.36 (KHTML, like Gecko) Chrome/53.0.2785.143 Safari/537.36"
141.2.8.167 - fsinf [13/Oct/2016:19:08:20] "GET /addByType?trackType=YoutubeTrack HTTP/1.1" 200 5341 "http://141.2.8.167:8080/add" "Mozilla/5.0 (X11; Linux x86_64) AppleWebKit/537.36 (KHTML, like Gecko) Chrome/53.0.2785.143 Safari/537.36"
141.2.8.167 - fsinf [13/Oct/2016:19:08:32] "POST /upload HTTP/1.1" 200 3992 "http://141.2.8.167:8080/addByType?trackType=YoutubeTrack" "Mozilla/5.0 (X11; Linux x86_64) AppleWebKit/537.36 (KHTML, like Gecko) Chrome/53.0.2785.143 Safari/537.36"
141.2.8.231 - fsinf [13/Oct/2016:19:08:33] "GET /add HTTP/1.1" 200 3992 "http://141.2.8.167:8080/queue" "Mozilla/5.0 (Windows NT 6.1; rv:49.0) Gecko/20100101 Firefox/49.0"
141.2.8.167 - fsinf [13/Oct/2016:19:08:34] "GET /artists HTTP/1.1" 200 11383 "http://141.2.8.167:8080/upload" "Mozilla/5.0 (X11; Linux x86_64) AppleWebKit/537.36 (KHTML, like Gecko) Chrome/53.0.2785.143 Safari/537.36"
141.2.8.231 - fsinf [13/Oct/2016:19:08:36] "GET /addByType?trackType=FileTrack HTTP/1.1" 200 5336 "http://141.2.8.167:8080/add" "Mozilla/5.0 (Windows NT 6.1; rv:49.0) Gecko/20100101 Firefox/49.0"
141.2.8.167 - fsinf [13/Oct/2016:19:08:36] "GET /artist?artist=Meshuggah HTTP/1.1" 200 5420 "http://141.2.8.167:8080/artists" "Mozilla/5.0 (X11; Linux x86_64) AppleWebKit/537.36 (KHTML, like Gecko) Chrome/53.0.2785.143 Safari/537.36"
141.2.8.167 - fsinf [13/Oct/2016:19:08:38] "GET /addToQueue?artist=Meshuggah&album=Bogo&track=Demiurge HTTP/1.1" 200 5420 "http://141.2.8.167:8080/artist?artist=Meshuggah" "Mozilla/5.0 (X11; Linux x86_64) AppleWebKit/537.36 (KHTML, like Gecko) Chrome/53.0.2785.143 Safari/537.36"
141.2.8.167 - fsinf [13/Oct/2016:19:08:39] "GET /queue HTTP/1.1" 200 5142 "http://141.2.8.167:8080/addToQueue?artist=Meshuggah&album=Bogo&track=Demiurge" "Mozilla/5.0 (X11; Linux x86_64) AppleWebKit/537.36 (KHTML, like Gecko) Chrome/53.0.2785.143 Safari/537.36"
141.2.8.231 - fsinf [13/Oct/2016:19:09:18] "POST /upload HTTP/1.1" 200 3992 "http://141.2.8.167:8080/addByType?trackType=FileTrack" "Mozilla/5.0 (Windows NT 6.1; rv:49.0) Gecko/20100101 Firefox/49.0"
141.2.8.231 - fsinf [13/Oct/2016:19:09:18] "GET /artists HTTP/1.1" 200 11383 "http://141.2.8.167:8080/upload" "Mozilla/5.0 (Windows NT 6.1; rv:49.0) Gecko/20100101 Firefox/49.0"
141.2.8.231 - fsinf [13/Oct/2016:19:09:23] "GET /artist?artist=In+Flames HTTP/1.1" 200 5637 "http://141.2.8.167:8080/artists" "Mozilla/5.0 (Windows NT 6.1; rv:49.0) Gecko/20100101 Firefox/49.0"
141.2.8.231 - fsinf [13/Oct/2016:19:09:28] "GET /addToQueue?artist=In+Flames&album=Soundtrack+To+Your+Escape&track=Dial+595-Escape HTTP/1.1" 200 5637 "http://141.2.8.167:8080/artist?artist=In+Flames" "Mozilla/5.0 (Windows NT 6.1; rv:49.0) Gecko/20100101 Firefox/49.0"
141.2.8.231 - fsinf [13/Oct/2016:19:09:30] "GET /queue HTTP/1.1" 200 6138 "http://141.2.8.167:8080/addToQueue?artist=In+Flames&album=Soundtrack+To+Your+Escape&track=Dial+595-Escape" "Mozilla/5.0 (Windows NT 6.1; rv:49.0) Gecko/20100101 Firefox/49.0"
141.2.8.167 - fsinf [13/Oct/2016:19:09:48] "GET /queue HTTP/1.1" 200 6138 "http://141.2.8.167:8080/queue" "Mozilla/5.0 (X11; Linux x86_64) AppleWebKit/537.36 (KHTML, like Gecko) Chrome/53.0.2785.143 Safari/537.36"
141.2.8.167 - fsinf [13/Oct/2016:19:10:20] "GET /artists HTTP/1.1" 200 11383 "http://141.2.8.167:8080/queue" "Mozilla/5.0 (X11; Linux x86_64) AppleWebKit/537.36 (KHTML, like Gecko) Chrome/53.0.2785.143 Safari/537.36"
141.2.8.167 - fsinf [13/Oct/2016:19:10:21] "GET /queue HTTP/1.1" 200 6138 "http://141.2.8.167:8080/artists" "Mozilla/5.0 (X11; Linux x86_64) AppleWebKit/537.36 (KHTML, like Gecko) Chrome/53.0.2785.143 Safari/537.36"
141.2.8.212 - fsinf [13/Oct/2016:19:12:12] "GET /add HTTP/1.1" 200 3992 "http://141.2.8.167:8080/queue" "Mozilla/5.0 (Windows NT 6.1; WOW64; rv:49.0) Gecko/20100101 Firefox/49.0"
141.2.8.212 - fsinf [13/Oct/2016:19:12:14] "GET /addByType?trackType=SoundcloudTrack HTTP/1.1" 200 5341 "http://141.2.8.167:8080/add" "Mozilla/5.0 (Windows NT 6.1; WOW64; rv:49.0) Gecko/20100101 Firefox/49.0"
141.2.8.212 - fsinf [13/Oct/2016:19:12:18] "GET /addByType?trackType=FileTrack HTTP/1.1" 200 5336 "http://141.2.8.167:8080/add" "Mozilla/5.0 (Windows NT 6.1; WOW64; rv:49.0) Gecko/20100101 Firefox/49.0"
141.2.8.167 - fsinf [13/Oct/2016:19:12:39] "GET /queue HTTP/1.1" 200 6138 "http://141.2.8.167:8080/queue" "Mozilla/5.0 (X11; Linux x86_64) AppleWebKit/537.36 (KHTML, like Gecko) Chrome/53.0.2785.143 Safari/537.36"
141.2.8.167 - fsinf [13/Oct/2016:19:12:41] "GET /queue HTTP/1.1" 200 6138 "http://141.2.8.167:8080/queue" "Mozilla/5.0 (X11; Linux x86_64) AppleWebKit/537.36 (KHTML, like Gecko) Chrome/53.0.2785.143 Safari/537.36"
141.2.8.167 - fsinf [13/Oct/2016:19:13:03] "GET /queue HTTP/1.1" 200 5160 "http://141.2.8.167:8080/queue" "Mozilla/5.0 (X11; Linux x86_64) AppleWebKit/537.36 (KHTML, like Gecko) Chrome/53.0.2785.143 Safari/537.36"
141.2.8.212 - fsinf [13/Oct/2016:19:13:12] "POST /upload HTTP/1.1" 200 3985 "http://141.2.8.167:8080/addByType?trackType=FileTrack" "Mozilla/5.0 (Windows NT 6.1; WOW64; rv:49.0) Gecko/20100101 Firefox/49.0"
141.2.8.167 - fsinf [13/Oct/2016:19:15:13] "GET /queue HTTP/1.1" 500 1693 "http://141.2.8.167:8080/queue" "Mozilla/5.0 (X11; Linux x86_64) AppleWebKit/537.36 (KHTML, like Gecko) Chrome/53.0.2785.143 Safari/537.36"
141.2.8.167 - fsinf [13/Oct/2016:19:15:17] "GET /queue HTTP/1.1" 200 5160 "http://141.2.8.167:8080/artists" "Mozilla/5.0 (X11; Linux x86_64) AppleWebKit/537.36 (KHTML, like Gecko) Chrome/53.0.2785.143 Safari/537.36"
141.2.8.212 - fsinf [13/Oct/2016:19:15:39] "GET /queue HTTP/1.1" 200 5160 "http://141.2.8.167:8080/upload" "Mozilla/5.0 (Windows NT 6.1; WOW64; rv:49.0) Gecko/20100101 Firefox/49.0"
141.2.8.212 - fsinf [13/Oct/2016:19:15:43] "GET /queue HTTP/1.1" 200 5160 "http://141.2.8.167:8080/queue" "Mozilla/5.0 (Windows NT 6.1; WOW64; rv:49.0) Gecko/20100101 Firefox/49.0"
141.2.8.212 - fsinf [13/Oct/2016:19:16:44] "GET /queue HTTP/1.1" 200 5160 "http://141.2.8.167:8080/queue" "Mozilla/5.0 (Windows NT 6.1; WOW64; rv:49.0) Gecko/20100101 Firefox/49.0"
141.2.8.212 - fsinf [13/Oct/2016:19:16:46] "GET /queue HTTP/1.1" 200 5160 "http://141.2.8.167:8080/queue" "Mozilla/5.0 (Windows NT 6.1; WOW64; rv:49.0) Gecko/20100101 Firefox/49.0"
141.2.8.212 - fsinf [13/Oct/2016:19:16:48] "GET /artists HTTP/1.1" 200 11376 "http://141.2.8.167:8080/queue" "Mozilla/5.0 (Windows NT 6.1; WOW64; rv:49.0) Gecko/20100101 Firefox/49.0"
141.2.8.212 - fsinf [13/Oct/2016:19:16:55] "GET /tracks HTTP/1.1" 200 22174 "http://141.2.8.167:8080/artists" "Mozilla/5.0 (Windows NT 6.1; WOW64; rv:49.0) Gecko/20100101 Firefox/49.0"
141.2.8.212 - fsinf [13/Oct/2016:19:16:57] "GET /queue HTTP/1.1" 200 5160 "http://141.2.8.167:8080/tracks" "Mozilla/5.0 (Windows NT 6.1; WOW64; rv:49.0) Gecko/20100101 Firefox/49.0"
141.2.8.167 - fsinf [13/Oct/2016:19:17:53] "GET /queue HTTP/1.1" 500 1693 "http://141.2.8.167:8080/queue" "Mozilla/5.0 (X11; Linux x86_64) AppleWebKit/537.36 (KHTML, like Gecko) Chrome/53.0.2785.143 Safari/537.36"
141.2.8.167 - fsinf [13/Oct/2016:19:17:55] "GET /queue HTTP/1.1" 200 4243 "http://141.2.8.167:8080/artists" "Mozilla/5.0 (X11; Linux x86_64) AppleWebKit/537.36 (KHTML, like Gecko) Chrome/53.0.2785.143 Safari/537.36"
141.2.8.212 - fsinf [13/Oct/2016:19:18:48] "GET /queue HTTP/1.1" 200 4243 "http://141.2.8.167:8080/queue" "Mozilla/5.0 (Windows NT 6.1; WOW64; rv:49.0) Gecko/20100101 Firefox/49.0"
141.2.8.212 - fsinf [13/Oct/2016:19:18:50] "GET /queue HTTP/1.1" 200 4243 "http://141.2.8.167:8080/queue" "Mozilla/5.0 (Windows NT 6.1; WOW64; rv:49.0) Gecko/20100101 Firefox/49.0"
141.2.8.212 - fsinf [13/Oct/2016:19:18:53] "GET /add HTTP/1.1" 200 3987 "http://141.2.8.167:8080/queue" "Mozilla/5.0 (Windows NT 6.1; WOW64; rv:49.0) Gecko/20100101 Firefox/49.0"
141.2.8.212 - fsinf [13/Oct/2016:19:18:55] "GET /addByType?trackType=FileTrack HTTP/1.1" 200 5331 "http://141.2.8.167:8080/add" "Mozilla/5.0 (Windows NT 6.1; WOW64; rv:49.0) Gecko/20100101 Firefox/49.0"
141.2.8.212 - fsinf [13/Oct/2016:19:19:24] "POST /upload HTTP/1.1" 200 3987 "http://141.2.8.167:8080/addByType?trackType=FileTrack" "Mozilla/5.0 (Windows NT 6.1; WOW64; rv:49.0) Gecko/20100101 Firefox/49.0"
141.2.8.212 - fsinf [13/Oct/2016:19:19:26] "GET /queue HTTP/1.1" 200 4243 "http://141.2.8.167:8080/upload" "Mozilla/5.0 (Windows NT 6.1; WOW64; rv:49.0) Gecko/20100101 Firefox/49.0"
141.2.8.212 - fsinf [13/Oct/2016:19:19:27] "GET /queue HTTP/1.1" 200 4243 "http://141.2.8.167:8080/queue" "Mozilla/5.0 (Windows NT 6.1; WOW64; rv:49.0) Gecko/20100101 Firefox/49.0"
141.2.8.167 - fsinf [13/Oct/2016:19:20:45] "GET /queue HTTP/1.1" 200 4243 "http://141.2.8.167:8080/queue" "Mozilla/5.0 (X11; Linux x86_64) AppleWebKit/537.36 (KHTML, like Gecko) Chrome/53.0.2785.143 Safari/537.36"
141.2.8.167 - fsinf [13/Oct/2016:19:20:46] "GET /queue HTTP/1.1" 200 4243 "http://141.2.8.167:8080/queue" "Mozilla/5.0 (X11; Linux x86_64) AppleWebKit/537.36 (KHTML, like Gecko) Chrome/53.0.2785.143 Safari/537.36"
141.2.8.167 - fsinf [13/Oct/2016:19:20:47] "GET /artists HTTP/1.1" 200 11378 "http://141.2.8.167:8080/queue" "Mozilla/5.0 (X11; Linux x86_64) AppleWebKit/537.36 (KHTML, like Gecko) Chrome/53.0.2785.143 Safari/537.36"
141.2.8.167 - fsinf [13/Oct/2016:19:21:18] "GET /add HTTP/1.1" 200 3987 "http://141.2.8.167:8080/artists" "Mozilla/5.0 (X11; Linux x86_64) AppleWebKit/537.36 (KHTML, like Gecko) Chrome/53.0.2785.143 Safari/537.36"
141.2.8.167 - fsinf [13/Oct/2016:19:21:20] "GET /addByType?trackType=YoutubeTrack HTTP/1.1" 200 5336 "http://141.2.8.167:8080/add" "Mozilla/5.0 (X11; Linux x86_64) AppleWebKit/537.36 (KHTML, like Gecko) Chrome/53.0.2785.143 Safari/537.36"
141.2.8.167 - fsinf [13/Oct/2016:19:21:53] "POST /upload HTTP/1.1" 200 3987 "http://141.2.8.167:8080/addByType?trackType=YoutubeTrack" "Mozilla/5.0 (X11; Linux x86_64) AppleWebKit/537.36 (KHTML, like Gecko) Chrome/53.0.2785.143 Safari/537.36"
141.2.8.167 - fsinf [13/Oct/2016:19:21:55] "GET /artists HTTP/1.1" 200 11929 "http://141.2.8.167:8080/upload" "Mozilla/5.0 (X11; Linux x86_64) AppleWebKit/537.36 (KHTML, like Gecko) Chrome/53.0.2785.143 Safari/537.36"
141.2.8.167 - fsinf [13/Oct/2016:19:21:58] "GET /artist?artist=Davie+504 HTTP/1.1" 200 5443 "http://141.2.8.167:8080/artists" "Mozilla/5.0 (X11; Linux x86_64) AppleWebKit/537.36 (KHTML, like Gecko) Chrome/53.0.2785.143 Safari/537.36"
141.2.8.167 - fsinf [13/Oct/2016:19:22:00] "GET /addToQueue?artist=Davie+504&album=Bogo&track=PPAP+Meets+Bass HTTP/1.1" 200 5443 "http://141.2.8.167:8080/artist?artist=Davie+504" "Mozilla/5.0 (X11; Linux x86_64) AppleWebKit/537.36 (KHTML, like Gecko) Chrome/53.0.2785.143 Safari/537.36"
141.2.8.167 - fsinf [13/Oct/2016:19:22:01] "GET /queue HTTP/1.1" 200 5176 "http://141.2.8.167:8080/addToQueue?artist=Davie+504&album=Bogo&track=PPAP+Meets+Bass" "Mozilla/5.0 (X11; Linux x86_64) AppleWebKit/537.36 (KHTML, like Gecko) Chrome/53.0.2785.143 Safari/537.36"
141.2.8.167 - fsinf [13/Oct/2016:19:22:52] "GET /queue HTTP/1.1" 200 4187 "http://141.2.8.167:8080/albums" "Mozilla/5.0 (X11; Linux x86_64) AppleWebKit/537.36 (KHTML, like Gecko) Chrome/53.0.2785.143 Safari/537.36"
141.2.8.167 - fsinf [13/Oct/2016:19:23:08] "GET /add HTTP/1.1" 200 3994 "http://141.2.8.167:8080/queue" "Mozilla/5.0 (X11; Linux x86_64) AppleWebKit/537.36 (KHTML, like Gecko) Chrome/53.0.2785.143 Safari/537.36"
141.2.8.167 - fsinf [13/Oct/2016:19:23:10] "GET /addByType?trackType=YoutubeTrack HTTP/1.1" 200 5343 "http://141.2.8.167:8080/add" "Mozilla/5.0 (X11; Linux x86_64) AppleWebKit/537.36 (KHTML, like Gecko) Chrome/53.0.2785.143 Safari/537.36"
141.2.8.167 - fsinf [13/Oct/2016:19:23:41] "POST /upload HTTP/1.1" 200 3994 "http://141.2.8.167:8080/addByType?trackType=YoutubeTrack" "Mozilla/5.0 (X11; Linux x86_64) AppleWebKit/537.36 (KHTML, like Gecko) Chrome/53.0.2785.143 Safari/537.36"
141.2.8.167 - fsinf [13/Oct/2016:19:23:43] "GET /artists HTTP/1.1" 200 12539 "http://141.2.8.167:8080/upload" "Mozilla/5.0 (X11; Linux x86_64) AppleWebKit/537.36 (KHTML, like Gecko) Chrome/53.0.2785.143 Safari/537.36"
141.2.8.167 - fsinf [13/Oct/2016:19:23:45] "GET /artist?artist=The+Monolith+Deathcult HTTP/1.1" 200 5626 "http://141.2.8.167:8080/artists" "Mozilla/5.0 (X11; Linux x86_64) AppleWebKit/537.36 (KHTML, like Gecko) Chrome/53.0.2785.143 Safari/537.36"
141.2.8.167 - fsinf [13/Oct/2016:19:23:46] "GET /addToQueue?artist=The+Monolith+Deathcult&album=Tetragrammaton&track=Human+Wave+Attack HTTP/1.1" 200 5626 "http://141.2.8.167:8080/artist?artist=The+Monolith+Deathcult" "Mozilla/5.0 (X11; Linux x86_64) AppleWebKit/537.36 (KHTML, like Gecko) Chrome/53.0.2785.143 Safari/537.36"
141.2.8.167 - fsinf [13/Oct/2016:19:23:48] "GET /queue HTTP/1.1" 200 5206 "http://141.2.8.167:8080/addToQueue?artist=The+Monolith+Deathcult&album=Tetragrammaton&track=Human+Wave+Attack" "Mozilla/5.0 (X11; Linux x86_64) AppleWebKit/537.36 (KHTML, like Gecko) Chrome/53.0.2785.143 Safari/537.36"
141.2.8.231 - fsinf [13/Oct/2016:19:24:01] "GET /queue HTTP/1.1" 200 5206 "http://141.2.8.167:8080/addToQueue?artist=In+Flames&album=Soundtrack+To+Your+Escape&track=Dial+595-Escape" "Mozilla/5.0 (Windows NT 6.1; rv:49.0) Gecko/20100101 Firefox/49.0"
141.2.8.231 - fsinf [13/Oct/2016:19:24:01] "GET /css/bootstrap.min.css HTTP/1.1" 304 - "http://141.2.8.167:8080/queue" "Mozilla/5.0 (Windows NT 6.1; rv:49.0) Gecko/20100101 Firefox/49.0"
141.2.8.231 - fsinf [13/Oct/2016:19:25:18] "GET /albums HTTP/1.1" 200 18051 "http://141.2.8.167:8080/queue" "Mozilla/5.0 (Windows NT 6.1; rv:49.0) Gecko/20100101 Firefox/49.0"
141.2.8.167 - fsinf [13/Oct/2016:19:25:21] "GET /queue HTTP/1.1" 200 5206 "http://141.2.8.167:8080/queue" "Mozilla/5.0 (X11; Linux x86_64) AppleWebKit/537.36 (KHTML, like Gecko) Chrome/53.0.2785.143 Safari/537.36"
141.2.8.167 - fsinf [13/Oct/2016:19:26:38] "GET /queue HTTP/1.1" 200 4273 "http://141.2.8.167:8080/queue" "Mozilla/5.0 (X11; Linux x86_64) AppleWebKit/537.36 (KHTML, like Gecko) Chrome/53.0.2785.143 Safari/537.36"
141.2.8.231 - fsinf [13/Oct/2016:19:27:23] "GET /add HTTP/1.1" 200 3994 "http://141.2.8.167:8080/albums" "Mozilla/5.0 (Windows NT 6.1; rv:49.0) Gecko/20100101 Firefox/49.0"
141.2.8.231 - fsinf [13/Oct/2016:19:27:28] "GET /addByType?trackType=FileTrack HTTP/1.1" 500 1697 "http://141.2.8.167:8080/add" "Mozilla/5.0 (Windows NT 6.1; rv:49.0) Gecko/20100101 Firefox/49.0"
141.2.8.231 - fsinf [13/Oct/2016:19:27:33] "GET /addByType?trackType=FileTrack HTTP/1.1" 200 5338 "http://141.2.8.167:8080/add" "Mozilla/5.0 (Windows NT 6.1; rv:49.0) Gecko/20100101 Firefox/49.0"
141.2.8.167 - fsinf [13/Oct/2016:19:27:39] "GET /stopPlaying HTTP/1.1" 200 5206 "http://141.2.8.167:8080/queue" "Mozilla/5.0 (X11; Linux x86_64) AppleWebKit/537.36 (KHTML, like Gecko) Chrome/53.0.2785.143 Safari/537.36"
141.2.8.167 - - [13/Oct/2016:19:27:40] "GET /removeFromQueue?artist=Davie+504&album=Bogo&track=PPAP+Meets+Bass HTTP/1.1" 401 1471 "http://141.2.8.167:8080/stopPlaying" "Mozilla/5.0 (X11; Linux x86_64) AppleWebKit/537.36 (KHTML, like Gecko) Chrome/53.0.2785.143 Safari/537.36"
141.2.8.167 - fsadmin [13/Oct/2016:19:27:44] "GET /removeFromQueue?artist=Davie+504&album=Bogo&track=PPAP+Meets+Bass HTTP/1.1" 200 4273 "http://141.2.8.167:8080/stopPlaying" "Mozilla/5.0 (X11; Linux x86_64) AppleWebKit/537.36 (KHTML, like Gecko) Chrome/53.0.2785.143 Safari/537.36"
141.2.8.167 - - [13/Oct/2016:19:27:47] "GET /startPlaying HTTP/1.1" 401 1471 "http://141.2.8.167:8080/removeFromQueue?artist=Davie+504&album=Bogo&track=PPAP+Meets+Bass" "Mozilla/5.0 (X11; Linux x86_64) AppleWebKit/537.36 (KHTML, like Gecko) Chrome/53.0.2785.143 Safari/537.36"
141.2.8.167 - fsinf [13/Oct/2016:19:27:47] "GET /startPlaying HTTP/1.1" 200 3269 "http://141.2.8.167:8080/removeFromQueue?artist=Davie+504&album=Bogo&track=PPAP+Meets+Bass" "Mozilla/5.0 (X11; Linux x86_64) AppleWebKit/537.36 (KHTML, like Gecko) Chrome/53.0.2785.143 Safari/537.36"
141.2.8.167 - - [13/Oct/2016:19:27:55] "GET /queue HTTP/1.1" 401 1471 "http://141.2.8.167:8080/startPlaying" "Mozilla/5.0 (X11; Linux x86_64) AppleWebKit/537.36 (KHTML, like Gecko) Chrome/53.0.2785.143 Safari/537.36"
141.2.8.167 - fsinf [13/Oct/2016:19:27:55] "GET /queue HTTP/1.1" 200 3269 "http://141.2.8.167:8080/startPlaying" "Mozilla/5.0 (X11; Linux x86_64) AppleWebKit/537.36 (KHTML, like Gecko) Chrome/53.0.2785.143 Safari/537.36"
141.2.8.231 - fsinf [13/Oct/2016:19:28:01] "POST /upload HTTP/1.1" 200 4009 "http://141.2.8.167:8080/addByType?trackType=FileTrack" "Mozilla/5.0 (Windows NT 6.1; rv:49.0) Gecko/20100101 Firefox/49.0"
141.2.8.231 - fsinf [13/Oct/2016:19:28:09] "GET /albums HTTP/1.1" 200 18066 "http://141.2.8.167:8080/upload" "Mozilla/5.0 (Windows NT 6.1; rv:49.0) Gecko/20100101 Firefox/49.0"
141.2.8.231 - fsinf [13/Oct/2016:19:28:14] "GET /artist?artist=In+Flames HTTP/1.1" 200 5654 "http://141.2.8.167:8080/albums" "Mozilla/5.0 (Windows NT 6.1; rv:49.0) Gecko/20100101 Firefox/49.0"
141.2.8.231 - fsinf [13/Oct/2016:19:28:17] "GET /addToQueue?artist=In+Flames&album=Soundtrack+To+Your+Escape&track=The+Quiet+Place HTTP/1.1" 200 5654 "http://141.2.8.167:8080/artist?artist=In+Flames" "Mozilla/5.0 (Windows NT 6.1; rv:49.0) Gecko/20100101 Firefox/49.0"
141.2.8.231 - fsinf [13/Oct/2016:19:28:19] "GET /queue HTTP/1.1" 200 4265 "http://141.2.8.167:8080/addToQueue?artist=In+Flames&album=Soundtrack+To+Your+Escape&track=The+Quiet+Place" "Mozilla/5.0 (Windows NT 6.1; rv:49.0) Gecko/20100101 Firefox/49.0"
141.2.8.231 - fsinf [13/Oct/2016:19:28:27] "GET /artists HTTP/1.1" 200 12554 "http://141.2.8.167:8080/queue" "Mozilla/5.0 (Windows NT 6.1; rv:49.0) Gecko/20100101 Firefox/49.0"
141.2.8.231 - fsinf [13/Oct/2016:19:28:30] "GET /artist?artist=Sylosis HTTP/1.1" 200 6675 "http://141.2.8.167:8080/artists" "Mozilla/5.0 (Windows NT 6.1; rv:49.0) Gecko/20100101 Firefox/49.0"
141.2.8.167 - - [13/Oct/2016:19:28:32] "GET /artists HTTP/1.1" 401 1471 "http://141.2.8.167:8080/queue" "Mozilla/5.0 (X11; Linux x86_64) AppleWebKit/537.36 (KHTML, like Gecko) Chrome/53.0.2785.143 Safari/537.36"
141.2.8.167 - fsinf [13/Oct/2016:19:28:32] "GET /artists HTTP/1.1" 200 12554 "http://141.2.8.167:8080/queue" "Mozilla/5.0 (X11; Linux x86_64) AppleWebKit/537.36 (KHTML, like Gecko) Chrome/53.0.2785.143 Safari/537.36"
141.2.8.167 - - [13/Oct/2016:19:28:33] "GET /queue HTTP/1.1" 401 1471 "http://141.2.8.167:8080/artists" "Mozilla/5.0 (X11; Linux x86_64) AppleWebKit/537.36 (KHTML, like Gecko) Chrome/53.0.2785.143 Safari/537.36"
141.2.8.167 - fsinf [13/Oct/2016:19:28:33] "GET /queue HTTP/1.1" 200 4265 "http://141.2.8.167:8080/artists" "Mozilla/5.0 (X11; Linux x86_64) AppleWebKit/537.36 (KHTML, like Gecko) Chrome/53.0.2785.143 Safari/537.36"
141.2.8.231 - fsinf [13/Oct/2016:19:28:34] "GET /artist?artist=In+Flames HTTP/1.1" 200 5654 "http://141.2.8.167:8080/artists" "Mozilla/5.0 (Windows NT 6.1; rv:49.0) Gecko/20100101 Firefox/49.0"
141.2.8.231 - fsinf [13/Oct/2016:19:29:01] "GET /add HTTP/1.1" 200 4009 "http://141.2.8.167:8080/artist?artist=In+Flames" "Mozilla/5.0 (Windows NT 6.1; rv:49.0) Gecko/20100101 Firefox/49.0"
141.2.8.231 - fsinf [13/Oct/2016:19:29:07] "GET /addByType?trackType=FileTrack HTTP/1.1" 200 5353 "http://141.2.8.167:8080/add" "Mozilla/5.0 (Windows NT 6.1; rv:49.0) Gecko/20100101 Firefox/49.0"
141.2.8.167 - - [13/Oct/2016:19:29:19] "GET /add HTTP/1.1" 401 1471 "http://141.2.8.167:8080/queue" "Mozilla/5.0 (X11; Linux x86_64) AppleWebKit/537.36 (KHTML, like Gecko) Chrome/53.0.2785.143 Safari/537.36"
141.2.8.167 - fsinf [13/Oct/2016:19:29:19] "GET /add HTTP/1.1" 200 4009 "http://141.2.8.167:8080/queue" "Mozilla/5.0 (X11; Linux x86_64) AppleWebKit/537.36 (KHTML, like Gecko) Chrome/53.0.2785.143 Safari/537.36"
141.2.8.167 - - [13/Oct/2016:19:29:21] "GET /add HTTP/1.1" 401 1471 "http://141.2.8.167:8080/add" "Mozilla/5.0 (X11; Linux x86_64) AppleWebKit/537.36 (KHTML, like Gecko) Chrome/53.0.2785.143 Safari/537.36"
141.2.8.167 - fsinf [13/Oct/2016:19:29:21] "GET /add HTTP/1.1" 200 4009 "http://141.2.8.167:8080/add" "Mozilla/5.0 (X11; Linux x86_64) AppleWebKit/537.36 (KHTML, like Gecko) Chrome/53.0.2785.143 Safari/537.36"
141.2.8.167 - - [13/Oct/2016:19:29:23] "GET /addByType?trackType=FileTrack HTTP/1.1" 401 1471 "http://141.2.8.167:8080/add" "Mozilla/5.0 (X11; Linux x86_64) AppleWebKit/537.36 (KHTML, like Gecko) Chrome/53.0.2785.143 Safari/537.36"
141.2.8.167 - fsinf [13/Oct/2016:19:29:23] "GET /addByType?trackType=FileTrack HTTP/1.1" 200 5353 "http://141.2.8.167:8080/add" "Mozilla/5.0 (X11; Linux x86_64) AppleWebKit/537.36 (KHTML, like Gecko) Chrome/53.0.2785.143 Safari/537.36"
141.2.8.231 - fsinf [13/Oct/2016:19:29:36] "POST /upload HTTP/1.1" 200 4009 "http://141.2.8.167:8080/addByType?trackType=FileTrack" "Mozilla/5.0 (Windows NT 6.1; rv:49.0) Gecko/20100101 Firefox/49.0"
141.2.8.231 - fsinf [13/Oct/2016:19:29:37] "GET /artists HTTP/1.1" 200 12554 "http://141.2.8.167:8080/upload" "Mozilla/5.0 (Windows NT 6.1; rv:49.0) Gecko/20100101 Firefox/49.0"
141.2.8.231 - fsinf [13/Oct/2016:19:29:40] "GET /artist?artist=Parkway+Drive HTTP/1.1" 200 5518 "http://141.2.8.167:8080/artists" "Mozilla/5.0 (Windows NT 6.1; rv:49.0) Gecko/20100101 Firefox/49.0"
141.2.8.231 - fsinf [13/Oct/2016:19:29:41] "GET /addToQueue?artist=Parkway+Drive&album=Deep+Blue&track=Leviathan+1 HTTP/1.1" 200 5518 "http://141.2.8.167:8080/artist?artist=Parkway+Drive" "Mozilla/5.0 (Windows NT 6.1; rv:49.0) Gecko/20100101 Firefox/49.0"
141.2.8.167 - - [13/Oct/2016:19:31:13] "POST /upload HTTP/1.1" 401 1471 "http://141.2.8.167:8080/addByType?trackType=FileTrack" "Mozilla/5.0 (X11; Linux x86_64) AppleWebKit/537.36 (KHTML, like Gecko) Chrome/53.0.2785.143 Safari/537.36"
141.2.8.167 - fsinf [13/Oct/2016:19:31:14] "POST /upload HTTP/1.1" 200 4009 "http://141.2.8.167:8080/addByType?trackType=FileTrack" "Mozilla/5.0 (X11; Linux x86_64) AppleWebKit/537.36 (KHTML, like Gecko) Chrome/53.0.2785.143 Safari/537.36"
141.2.8.167 - - [13/Oct/2016:19:31:17] "GET /albums HTTP/1.1" 401 1471 "http://141.2.8.167:8080/upload" "Mozilla/5.0 (X11; Linux x86_64) AppleWebKit/537.36 (KHTML, like Gecko) Chrome/53.0.2785.143 Safari/537.36"
141.2.8.167 - fsinf [13/Oct/2016:19:31:17] "GET /albums HTTP/1.1" 200 18956 "http://141.2.8.167:8080/upload" "Mozilla/5.0 (X11; Linux x86_64) AppleWebKit/537.36 (KHTML, like Gecko) Chrome/53.0.2785.143 Safari/537.36"
141.2.8.167 - - [13/Oct/2016:19:31:21] "GET /artist?artist=Amon+Amarth HTTP/1.1" 401 1471 "http://141.2.8.167:8080/albums" "Mozilla/5.0 (X11; Linux x86_64) AppleWebKit/537.36 (KHTML, like Gecko) Chrome/53.0.2785.143 Safari/537.36"
141.2.8.167 - fsinf [13/Oct/2016:19:31:21] "GET /artist?artist=Amon+Amarth HTTP/1.1" 200 5558 "http://141.2.8.167:8080/albums" "Mozilla/5.0 (X11; Linux x86_64) AppleWebKit/537.36 (KHTML, like Gecko) Chrome/53.0.2785.143 Safari/537.36"
141.2.8.167 - - [13/Oct/2016:19:31:23] "GET /addToQueue?artist=Amon+Amarth&album=Surtur+Rising&track=War+of+the+Gods HTTP/1.1" 401 1471 "http://141.2.8.167:8080/artist?artist=Amon+Amarth" "Mozilla/5.0 (X11; Linux x86_64) AppleWebKit/537.36 (KHTML, like Gecko) Chrome/53.0.2785.143 Safari/537.36"
141.2.8.167 - fsinf [13/Oct/2016:19:31:23] "GET /addToQueue?artist=Amon+Amarth&album=Surtur+Rising&track=War+of+the+Gods HTTP/1.1" 200 5558 "http://141.2.8.167:8080/artist?artist=Amon+Amarth" "Mozilla/5.0 (X11; Linux x86_64) AppleWebKit/537.36 (KHTML, like Gecko) Chrome/53.0.2785.143 Safari/537.36"
141.2.8.167 - - [13/Oct/2016:19:31:24] "GET /queue HTTP/1.1" 401 1471 "http://141.2.8.167:8080/addToQueue?artist=Amon+Amarth&album=Surtur+Rising&track=War+of+the+Gods" "Mozilla/5.0 (X11; Linux x86_64) AppleWebKit/537.36 (KHTML, like Gecko) Chrome/53.0.2785.143 Safari/537.36"
141.2.8.167 - fsinf [13/Oct/2016:19:31:24] "GET /queue HTTP/1.1" 200 6189 "http://141.2.8.167:8080/addToQueue?artist=Amon+Amarth&album=Surtur+Rising&track=War+of+the+Gods" "Mozilla/5.0 (X11; Linux x86_64) AppleWebKit/537.36 (KHTML, like Gecko) Chrome/53.0.2785.143 Safari/537.36"
141.2.8.167 - - [13/Oct/2016:19:39:02] "GET /queue HTTP/1.1" 401 1471 "http://141.2.8.167:8080/queue" "Mozilla/5.0 (X11; Linux x86_64) AppleWebKit/537.36 (KHTML, like Gecko) Chrome/53.0.2785.143 Safari/537.36"
141.2.8.167 - fsinf [13/Oct/2016:19:39:02] "GET /queue HTTP/1.1" 500 1693 "http://141.2.8.167:8080/queue" "Mozilla/5.0 (X11; Linux x86_64) AppleWebKit/537.36 (KHTML, like Gecko) Chrome/53.0.2785.143 Safari/537.36"
141.2.8.167 - - [13/Oct/2016:19:39:04] "GET /queue HTTP/1.1" 401 1471 "http://141.2.8.167:8080/queue" "Mozilla/5.0 (X11; Linux x86_64) AppleWebKit/537.36 (KHTML, like Gecko) Chrome/53.0.2785.143 Safari/537.36"
141.2.8.167 - fsinf [13/Oct/2016:19:39:04] "GET /queue HTTP/1.1" 200 5178 "http://141.2.8.167:8080/queue" "Mozilla/5.0 (X11; Linux x86_64) AppleWebKit/537.36 (KHTML, like Gecko) Chrome/53.0.2785.143 Safari/537.36"
141.2.8.167 - - [13/Oct/2016:19:39:04] "GET /css/bootstrap.min.css HTTP/1.1" 401 1471 "http://141.2.8.167:8080/queue" "Mozilla/5.0 (X11; Linux x86_64) AppleWebKit/537.36 (KHTML, like Gecko) Chrome/53.0.2785.143 Safari/537.36"
141.2.8.167 - fsinf [13/Oct/2016:19:39:04] "GET /css/bootstrap.min.css HTTP/1.1" 304 - "http://141.2.8.167:8080/queue" "Mozilla/5.0 (X11; Linux x86_64) AppleWebKit/537.36 (KHTML, like Gecko) Chrome/53.0.2785.143 Safari/537.36"
141.2.8.167 - - [13/Oct/2016:19:39:04] "GET /fonts/glyphicons-halflings-regular.woff2 HTTP/1.1" 401 1471 "http://141.2.8.167:8080/css/bootstrap.min.css" "Mozilla/5.0 (X11; Linux x86_64) AppleWebKit/537.36 (KHTML, like Gecko) Chrome/53.0.2785.143 Safari/537.36"
141.2.8.167 - fsinf [13/Oct/2016:19:39:04] "GET /fonts/glyphicons-halflings-regular.woff2 HTTP/1.1" 304 - "http://141.2.8.167:8080/css/bootstrap.min.css" "Mozilla/5.0 (X11; Linux x86_64) AppleWebKit/537.36 (KHTML, like Gecko) Chrome/53.0.2785.143 Safari/537.36"
141.2.8.167 - - [13/Oct/2016:19:39:04] "GET /queue HTTP/1.1" 401 1471 "http://141.2.8.167:8080/queue" "Mozilla/5.0 (X11; Linux x86_64) AppleWebKit/537.36 (KHTML, like Gecko) Chrome/53.0.2785.143 Safari/537.36"
141.2.8.167 - fsinf [13/Oct/2016:19:39:04] "GET /queue HTTP/1.1" 200 5178 "http://141.2.8.167:8080/queue" "Mozilla/5.0 (X11; Linux x86_64) AppleWebKit/537.36 (KHTML, like Gecko) Chrome/53.0.2785.143 Safari/537.36"
141.2.8.231 - fsinf [13/Oct/2016:19:39:15] "GET /artists HTTP/1.1" 200 13098 "" "Mozilla/5.0 (Windows NT 6.1; rv:49.0) Gecko/20100101 Firefox/49.0"
141.2.8.231 - fsinf [13/Oct/2016:19:39:30] "GET /queue HTTP/1.1" 200 5178 "http://141.2.8.167:8080/artists" "Mozilla/5.0 (Windows NT 6.1; rv:49.0) Gecko/20100101 Firefox/49.0"
141.2.8.231 - fsinf [13/Oct/2016:19:39:38] "GET /artists HTTP/1.1" 200 13098 "http://141.2.8.167:8080/queue" "Mozilla/5.0 (Windows NT 6.1; rv:49.0) Gecko/20100101 Firefox/49.0"
141.2.8.231 - fsinf [13/Oct/2016:19:39:42] "GET /artist?artist=In+Flames HTTP/1.1" 200 5639 "http://141.2.8.167:8080/artists" "Mozilla/5.0 (Windows NT 6.1; rv:49.0) Gecko/20100101 Firefox/49.0"
141.2.8.167 - - [13/Oct/2016:19:39:53] "GET /artists HTTP/1.1" 401 1471 "http://141.2.8.167:8080/queue" "Mozilla/5.0 (X11; Linux x86_64) AppleWebKit/537.36 (KHTML, like Gecko) Chrome/53.0.2785.143 Safari/537.36"
141.2.8.167 - fsinf [13/Oct/2016:19:39:53] "GET /artists HTTP/1.1" 200 13098 "http://141.2.8.167:8080/queue" "Mozilla/5.0 (X11; Linux x86_64) AppleWebKit/537.36 (KHTML, like Gecko) Chrome/53.0.2785.143 Safari/537.36"
141.2.8.167 - - [13/Oct/2016:19:39:57] "GET /artist?artist=In+Flames HTTP/1.1" 401 1471 "http://141.2.8.167:8080/artists" "Mozilla/5.0 (X11; Linux x86_64) AppleWebKit/537.36 (KHTML, like Gecko) Chrome/53.0.2785.143 Safari/537.36"
141.2.8.167 - fsinf [13/Oct/2016:19:39:57] "GET /artist?artist=In+Flames HTTP/1.1" 200 5639 "http://141.2.8.167:8080/artists" "Mozilla/5.0 (X11; Linux x86_64) AppleWebKit/537.36 (KHTML, like Gecko) Chrome/53.0.2785.143 Safari/537.36"
141.2.8.167 - - [13/Oct/2016:19:40:00] "GET /album?artist=In+Flames&album=Soundtrack+To+Your+Escape HTTP/1.1" 401 1471 "http://141.2.8.167:8080/artist?artist=In+Flames" "Mozilla/5.0 (X11; Linux x86_64) AppleWebKit/537.36 (KHTML, like Gecko) Chrome/53.0.2785.143 Safari/537.36"
141.2.8.167 - fsinf [13/Oct/2016:19:40:00] "GET /album?artist=In+Flames&album=Soundtrack+To+Your+Escape HTTP/1.1" 200 3930 "http://141.2.8.167:8080/artist?artist=In+Flames" "Mozilla/5.0 (X11; Linux x86_64) AppleWebKit/537.36 (KHTML, like Gecko) Chrome/53.0.2785.143 Safari/537.36"
141.2.8.167 - - [13/Oct/2016:19:40:08] "GET /queue HTTP/1.1" 401 1471 "http://141.2.8.167:8080/album?artist=In+Flames&album=Soundtrack+To+Your+Escape" "Mozilla/5.0 (X11; Linux x86_64) AppleWebKit/537.36 (KHTML, like Gecko) Chrome/53.0.2785.143 Safari/537.36"
141.2.8.167 - fsinf [13/Oct/2016:19:40:08] "GET /queue HTTP/1.1" 200 5178 "http://141.2.8.167:8080/album?artist=In+Flames&album=Soundtrack+To+Your+Escape" "Mozilla/5.0 (X11; Linux x86_64) AppleWebKit/537.36 (KHTML, like Gecko) Chrome/53.0.2785.143 Safari/537.36"
141.2.8.167 - - [13/Oct/2016:19:40:11] "GET /queue HTTP/1.1" 401 1471 "http://141.2.8.167:8080/queue" "Mozilla/5.0 (X11; Linux x86_64) AppleWebKit/537.36 (KHTML, like Gecko) Chrome/53.0.2785.143 Safari/537.36"
141.2.8.167 - fsinf [13/Oct/2016:19:40:11] "GET /queue HTTP/1.1" 200 5178 "http://141.2.8.167:8080/queue" "Mozilla/5.0 (X11; Linux x86_64) AppleWebKit/537.36 (KHTML, like Gecko) Chrome/53.0.2785.143 Safari/537.36"
141.2.8.167 - - [13/Oct/2016:19:41:20] "GET /albums HTTP/1.1" 401 1471 "http://141.2.8.167:8080/queue" "Mozilla/5.0 (X11; Linux x86_64) AppleWebKit/537.36 (KHTML, like Gecko) Chrome/53.0.2785.143 Safari/537.36"
141.2.8.167 - fsinf [13/Oct/2016:19:41:20] "GET /albums HTTP/1.1" 200 18941 "http://141.2.8.167:8080/queue" "Mozilla/5.0 (X11; Linux x86_64) AppleWebKit/537.36 (KHTML, like Gecko) Chrome/53.0.2785.143 Safari/537.36"
141.2.8.167 - - [13/Oct/2016:19:46:42] "GET /queue HTTP/1.1" 401 1471 "http://141.2.8.167:8080/albums" "Mozilla/5.0 (X11; Linux x86_64) AppleWebKit/537.36 (KHTML, like Gecko) Chrome/53.0.2785.143 Safari/537.36"
141.2.8.167 - fsinf [13/Oct/2016:19:46:42] "GET /queue HTTP/1.1" 200 3256 "http://141.2.8.167:8080/albums" "Mozilla/5.0 (X11; Linux x86_64) AppleWebKit/537.36 (KHTML, like Gecko) Chrome/53.0.2785.143 Safari/537.36"
141.2.8.167 - - [13/Oct/2016:19:46:43] "GET /queue HTTP/1.1" 401 1471 "http://141.2.8.167:8080/queue" "Mozilla/5.0 (X11; Linux x86_64) AppleWebKit/537.36 (KHTML, like Gecko) Chrome/53.0.2785.143 Safari/537.36"
141.2.8.167 - fsinf [13/Oct/2016:19:46:43] "GET /queue HTTP/1.1" 200 3256 "http://141.2.8.167:8080/queue" "Mozilla/5.0 (X11; Linux x86_64) AppleWebKit/537.36 (KHTML, like Gecko) Chrome/53.0.2785.143 Safari/537.36"
141.2.8.167 - - [13/Oct/2016:19:46:45] "GET /artists HTTP/1.1" 401 1471 "http://141.2.8.167:8080/queue" "Mozilla/5.0 (X11; Linux x86_64) AppleWebKit/537.36 (KHTML, like Gecko) Chrome/53.0.2785.143 Safari/537.36"
141.2.8.167 - fsinf [13/Oct/2016:19:46:45] "GET /artists HTTP/1.1" 200 13100 "http://141.2.8.167:8080/queue" "Mozilla/5.0 (X11; Linux x86_64) AppleWebKit/537.36 (KHTML, like Gecko) Chrome/53.0.2785.143 Safari/537.36"
141.2.8.167 - - [13/Oct/2016:19:47:01] "GET /add HTTP/1.1" 401 1471 "http://141.2.8.167:8080/artists" "Mozilla/5.0 (X11; Linux x86_64) AppleWebKit/537.36 (KHTML, like Gecko) Chrome/53.0.2785.143 Safari/537.36"
141.2.8.167 - fsinf [13/Oct/2016:19:47:01] "GET /add HTTP/1.1" 200 3996 "http://141.2.8.167:8080/artists" "Mozilla/5.0 (X11; Linux x86_64) AppleWebKit/537.36 (KHTML, like Gecko) Chrome/53.0.2785.143 Safari/537.36"
141.2.8.167 - - [13/Oct/2016:19:47:03] "GET /addByType?trackType=FileTrack HTTP/1.1" 401 1471 "http://141.2.8.167:8080/add" "Mozilla/5.0 (X11; Linux x86_64) AppleWebKit/537.36 (KHTML, like Gecko) Chrome/53.0.2785.143 Safari/537.36"
141.2.8.167 - fsinf [13/Oct/2016:19:47:03] "GET /addByType?trackType=FileTrack HTTP/1.1" 200 5340 "http://141.2.8.167:8080/add" "Mozilla/5.0 (X11; Linux x86_64) AppleWebKit/537.36 (KHTML, like Gecko) Chrome/53.0.2785.143 Safari/537.36"
141.2.8.167 - - [13/Oct/2016:19:47:30] "POST /upload HTTP/1.1" 401 1471 "http://141.2.8.167:8080/addByType?trackType=FileTrack" "Mozilla/5.0 (X11; Linux x86_64) AppleWebKit/537.36 (KHTML, like Gecko) Chrome/53.0.2785.143 Safari/537.36"
141.2.8.167 - fsinf [13/Oct/2016:19:47:32] "POST /upload HTTP/1.1" 200 3996 "http://141.2.8.167:8080/addByType?trackType=FileTrack" "Mozilla/5.0 (X11; Linux x86_64) AppleWebKit/537.36 (KHTML, like Gecko) Chrome/53.0.2785.143 Safari/537.36"
141.2.8.167 - - [13/Oct/2016:19:47:34] "GET /artists HTTP/1.1" 401 1471 "http://141.2.8.167:8080/upload" "Mozilla/5.0 (X11; Linux x86_64) AppleWebKit/537.36 (KHTML, like Gecko) Chrome/53.0.2785.143 Safari/537.36"
141.2.8.167 - fsinf [13/Oct/2016:19:47:34] "GET /artists HTTP/1.1" 200 13100 "http://141.2.8.167:8080/upload" "Mozilla/5.0 (X11; Linux x86_64) AppleWebKit/537.36 (KHTML, like Gecko) Chrome/53.0.2785.143 Safari/537.36"
141.2.8.167 - - [13/Oct/2016:19:47:35] "GET /artist?artist=Amon+Amarth HTTP/1.1" 401 1471 "http://141.2.8.167:8080/artists" "Mozilla/5.0 (X11; Linux x86_64) AppleWebKit/537.36 (KHTML, like Gecko) Chrome/53.0.2785.143 Safari/537.36"
141.2.8.167 - fsinf [13/Oct/2016:19:47:35] "GET /artist?artist=Amon+Amarth HTTP/1.1" 200 5541 "http://141.2.8.167:8080/artists" "Mozilla/5.0 (X11; Linux x86_64) AppleWebKit/537.36 (KHTML, like Gecko) Chrome/53.0.2785.143 Safari/537.36"
141.2.8.149 - - [13/Oct/2016:19:47:46] "GET / HTTP/1.1" 401 1471 "" "Mozilla/5.0 (Windows NT 10.0; Win64; x64) AppleWebKit/537.36 (KHTML, like Gecko) Chrome/51.0.2704.79 Safari/537.36 Edge/14.14393"
141.2.8.167 - - [13/Oct/2016:19:47:53] "GET /addToQueue?artist=Amon+Amarth&album=Surtur+Rising&track=Slaves+Of+Fear HTTP/1.1" 401 1471 "http://141.2.8.167:8080/artist?artist=Amon+Amarth" "Mozilla/5.0 (X11; Linux x86_64) AppleWebKit/537.36 (KHTML, like Gecko) Chrome/53.0.2785.143 Safari/537.36"
141.2.8.167 - fsinf [13/Oct/2016:19:47:53] "GET /addToQueue?artist=Amon+Amarth&album=Surtur+Rising&track=Slaves+Of+Fear HTTP/1.1" 500 1698 "http://141.2.8.167:8080/artist?artist=Amon+Amarth" "Mozilla/5.0 (X11; Linux x86_64) AppleWebKit/537.36 (KHTML, like Gecko) Chrome/53.0.2785.143 Safari/537.36"
141.2.8.167 - - [13/Oct/2016:19:47:56] "GET /queue HTTP/1.1" 401 1471 "http://141.2.8.167:8080/artist?artist=Amon+Amarth" "Mozilla/5.0 (X11; Linux x86_64) AppleWebKit/537.36 (KHTML, like Gecko) Chrome/53.0.2785.143 Safari/537.36"
141.2.8.167 - fsinf [13/Oct/2016:19:47:56] "GET /queue HTTP/1.1" 200 3256 "http://141.2.8.167:8080/artist?artist=Amon+Amarth" "Mozilla/5.0 (X11; Linux x86_64) AppleWebKit/537.36 (KHTML, like Gecko) Chrome/53.0.2785.143 Safari/537.36"
141.2.8.149 - fsinf [13/Oct/2016:19:47:57] "GET / HTTP/1.1" 200 13100 "" "Mozilla/5.0 (Windows NT 10.0; Win64; x64) AppleWebKit/537.36 (KHTML, like Gecko) Chrome/51.0.2704.79 Safari/537.36 Edge/14.14393"
141.2.8.149 - fsinf [13/Oct/2016:19:47:57] "GET /css/bootstrap.min.css HTTP/1.1" 200 121200 "http://141.2.8.167:8080/" "Mozilla/5.0 (Windows NT 10.0; Win64; x64) AppleWebKit/537.36 (KHTML, like Gecko) Chrome/51.0.2704.79 Safari/537.36 Edge/14.14393"
141.2.8.149 - - [13/Oct/2016:19:47:57] "GET /favicon.ico HTTP/1.1" 401 1471 "" "Mozilla/5.0 (Windows NT 10.0; Win64; x64) AppleWebKit/537.36 (KHTML, like Gecko) Chrome/51.0.2704.79 Safari/537.36 Edge/14.14393"
141.2.8.149 - fsinf [13/Oct/2016:19:47:57] "GET /fonts/glyphicons-halflings-regular.woff2 HTTP/1.1" 200 18028 "http://141.2.8.167:8080/" "Mozilla/5.0 (Windows NT 10.0; Win64; x64) AppleWebKit/537.36 (KHTML, like Gecko) Chrome/51.0.2704.79 Safari/537.36 Edge/14.14393"
141.2.8.167 - - [13/Oct/2016:19:47:59] "GET /addToQueue?artist=Amon+Amarth&album=Surtur+Rising&track=Slaves+Of+Fear HTTP/1.1" 401 1471 "http://141.2.8.167:8080/artist?artist=Amon+Amarth" "Mozilla/5.0 (X11; Linux x86_64) AppleWebKit/537.36 (KHTML, like Gecko) Chrome/53.0.2785.143 Safari/537.36"
141.2.8.167 - fsinf [13/Oct/2016:19:47:59] "GET /addToQueue?artist=Amon+Amarth&album=Surtur+Rising&track=Slaves+Of+Fear HTTP/1.1" 200 4222 "http://141.2.8.167:8080/artist?artist=Amon+Amarth" "Mozilla/5.0 (X11; Linux x86_64) AppleWebKit/537.36 (KHTML, like Gecko) Chrome/53.0.2785.143 Safari/537.36"
141.2.8.231 - fsinf [13/Oct/2016:19:48:52] "GET /artist?artist=In+Flames HTTP/1.1" 200 5640 "http://141.2.8.167:8080/artists" "Mozilla/5.0 (Windows NT 6.1; rv:49.0) Gecko/20100101 Firefox/49.0"
141.2.8.231 - fsinf [13/Oct/2016:19:48:52] "GET /css/bootstrap.min.css HTTP/1.1" 304 - "http://141.2.8.167:8080/artist?artist=In+Flames" "Mozilla/5.0 (Windows NT 6.1; rv:49.0) Gecko/20100101 Firefox/49.0"
