172.22.129.166 - fsinf [13/Oct/2016:18:01:58] "GET /queue HTTP/1.1" 200 3262 "http://172.22.129.166:8080/artists" "Mozilla/5.0 (X11; Linux x86_64) AppleWebKit/537.36 (KHTML, like Gecko) Chrome/53.0.2785.143 Safari/537.36"
172.22.129.166 - - [13/Oct/2016:18:01:59] "GET /voteSkip HTTP/1.1" 401 1471 "http://172.22.129.166:8080/queue" "Mozilla/5.0 (X11; Linux x86_64) AppleWebKit/537.36 (KHTML, like Gecko) Chrome/53.0.2785.143 Safari/537.36"
172.22.129.166 - fsinf [13/Oct/2016:18:01:59] "GET /voteSkip HTTP/1.1" 500 1703 "http://172.22.129.166:8080/queue" "Mozilla/5.0 (X11; Linux x86_64) AppleWebKit/537.36 (KHTML, like Gecko) Chrome/53.0.2785.143 Safari/537.36"
172.22.129.166 - - [13/Oct/2016:18:02:51] "GET /voteSkip HTTP/1.1" 401 1471 "http://172.22.129.166:8080/queue" "Mozilla/5.0 (X11; Linux x86_64) AppleWebKit/537.36 (KHTML, like Gecko) Chrome/53.0.2785.143 Safari/537.36"
172.22.129.166 - fsinf [13/Oct/2016:18:02:51] "GET /voteSkip HTTP/1.1" 500 1557 "http://172.22.129.166:8080/queue" "Mozilla/5.0 (X11; Linux x86_64) AppleWebKit/537.36 (KHTML, like Gecko) Chrome/53.0.2785.143 Safari/537.36"
172.22.129.166 - - [13/Oct/2016:18:02:52] "GET /artists HTTP/1.1" 401 1471 "" "Mozilla/5.0 (X11; Linux x86_64) AppleWebKit/537.36 (KHTML, like Gecko) Chrome/53.0.2785.143 Safari/537.36"
172.22.129.166 - fsinf [13/Oct/2016:18:02:52] "GET /artists HTTP/1.1" 200 9173 "" "Mozilla/5.0 (X11; Linux x86_64) AppleWebKit/537.36 (KHTML, like Gecko) Chrome/53.0.2785.143 Safari/537.36"
172.22.129.166 - - [13/Oct/2016:18:02:56] "GET /artists HTTP/1.1" 401 1471 "http://172.22.129.166:8080/artists" "Mozilla/5.0 (X11; Linux x86_64) AppleWebKit/537.36 (KHTML, like Gecko) Chrome/53.0.2785.143 Safari/537.36"
172.22.129.166 - fsinf [13/Oct/2016:18:02:56] "GET /artists HTTP/1.1" 200 9173 "http://172.22.129.166:8080/artists" "Mozilla/5.0 (X11; Linux x86_64) AppleWebKit/537.36 (KHTML, like Gecko) Chrome/53.0.2785.143 Safari/537.36"
172.22.129.166 - - [13/Oct/2016:18:02:58] "GET /artists HTTP/1.1" 401 1471 "http://172.22.129.166:8080/artists" "Mozilla/5.0 (X11; Linux x86_64) AppleWebKit/537.36 (KHTML, like Gecko) Chrome/53.0.2785.143 Safari/537.36"
172.22.129.166 - fsinf [13/Oct/2016:18:02:58] "GET /artists HTTP/1.1" 200 9173 "http://172.22.129.166:8080/artists" "Mozilla/5.0 (X11; Linux x86_64) AppleWebKit/537.36 (KHTML, like Gecko) Chrome/53.0.2785.143 Safari/537.36"
172.22.129.166 - - [13/Oct/2016:18:02:59] "GET /queue HTTP/1.1" 401 1471 "http://172.22.129.166:8080/artists" "Mozilla/5.0 (X11; Linux x86_64) AppleWebKit/537.36 (KHTML, like Gecko) Chrome/53.0.2785.143 Safari/537.36"
172.22.129.166 - fsinf [13/Oct/2016:18:02:59] "GET /queue HTTP/1.1" 200 3254 "http://172.22.129.166:8080/artists" "Mozilla/5.0 (X11; Linux x86_64) AppleWebKit/537.36 (KHTML, like Gecko) Chrome/53.0.2785.143 Safari/537.36"
172.22.129.166 - - [13/Oct/2016:18:02:59] "GET /artists HTTP/1.1" 401 1471 "http://172.22.129.166:8080/queue" "Mozilla/5.0 (X11; Linux x86_64) AppleWebKit/537.36 (KHTML, like Gecko) Chrome/53.0.2785.143 Safari/537.36"
172.22.129.166 - fsinf [13/Oct/2016:18:02:59] "GET /artists HTTP/1.1" 200 9173 "http://172.22.129.166:8080/queue" "Mozilla/5.0 (X11; Linux x86_64) AppleWebKit/537.36 (KHTML, like Gecko) Chrome/53.0.2785.143 Safari/537.36"
172.22.129.166 - - [13/Oct/2016:18:03:00] "GET /artist?artist=Trivium HTTP/1.1" 401 1471 "http://172.22.129.166:8080/artists" "Mozilla/5.0 (X11; Linux x86_64) AppleWebKit/537.36 (KHTML, like Gecko) Chrome/53.0.2785.143 Safari/537.36"
172.22.129.166 - fsinf [13/Oct/2016:18:03:00] "GET /artist?artist=Trivium HTTP/1.1" 200 5464 "http://172.22.129.166:8080/artists" "Mozilla/5.0 (X11; Linux x86_64) AppleWebKit/537.36 (KHTML, like Gecko) Chrome/53.0.2785.143 Safari/537.36"
172.22.129.166 - - [13/Oct/2016:18:03:01] "GET /addToQueue?artist=Trivium&album=Shogun&track=Down+From+The+Sky HTTP/1.1" 401 1471 "http://172.22.129.166:8080/artist?artist=Trivium" "Mozilla/5.0 (X11; Linux x86_64) AppleWebKit/537.36 (KHTML, like Gecko) Chrome/53.0.2785.143 Safari/537.36"
172.22.129.166 - fsinf [13/Oct/2016:18:03:01] "GET /addToQueue?artist=Trivium&album=Shogun&track=Down+From+The+Sky HTTP/1.1" 200 5464 "http://172.22.129.166:8080/artist?artist=Trivium" "Mozilla/5.0 (X11; Linux x86_64) AppleWebKit/537.36 (KHTML, like Gecko) Chrome/53.0.2785.143 Safari/537.36"
172.22.129.166 - - [13/Oct/2016:18:03:16] "GET /startPlaying HTTP/1.1" 401 1471 "http://172.22.129.166:8080/addToQueue?artist=Trivium&album=Shogun&track=Down+From+The+Sky" "Mozilla/5.0 (X11; Linux x86_64) AppleWebKit/537.36 (KHTML, like Gecko) Chrome/53.0.2785.143 Safari/537.36"
172.22.129.166 - fsinf [13/Oct/2016:18:03:16] "GET /startPlaying HTTP/1.1" 200 5464 "http://172.22.129.166:8080/addToQueue?artist=Trivium&album=Shogun&track=Down+From+The+Sky" "Mozilla/5.0 (X11; Linux x86_64) AppleWebKit/537.36 (KHTML, like Gecko) Chrome/53.0.2785.143 Safari/537.36"
172.22.129.166 - - [13/Oct/2016:18:03:18] "GET /voteSkip HTTP/1.1" 401 1471 "http://172.22.129.166:8080/startPlaying" "Mozilla/5.0 (X11; Linux x86_64) AppleWebKit/537.36 (KHTML, like Gecko) Chrome/53.0.2785.143 Safari/537.36"
172.22.129.166 - fsinf [13/Oct/2016:18:03:18] "GET /voteSkip HTTP/1.1" 200 5464 "http://172.22.129.166:8080/startPlaying" "Mozilla/5.0 (X11; Linux x86_64) AppleWebKit/537.36 (KHTML, like Gecko) Chrome/53.0.2785.143 Safari/537.36"
172.22.129.166 - - [13/Oct/2016:18:03:19] "GET /voteSkip HTTP/1.1" 401 1471 "http://172.22.129.166:8080/voteSkip" "Mozilla/5.0 (X11; Linux x86_64) AppleWebKit/537.36 (KHTML, like Gecko) Chrome/53.0.2785.143 Safari/537.36"
172.22.129.166 - fsinf [13/Oct/2016:18:03:19] "GET /voteSkip HTTP/1.1" 200 5464 "http://172.22.129.166:8080/voteSkip" "Mozilla/5.0 (X11; Linux x86_64) AppleWebKit/537.36 (KHTML, like Gecko) Chrome/53.0.2785.143 Safari/537.36"
172.22.129.166 - - [13/Oct/2016:18:03:19] "GET /voteSkip HTTP/1.1" 401 1471 "http://172.22.129.166:8080/voteSkip" "Mozilla/5.0 (X11; Linux x86_64) AppleWebKit/537.36 (KHTML, like Gecko) Chrome/53.0.2785.143 Safari/537.36"
172.22.129.166 - fsinf [13/Oct/2016:18:03:19] "GET /voteSkip HTTP/1.1" 200 5464 "http://172.22.129.166:8080/voteSkip" "Mozilla/5.0 (X11; Linux x86_64) AppleWebKit/537.36 (KHTML, like Gecko) Chrome/53.0.2785.143 Safari/537.36"
172.22.129.166 - - [13/Oct/2016:18:03:20] "GET /voteSkip HTTP/1.1" 401 1471 "http://172.22.129.166:8080/voteSkip" "Mozilla/5.0 (X11; Linux x86_64) AppleWebKit/537.36 (KHTML, like Gecko) Chrome/53.0.2785.143 Safari/537.36"
172.22.129.166 - fsinf [13/Oct/2016:18:03:20] "GET /voteSkip HTTP/1.1" 500 1557 "http://172.22.129.166:8080/voteSkip" "Mozilla/5.0 (X11; Linux x86_64) AppleWebKit/537.36 (KHTML, like Gecko) Chrome/53.0.2785.143 Safari/537.36"
172.22.129.166 - - [13/Oct/2016:18:05:18] "GET /artists HTTP/1.1" 401 1471 "" "Mozilla/5.0 (X11; Linux x86_64) AppleWebKit/537.36 (KHTML, like Gecko) Chrome/53.0.2785.143 Safari/537.36"
172.22.129.166 - fsinf [13/Oct/2016:18:05:18] "GET /artists HTTP/1.1" 200 9173 "" "Mozilla/5.0 (X11; Linux x86_64) AppleWebKit/537.36 (KHTML, like Gecko) Chrome/53.0.2785.143 Safari/537.36"
172.22.129.166 - - [13/Oct/2016:18:05:18] "GET /css/bootstrap.min.css HTTP/1.1" 401 1471 "http://172.22.129.166:8080/artists" "Mozilla/5.0 (X11; Linux x86_64) AppleWebKit/537.36 (KHTML, like Gecko) Chrome/53.0.2785.143 Safari/537.36"
172.22.129.166 - fsinf [13/Oct/2016:18:05:18] "GET /css/bootstrap.min.css HTTP/1.1" 304 - "http://172.22.129.166:8080/artists" "Mozilla/5.0 (X11; Linux x86_64) AppleWebKit/537.36 (KHTML, like Gecko) Chrome/53.0.2785.143 Safari/537.36"
172.22.129.166 - - [13/Oct/2016:18:05:18] "GET /fonts/glyphicons-halflings-regular.woff2 HTTP/1.1" 401 1471 "http://172.22.129.166:8080/css/bootstrap.min.css" "Mozilla/5.0 (X11; Linux x86_64) AppleWebKit/537.36 (KHTML, like Gecko) Chrome/53.0.2785.143 Safari/537.36"
172.22.129.166 - fsinf [13/Oct/2016:18:05:18] "GET /fonts/glyphicons-halflings-regular.woff2 HTTP/1.1" 304 - "http://172.22.129.166:8080/css/bootstrap.min.css" "Mozilla/5.0 (X11; Linux x86_64) AppleWebKit/537.36 (KHTML, like Gecko) Chrome/53.0.2785.143 Safari/537.36"
172.22.129.166 - - [13/Oct/2016:18:05:22] "GET /artist?artist=Johannes+Brecht HTTP/1.1" 401 1471 "http://172.22.129.166:8080/artists" "Mozilla/5.0 (X11; Linux x86_64) AppleWebKit/537.36 (KHTML, like Gecko) Chrome/53.0.2785.143 Safari/537.36"
172.22.129.166 - fsinf [13/Oct/2016:18:05:22] "GET /artist?artist=Johannes+Brecht HTTP/1.1" 200 5474 "http://172.22.129.166:8080/artists" "Mozilla/5.0 (X11; Linux x86_64) AppleWebKit/537.36 (KHTML, like Gecko) Chrome/53.0.2785.143 Safari/537.36"
172.22.129.166 - - [13/Oct/2016:18:05:27] "GET /addToQueue?artist=Johannes+Brecht&album=Bogo&track=2nd+Movement HTTP/1.1" 401 1471 "http://172.22.129.166:8080/artist?artist=Johannes+Brecht" "Mozilla/5.0 (X11; Linux x86_64) AppleWebKit/537.36 (KHTML, like Gecko) Chrome/53.0.2785.143 Safari/537.36"
172.22.129.166 - fsinf [13/Oct/2016:18:05:27] "GET /addToQueue?artist=Johannes+Brecht&album=Bogo&track=2nd+Movement HTTP/1.1" 200 5474 "http://172.22.129.166:8080/artist?artist=Johannes+Brecht" "Mozilla/5.0 (X11; Linux x86_64) AppleWebKit/537.36 (KHTML, like Gecko) Chrome/53.0.2785.143 Safari/537.36"
172.22.129.166 - - [13/Oct/2016:18:05:29] "GET /startPlaying HTTP/1.1" 401 1471 "http://172.22.129.166:8080/addToQueue?artist=Johannes+Brecht&album=Bogo&track=2nd+Movement" "Mozilla/5.0 (X11; Linux x86_64) AppleWebKit/537.36 (KHTML, like Gecko) Chrome/53.0.2785.143 Safari/537.36"
172.22.129.166 - fsinf [13/Oct/2016:18:05:29] "GET /startPlaying HTTP/1.1" 200 5477 "http://172.22.129.166:8080/addToQueue?artist=Johannes+Brecht&album=Bogo&track=2nd+Movement" "Mozilla/5.0 (X11; Linux x86_64) AppleWebKit/537.36 (KHTML, like Gecko) Chrome/53.0.2785.143 Safari/537.36"
172.22.129.166 - - [13/Oct/2016:18:05:32] "GET /voteSkip HTTP/1.1" 401 1471 "http://172.22.129.166:8080/startPlaying" "Mozilla/5.0 (X11; Linux x86_64) AppleWebKit/537.36 (KHTML, like Gecko) Chrome/53.0.2785.143 Safari/537.36"
172.22.129.166 - fsinf [13/Oct/2016:18:05:32] "GET /voteSkip HTTP/1.1" 200 5477 "http://172.22.129.166:8080/startPlaying" "Mozilla/5.0 (X11; Linux x86_64) AppleWebKit/537.36 (KHTML, like Gecko) Chrome/53.0.2785.143 Safari/537.36"
172.22.129.166 - - [13/Oct/2016:18:05:32] "GET /voteSkip HTTP/1.1" 401 1471 "http://172.22.129.166:8080/voteSkip" "Mozilla/5.0 (X11; Linux x86_64) AppleWebKit/537.36 (KHTML, like Gecko) Chrome/53.0.2785.143 Safari/537.36"
172.22.129.166 - fsinf [13/Oct/2016:18:05:32] "GET /voteSkip HTTP/1.1" 200 5474 "http://172.22.129.166:8080/voteSkip" "Mozilla/5.0 (X11; Linux x86_64) AppleWebKit/537.36 (KHTML, like Gecko) Chrome/53.0.2785.143 Safari/537.36"
172.22.129.166 - - [13/Oct/2016:18:05:41] "GET /queue HTTP/1.1" 401 1471 "http://172.22.129.166:8080/voteSkip" "Mozilla/5.0 (X11; Linux x86_64) AppleWebKit/537.36 (KHTML, like Gecko) Chrome/53.0.2785.143 Safari/537.36"
172.22.129.166 - fsinf [13/Oct/2016:18:05:41] "GET /queue HTTP/1.1" 200 3254 "http://172.22.129.166:8080/voteSkip" "Mozilla/5.0 (X11; Linux x86_64) AppleWebKit/537.36 (KHTML, like Gecko) Chrome/53.0.2785.143 Safari/537.36"
172.22.129.166 - - [13/Oct/2016:18:05:43] "GET /startPlaying HTTP/1.1" 401 1471 "http://172.22.129.166:8080/queue" "Mozilla/5.0 (X11; Linux x86_64) AppleWebKit/537.36 (KHTML, like Gecko) Chrome/53.0.2785.143 Safari/537.36"
172.22.129.166 - fsinf [13/Oct/2016:18:05:43] "GET /startPlaying HTTP/1.1" 200 3254 "http://172.22.129.166:8080/queue" "Mozilla/5.0 (X11; Linux x86_64) AppleWebKit/537.36 (KHTML, like Gecko) Chrome/53.0.2785.143 Safari/537.36"
172.22.129.166 - - [13/Oct/2016:18:05:44] "GET /startPlaying HTTP/1.1" 401 1471 "http://172.22.129.166:8080/startPlaying" "Mozilla/5.0 (X11; Linux x86_64) AppleWebKit/537.36 (KHTML, like Gecko) Chrome/53.0.2785.143 Safari/537.36"
172.22.129.166 - fsinf [13/Oct/2016:18:05:44] "GET /startPlaying HTTP/1.1" 200 3254 "http://172.22.129.166:8080/startPlaying" "Mozilla/5.0 (X11; Linux x86_64) AppleWebKit/537.36 (KHTML, like Gecko) Chrome/53.0.2785.143 Safari/537.36"
172.22.129.166 - - [13/Oct/2016:18:05:45] "GET /startPlaying HTTP/1.1" 401 1471 "http://172.22.129.166:8080/startPlaying" "Mozilla/5.0 (X11; Linux x86_64) AppleWebKit/537.36 (KHTML, like Gecko) Chrome/53.0.2785.143 Safari/537.36"
172.22.129.166 - fsinf [13/Oct/2016:18:05:45] "GET /startPlaying HTTP/1.1" 200 3254 "http://172.22.129.166:8080/startPlaying" "Mozilla/5.0 (X11; Linux x86_64) AppleWebKit/537.36 (KHTML, like Gecko) Chrome/53.0.2785.143 Safari/537.36"
172.22.129.166 - - [13/Oct/2016:18:11:03] "GET /tracks HTTP/1.1" 401 1471 "http://172.22.129.166:8080/startPlaying" "Mozilla/5.0 (X11; Linux x86_64) AppleWebKit/537.36 (KHTML, like Gecko) Chrome/53.0.2785.143 Safari/537.36"
172.22.129.166 - fsinf [13/Oct/2016:18:11:03] "GET /tracks HTTP/1.1" 200 15353 "http://172.22.129.166:8080/startPlaying" "Mozilla/5.0 (X11; Linux x86_64) AppleWebKit/537.36 (KHTML, like Gecko) Chrome/53.0.2785.143 Safari/537.36"
172.22.129.166 - - [13/Oct/2016:18:11:05] "GET /addToQueue?artist=Porcupine+Tree&album=In+Absentia&track=The+Sound+of+Muzak HTTP/1.1" 401 1471 "http://172.22.129.166:8080/tracks" "Mozilla/5.0 (X11; Linux x86_64) AppleWebKit/537.36 (KHTML, like Gecko) Chrome/53.0.2785.143 Safari/537.36"
172.22.129.166 - fsinf [13/Oct/2016:18:11:05] "GET /addToQueue?artist=Porcupine+Tree&album=In+Absentia&track=The+Sound+of+Muzak HTTP/1.1" 200 15353 "http://172.22.129.166:8080/tracks" "Mozilla/5.0 (X11; Linux x86_64) AppleWebKit/537.36 (KHTML, like Gecko) Chrome/53.0.2785.143 Safari/537.36"
172.22.129.166 - - [13/Oct/2016:18:11:06] "GET /addToQueue?artist=Mc+Frontalot&album=bogo&track=It%27s+Pitch+Dark HTTP/1.1" 401 1471 "http://172.22.129.166:8080/addToQueue?artist=Porcupine+Tree&album=In+Absentia&track=The+Sound+of+Muzak" "Mozilla/5.0 (X11; Linux x86_64) AppleWebKit/537.36 (KHTML, like Gecko) Chrome/53.0.2785.143 Safari/537.36"
172.22.129.166 - fsinf [13/Oct/2016:18:11:06] "GET /addToQueue?artist=Mc+Frontalot&album=bogo&track=It%27s+Pitch+Dark HTTP/1.1" 200 15353 "http://172.22.129.166:8080/addToQueue?artist=Porcupine+Tree&album=In+Absentia&track=The+Sound+of+Muzak" "Mozilla/5.0 (X11; Linux x86_64) AppleWebKit/537.36 (KHTML, like Gecko) Chrome/53.0.2785.143 Safari/537.36"
172.22.129.166 - - [13/Oct/2016:18:11:07] "GET /startPlaying HTTP/1.1" 401 1471 "http://172.22.129.166:8080/addToQueue?artist=Mc+Frontalot&album=bogo&track=It%27s+Pitch+Dark" "Mozilla/5.0 (X11; Linux x86_64) AppleWebKit/537.36 (KHTML, like Gecko) Chrome/53.0.2785.143 Safari/537.36"
172.22.129.166 - fsinf [13/Oct/2016:18:11:07] "GET /startPlaying HTTP/1.1" 200 15361 "http://172.22.129.166:8080/addToQueue?artist=Mc+Frontalot&album=bogo&track=It%27s+Pitch+Dark" "Mozilla/5.0 (X11; Linux x86_64) AppleWebKit/537.36 (KHTML, like Gecko) Chrome/53.0.2785.143 Safari/537.36"
172.22.129.166 - - [13/Oct/2016:18:11:12] "GET /voteSkip HTTP/1.1" 401 1471 "http://172.22.129.166:8080/startPlaying" "Mozilla/5.0 (X11; Linux x86_64) AppleWebKit/537.36 (KHTML, like Gecko) Chrome/53.0.2785.143 Safari/537.36"
172.22.129.166 - fsinf [13/Oct/2016:18:11:12] "GET /voteSkip HTTP/1.1" 200 15356 "http://172.22.129.166:8080/startPlaying" "Mozilla/5.0 (X11; Linux x86_64) AppleWebKit/537.36 (KHTML, like Gecko) Chrome/53.0.2785.143 Safari/537.36"
172.22.129.166 - - [13/Oct/2016:18:11:19] "GET /stopPlaying HTTP/1.1" 401 1471 "http://172.22.129.166:8080/voteSkip" "Mozilla/5.0 (X11; Linux x86_64) AppleWebKit/537.36 (KHTML, like Gecko) Chrome/53.0.2785.143 Safari/537.36"
172.22.129.166 - fsinf [13/Oct/2016:18:11:19] "GET /stopPlaying HTTP/1.1" 200 15353 "http://172.22.129.166:8080/voteSkip" "Mozilla/5.0 (X11; Linux x86_64) AppleWebKit/537.36 (KHTML, like Gecko) Chrome/53.0.2785.143 Safari/537.36"
172.22.129.166 - - [13/Oct/2016:18:11:44] "GET /artists HTTP/1.1" 401 1471 "http://172.22.129.166:8080/stopPlaying" "Mozilla/5.0 (X11; Linux x86_64) AppleWebKit/537.36 (KHTML, like Gecko) Chrome/53.0.2785.143 Safari/537.36"
172.22.129.166 - fsinf [13/Oct/2016:18:11:44] "GET /artists HTTP/1.1" 200 9173 "http://172.22.129.166:8080/stopPlaying" "Mozilla/5.0 (X11; Linux x86_64) AppleWebKit/537.36 (KHTML, like Gecko) Chrome/53.0.2785.143 Safari/537.36"
172.22.129.166 - - [13/Oct/2016:18:11:46] "GET /artist?artist=Porcupine+Tree HTTP/1.1" 401 1471 "http://172.22.129.166:8080/artists" "Mozilla/5.0 (X11; Linux x86_64) AppleWebKit/537.36 (KHTML, like Gecko) Chrome/53.0.2785.143 Safari/537.36"
172.22.129.166 - fsinf [13/Oct/2016:18:11:46] "GET /artist?artist=Porcupine+Tree HTTP/1.1" 200 5555 "http://172.22.129.166:8080/artists" "Mozilla/5.0 (X11; Linux x86_64) AppleWebKit/537.36 (KHTML, like Gecko) Chrome/53.0.2785.143 Safari/537.36"
172.22.129.166 - - [13/Oct/2016:18:11:47] "GET /addToQueue?artist=Porcupine+Tree&album=In+Absentia&track=The+Sound+of+Muzak HTTP/1.1" 401 1471 "http://172.22.129.166:8080/artist?artist=Porcupine+Tree" "Mozilla/5.0 (X11; Linux x86_64) AppleWebKit/537.36 (KHTML, like Gecko) Chrome/53.0.2785.143 Safari/537.36"
172.22.129.166 - fsinf [13/Oct/2016:18:11:47] "GET /addToQueue?artist=Porcupine+Tree&album=In+Absentia&track=The+Sound+of+Muzak HTTP/1.1" 200 5555 "http://172.22.129.166:8080/artist?artist=Porcupine+Tree" "Mozilla/5.0 (X11; Linux x86_64) AppleWebKit/537.36 (KHTML, like Gecko) Chrome/53.0.2785.143 Safari/537.36"
172.22.129.166 - - [13/Oct/2016:18:11:48] "GET /startPlaying HTTP/1.1" 401 1471 "http://172.22.129.166:8080/addToQueue?artist=Porcupine+Tree&album=In+Absentia&track=The+Sound+of+Muzak" "Mozilla/5.0 (X11; Linux x86_64) AppleWebKit/537.36 (KHTML, like Gecko) Chrome/53.0.2785.143 Safari/537.36"
172.22.129.166 - fsinf [13/Oct/2016:18:11:48] "GET /startPlaying HTTP/1.1" 200 5563 "http://172.22.129.166:8080/addToQueue?artist=Porcupine+Tree&album=In+Absentia&track=The+Sound+of+Muzak" "Mozilla/5.0 (X11; Linux x86_64) AppleWebKit/537.36 (KHTML, like Gecko) Chrome/53.0.2785.143 Safari/537.36"
172.22.129.166 - - [13/Oct/2016:18:11:56] "GET /voteSkip HTTP/1.1" 401 1471 "http://172.22.129.166:8080/startPlaying" "Mozilla/5.0 (X11; Linux x86_64) AppleWebKit/537.36 (KHTML, like Gecko) Chrome/53.0.2785.143 Safari/537.36"
172.22.129.166 - fsinf [13/Oct/2016:18:11:56] "GET /voteSkip HTTP/1.1" 200 5563 "http://172.22.129.166:8080/startPlaying" "Mozilla/5.0 (X11; Linux x86_64) AppleWebKit/537.36 (KHTML, like Gecko) Chrome/53.0.2785.143 Safari/537.36"
172.22.129.166 - - [13/Oct/2016:18:11:58] "GET /voteSkip HTTP/1.1" 401 1471 "http://172.22.129.166:8080/voteSkip" "Mozilla/5.0 (X11; Linux x86_64) AppleWebKit/537.36 (KHTML, like Gecko) Chrome/53.0.2785.143 Safari/537.36"
172.22.129.166 - fsinf [13/Oct/2016:18:11:58] "GET /voteSkip HTTP/1.1" 200 5555 "http://172.22.129.166:8080/voteSkip" "Mozilla/5.0 (X11; Linux x86_64) AppleWebKit/537.36 (KHTML, like Gecko) Chrome/53.0.2785.143 Safari/537.36"
172.22.129.166 - - [13/Oct/2016:18:12:49] "GET /voteSkip HTTP/1.1" 401 1471 "http://172.22.129.166:8080/voteSkip" "Mozilla/5.0 (X11; Linux x86_64) AppleWebKit/537.36 (KHTML, like Gecko) Chrome/53.0.2785.143 Safari/537.36"
172.22.129.166 - fsinf [13/Oct/2016:18:12:49] "GET /voteSkip HTTP/1.1" 200 32 "http://172.22.129.166:8080/voteSkip" "Mozilla/5.0 (X11; Linux x86_64) AppleWebKit/537.36 (KHTML, like Gecko) Chrome/53.0.2785.143 Safari/537.36"
172.22.129.166 - - [13/Oct/2016:18:13:30] "GET /artists HTTP/1.1" 401 1471 "" "Mozilla/5.0 (X11; Linux x86_64) AppleWebKit/537.36 (KHTML, like Gecko) Chrome/53.0.2785.143 Safari/537.36"
172.22.129.166 - fsinf [13/Oct/2016:18:13:30] "GET /artists HTTP/1.1" 200 9173 "" "Mozilla/5.0 (X11; Linux x86_64) AppleWebKit/537.36 (KHTML, like Gecko) Chrome/53.0.2785.143 Safari/537.36"
172.22.129.166 - - [13/Oct/2016:18:13:36] "GET /artist?artist=Raxon HTTP/1.1" 401 1471 "http://172.22.129.166:8080/artists" "Mozilla/5.0 (X11; Linux x86_64) AppleWebKit/537.36 (KHTML, like Gecko) Chrome/53.0.2785.143 Safari/537.36"
172.22.129.166 - fsinf [13/Oct/2016:18:13:36] "GET /artist?artist=Raxon HTTP/1.1" 200 5613 "http://172.22.129.166:8080/artists" "Mozilla/5.0 (X11; Linux x86_64) AppleWebKit/537.36 (KHTML, like Gecko) Chrome/53.0.2785.143 Safari/537.36"
172.22.129.166 - - [13/Oct/2016:18:13:37] "GET /addToQueue?artist=Raxon&album=Diynamic+Radio+Show&track=Diynamic+Radio+Show+Sep+2016 HTTP/1.1" 401 1471 "http://172.22.129.166:8080/artist?artist=Raxon" "Mozilla/5.0 (X11; Linux x86_64) AppleWebKit/537.36 (KHTML, like Gecko) Chrome/53.0.2785.143 Safari/537.36"
172.22.129.166 - fsinf [13/Oct/2016:18:13:37] "GET /addToQueue?artist=Raxon&album=Diynamic+Radio+Show&track=Diynamic+Radio+Show+Sep+2016 HTTP/1.1" 200 5613 "http://172.22.129.166:8080/artist?artist=Raxon" "Mozilla/5.0 (X11; Linux x86_64) AppleWebKit/537.36 (KHTML, like Gecko) Chrome/53.0.2785.143 Safari/537.36"
172.22.129.166 - - [13/Oct/2016:18:13:39] "GET /startPlaying HTTP/1.1" 401 1471 "http://172.22.129.166:8080/addToQueue?artist=Raxon&album=Diynamic+Radio+Show&track=Diynamic+Radio+Show+Sep+2016" "Mozilla/5.0 (X11; Linux x86_64) AppleWebKit/537.36 (KHTML, like Gecko) Chrome/53.0.2785.143 Safari/537.36"
172.22.129.166 - fsinf [13/Oct/2016:18:13:39] "GET /startPlaying HTTP/1.1" 200 5622 "http://172.22.129.166:8080/addToQueue?artist=Raxon&album=Diynamic+Radio+Show&track=Diynamic+Radio+Show+Sep+2016" "Mozilla/5.0 (X11; Linux x86_64) AppleWebKit/537.36 (KHTML, like Gecko) Chrome/53.0.2785.143 Safari/537.36"
172.22.129.166 - - [13/Oct/2016:18:13:43] "GET /stopPlaying HTTP/1.1" 401 1471 "http://172.22.129.166:8080/startPlaying" "Mozilla/5.0 (X11; Linux x86_64) AppleWebKit/537.36 (KHTML, like Gecko) Chrome/53.0.2785.143 Safari/537.36"
172.22.129.166 - fsinf [13/Oct/2016:18:13:43] "GET /stopPlaying HTTP/1.1" 200 5613 "http://172.22.129.166:8080/startPlaying" "Mozilla/5.0 (X11; Linux x86_64) AppleWebKit/537.36 (KHTML, like Gecko) Chrome/53.0.2785.143 Safari/537.36"
172.22.129.166 - - [13/Oct/2016:18:14:43] "GET /startPlaying HTTP/1.1" 401 1471 "http://172.22.129.166:8080/stopPlaying" "Mozilla/5.0 (X11; Linux x86_64) AppleWebKit/537.36 (KHTML, like Gecko) Chrome/53.0.2785.143 Safari/537.36"
172.22.129.166 - fsinf [13/Oct/2016:18:14:43] "GET /startPlaying HTTP/1.1" 200 32 "http://172.22.129.166:8080/stopPlaying" "Mozilla/5.0 (X11; Linux x86_64) AppleWebKit/537.36 (KHTML, like Gecko) Chrome/53.0.2785.143 Safari/537.36"
172.22.129.166 - - [13/Oct/2016:18:14:54] "GET /artists HTTP/1.1" 401 1471 "" "Mozilla/5.0 (X11; Linux x86_64) AppleWebKit/537.36 (KHTML, like Gecko) Chrome/53.0.2785.143 Safari/537.36"
172.22.129.166 - fsinf [13/Oct/2016:18:14:54] "GET /artists HTTP/1.1" 200 9173 "" "Mozilla/5.0 (X11; Linux x86_64) AppleWebKit/537.36 (KHTML, like Gecko) Chrome/53.0.2785.143 Safari/537.36"
172.22.129.166 - - [13/Oct/2016:18:14:55] "GET /startPlaying HTTP/1.1" 401 1471 "http://172.22.129.166:8080/artists" "Mozilla/5.0 (X11; Linux x86_64) AppleWebKit/537.36 (KHTML, like Gecko) Chrome/53.0.2785.143 Safari/537.36"
172.22.129.166 - fsinf [13/Oct/2016:18:14:55] "GET /startPlaying HTTP/1.1" 200 32 "http://172.22.129.166:8080/artists" "Mozilla/5.0 (X11; Linux x86_64) AppleWebKit/537.36 (KHTML, like Gecko) Chrome/53.0.2785.143 Safari/537.36"
172.22.129.166 - - [13/Oct/2016:18:15:02] "GET /artists HTTP/1.1" 401 1471 "http://172.22.129.166:8080/artists" "Mozilla/5.0 (X11; Linux x86_64) AppleWebKit/537.36 (KHTML, like Gecko) Chrome/53.0.2785.143 Safari/537.36"
172.22.129.166 - fsinf [13/Oct/2016:18:15:02] "GET /artists HTTP/1.1" 200 9173 "http://172.22.129.166:8080/artists" "Mozilla/5.0 (X11; Linux x86_64) AppleWebKit/537.36 (KHTML, like Gecko) Chrome/53.0.2785.143 Safari/537.36"
172.22.129.166 - - [13/Oct/2016:18:15:04] "GET /artist?artist=Trivium HTTP/1.1" 401 1471 "http://172.22.129.166:8080/artists" "Mozilla/5.0 (X11; Linux x86_64) AppleWebKit/537.36 (KHTML, like Gecko) Chrome/53.0.2785.143 Safari/537.36"
172.22.129.166 - fsinf [13/Oct/2016:18:15:04] "GET /artist?artist=Trivium HTTP/1.1" 200 5464 "http://172.22.129.166:8080/artists" "Mozilla/5.0 (X11; Linux x86_64) AppleWebKit/537.36 (KHTML, like Gecko) Chrome/53.0.2785.143 Safari/537.36"
172.22.129.166 - - [13/Oct/2016:18:15:06] "GET /addToQueue?artist=Trivium&album=Shogun&track=Down+From+The+Sky HTTP/1.1" 401 1471 "http://172.22.129.166:8080/artist?artist=Trivium" "Mozilla/5.0 (X11; Linux x86_64) AppleWebKit/537.36 (KHTML, like Gecko) Chrome/53.0.2785.143 Safari/537.36"
172.22.129.166 - fsinf [13/Oct/2016:18:15:06] "GET /addToQueue?artist=Trivium&album=Shogun&track=Down+From+The+Sky HTTP/1.1" 200 5464 "http://172.22.129.166:8080/artist?artist=Trivium" "Mozilla/5.0 (X11; Linux x86_64) AppleWebKit/537.36 (KHTML, like Gecko) Chrome/53.0.2785.143 Safari/537.36"
172.22.129.166 - - [13/Oct/2016:18:15:08] "GET /queue HTTP/1.1" 401 1471 "http://172.22.129.166:8080/addToQueue?artist=Trivium&album=Shogun&track=Down+From+The+Sky" "Mozilla/5.0 (X11; Linux x86_64) AppleWebKit/537.36 (KHTML, like Gecko) Chrome/53.0.2785.143 Safari/537.36"
172.22.129.166 - fsinf [13/Oct/2016:18:15:08] "GET /queue HTTP/1.1" 200 4189 "http://172.22.129.166:8080/addToQueue?artist=Trivium&album=Shogun&track=Down+From+The+Sky" "Mozilla/5.0 (X11; Linux x86_64) AppleWebKit/537.36 (KHTML, like Gecko) Chrome/53.0.2785.143 Safari/537.36"
172.22.129.166 - - [13/Oct/2016:18:15:09] "GET /startPlaying HTTP/1.1" 401 1471 "http://172.22.129.166:8080/queue" "Mozilla/5.0 (X11; Linux x86_64) AppleWebKit/537.36 (KHTML, like Gecko) Chrome/53.0.2785.143 Safari/537.36"
172.22.129.166 - fsinf [13/Oct/2016:18:15:09] "GET /startPlaying HTTP/1.1" 200 3254 "http://172.22.129.166:8080/queue" "Mozilla/5.0 (X11; Linux x86_64) AppleWebKit/537.36 (KHTML, like Gecko) Chrome/53.0.2785.143 Safari/537.36"
172.22.129.166 - - [13/Oct/2016:18:15:26] "GET /stopPlaying HTTP/1.1" 401 1471 "http://172.22.129.166:8080/startPlaying" "Mozilla/5.0 (X11; Linux x86_64) AppleWebKit/537.36 (KHTML, like Gecko) Chrome/53.0.2785.143 Safari/537.36"
172.22.129.166 - fsinf [13/Oct/2016:18:15:26] "GET /stopPlaying HTTP/1.1" 200 4189 "http://172.22.129.166:8080/startPlaying" "Mozilla/5.0 (X11; Linux x86_64) AppleWebKit/537.36 (KHTML, like Gecko) Chrome/53.0.2785.143 Safari/537.36"
172.22.129.166 - - [13/Oct/2016:18:15:57] "GET /album?artist=Trivium&album=Shogun HTTP/1.1" 401 1471 "http://172.22.129.166:8080/stopPlaying" "Mozilla/5.0 (X11; Linux x86_64) AppleWebKit/537.36 (KHTML, like Gecko) Chrome/53.0.2785.143 Safari/537.36"
172.22.129.166 - fsinf [13/Oct/2016:18:15:57] "GET /album?artist=Trivium&album=Shogun HTTP/1.1" 200 3890 "http://172.22.129.166:8080/stopPlaying" "Mozilla/5.0 (X11; Linux x86_64) AppleWebKit/537.36 (KHTML, like Gecko) Chrome/53.0.2785.143 Safari/537.36"
172.22.129.166 - - [13/Oct/2016:18:15:58] "GET /addToQueue?artist=Trivium&album=Shogun&track=Down+From+The+Sky HTTP/1.1" 401 1471 "http://172.22.129.166:8080/album?artist=Trivium&album=Shogun" "Mozilla/5.0 (X11; Linux x86_64) AppleWebKit/537.36 (KHTML, like Gecko) Chrome/53.0.2785.143 Safari/537.36"
172.22.129.166 - fsinf [13/Oct/2016:18:15:58] "GET /addToQueue?artist=Trivium&album=Shogun&track=Down+From+The+Sky HTTP/1.1" 200 3890 "http://172.22.129.166:8080/album?artist=Trivium&album=Shogun" "Mozilla/5.0 (X11; Linux x86_64) AppleWebKit/537.36 (KHTML, like Gecko) Chrome/53.0.2785.143 Safari/537.36"
172.22.129.166 - - [13/Oct/2016:18:15:59] "GET /startPlaying HTTP/1.1" 401 1471 "http://172.22.129.166:8080/addToQueue?artist=Trivium&album=Shogun&track=Down+From+The+Sky" "Mozilla/5.0 (X11; Linux x86_64) AppleWebKit/537.36 (KHTML, like Gecko) Chrome/53.0.2785.143 Safari/537.36"
172.22.129.166 - fsinf [13/Oct/2016:18:15:59] "GET /startPlaying HTTP/1.1" 200 3890 "http://172.22.129.166:8080/addToQueue?artist=Trivium&album=Shogun&track=Down+From+The+Sky" "Mozilla/5.0 (X11; Linux x86_64) AppleWebKit/537.36 (KHTML, like Gecko) Chrome/53.0.2785.143 Safari/537.36"
172.22.129.166 - - [13/Oct/2016:18:16:26] "GET /stopPlaying HTTP/1.1" 401 1471 "http://172.22.129.166:8080/startPlaying" "Mozilla/5.0 (X11; Linux x86_64) AppleWebKit/537.36 (KHTML, like Gecko) Chrome/53.0.2785.143 Safari/537.36"
172.22.129.166 - fsinf [13/Oct/2016:18:16:26] "GET /stopPlaying HTTP/1.1" 200 3890 "http://172.22.129.166:8080/startPlaying" "Mozilla/5.0 (X11; Linux x86_64) AppleWebKit/537.36 (KHTML, like Gecko) Chrome/53.0.2785.143 Safari/537.36"
141.2.8.231 - fsinf [13/Oct/2016:18:25:04] "GET /stopPlaying HTTP/1.1" 200 32 "http://172.22.129.166:8080/startPlaying" "Mozilla/5.0 (Windows NT 6.1; rv:49.0) Gecko/20100101 Firefox/49.0"
141.2.8.231 - fsinf [13/Oct/2016:18:25:09] "GET /artists HTTP/1.1" 200 9173 "" "Mozilla/5.0 (Windows NT 6.1; rv:49.0) Gecko/20100101 Firefox/49.0"
141.2.8.231 - fsinf [13/Oct/2016:18:25:14] "GET /artist?artist=Trivium HTTP/1.1" 200 5464 "http://172.22.129.166:8080/artists" "Mozilla/5.0 (Windows NT 6.1; rv:49.0) Gecko/20100101 Firefox/49.0"
141.2.8.231 - fsinf [13/Oct/2016:18:25:17] "GET /addToQueue?artist=Trivium&album=Shogun&track=Down+From+The+Sky HTTP/1.1" 200 5464 "http://172.22.129.166:8080/artist?artist=Trivium" "Mozilla/5.0 (Windows NT 6.1; rv:49.0) Gecko/20100101 Firefox/49.0"
141.2.8.231 - fsinf [13/Oct/2016:18:25:19] "GET /queue HTTP/1.1" 200 4189 "http://172.22.129.166:8080/addToQueue?artist=Trivium&album=Shogun&track=Down+From+The+Sky" "Mozilla/5.0 (Windows NT 6.1; rv:49.0) Gecko/20100101 Firefox/49.0"
141.2.8.231 - fsinf [13/Oct/2016:18:25:21] "GET /startPlaying HTTP/1.1" 200 3254 "http://172.22.129.166:8080/queue" "Mozilla/5.0 (Windows NT 6.1; rv:49.0) Gecko/20100101 Firefox/49.0"
141.2.8.231 - fsinf [13/Oct/2016:18:26:21] "GET /stopPlaying HTTP/1.1" 200 4189 "http://172.22.129.166:8080/startPlaying" "Mozilla/5.0 (Windows NT 6.1; rv:49.0) Gecko/20100101 Firefox/49.0"
172.22.129.166 - - [13/Oct/2016:18:36:39] "GET /artists HTTP/1.1" 401 1471 "http://172.22.129.166:8080/stopPlaying" "Mozilla/5.0 (X11; Linux x86_64) AppleWebKit/537.36 (KHTML, like Gecko) Chrome/53.0.2785.143 Safari/537.36"
172.22.129.166 - fsinf [13/Oct/2016:18:36:39] "GET /artists HTTP/1.1" 200 9173 "http://172.22.129.166:8080/stopPlaying" "Mozilla/5.0 (X11; Linux x86_64) AppleWebKit/537.36 (KHTML, like Gecko) Chrome/53.0.2785.143 Safari/537.36"
172.22.129.166 - - [13/Oct/2016:18:36:41] "GET /queue HTTP/1.1" 401 1471 "http://172.22.129.166:8080/artists" "Mozilla/5.0 (X11; Linux x86_64) AppleWebKit/537.36 (KHTML, like Gecko) Chrome/53.0.2785.143 Safari/537.36"
172.22.129.166 - fsinf [13/Oct/2016:18:36:41] "GET /queue HTTP/1.1" 200 3254 "http://172.22.129.166:8080/artists" "Mozilla/5.0 (X11; Linux x86_64) AppleWebKit/537.36 (KHTML, like Gecko) Chrome/53.0.2785.143 Safari/537.36"
172.22.129.166 - - [13/Oct/2016:18:36:43] "GET /tracks HTTP/1.1" 401 1471 "http://172.22.129.166:8080/queue" "Mozilla/5.0 (X11; Linux x86_64) AppleWebKit/537.36 (KHTML, like Gecko) Chrome/53.0.2785.143 Safari/537.36"
172.22.129.166 - fsinf [13/Oct/2016:18:36:43] "GET /tracks HTTP/1.1" 200 15353 "http://172.22.129.166:8080/queue" "Mozilla/5.0 (X11; Linux x86_64) AppleWebKit/537.36 (KHTML, like Gecko) Chrome/53.0.2785.143 Safari/537.36"
172.22.129.166 - - [13/Oct/2016:18:36:52] "GET /addToQueue?artist=Marst&album=Unsorted&track=Aquamour HTTP/1.1" 401 1471 "http://172.22.129.166:8080/tracks" "Mozilla/5.0 (X11; Linux x86_64) AppleWebKit/537.36 (KHTML, like Gecko) Chrome/53.0.2785.143 Safari/537.36"
172.22.129.166 - fsinf [13/Oct/2016:18:36:52] "GET /addToQueue?artist=Marst&album=Unsorted&track=Aquamour HTTP/1.1" 200 15353 "http://172.22.129.166:8080/tracks" "Mozilla/5.0 (X11; Linux x86_64) AppleWebKit/537.36 (KHTML, like Gecko) Chrome/53.0.2785.143 Safari/537.36"
172.22.129.166 - - [13/Oct/2016:18:36:53] "GET /startPlaying HTTP/1.1" 401 1471 "http://172.22.129.166:8080/addToQueue?artist=Marst&album=Unsorted&track=Aquamour" "Mozilla/5.0 (X11; Linux x86_64) AppleWebKit/537.36 (KHTML, like Gecko) Chrome/53.0.2785.143 Safari/537.36"
172.22.129.166 - fsinf [13/Oct/2016:18:36:53] "GET /startPlaying HTTP/1.1" 200 15342 "http://172.22.129.166:8080/addToQueue?artist=Marst&album=Unsorted&track=Aquamour" "Mozilla/5.0 (X11; Linux x86_64) AppleWebKit/537.36 (KHTML, like Gecko) Chrome/53.0.2785.143 Safari/537.36"
172.22.129.166 - - [13/Oct/2016:18:38:07] "GET /artists HTTP/1.1" 401 1471 "http://172.22.129.166:8080/startPlaying" "Mozilla/5.0 (X11; Linux x86_64) AppleWebKit/537.36 (KHTML, like Gecko) Chrome/53.0.2785.143 Safari/537.36"
172.22.129.166 - fsinf [13/Oct/2016:18:38:07] "GET /artists HTTP/1.1" 500 1436 "http://172.22.129.166:8080/startPlaying" "Mozilla/5.0 (X11; Linux x86_64) AppleWebKit/537.36 (KHTML, like Gecko) Chrome/53.0.2785.143 Safari/537.36"
172.22.129.166 - - [13/Oct/2016:18:38:28] "GET /artists HTTP/1.1" 401 1471 "http://172.22.129.166:8080/startPlaying" "Mozilla/5.0 (X11; Linux x86_64) AppleWebKit/537.36 (KHTML, like Gecko) Chrome/53.0.2785.143 Safari/537.36"
172.22.129.166 - fsinf [13/Oct/2016:18:38:28] "GET /artists HTTP/1.1" 200 9173 "http://172.22.129.166:8080/startPlaying" "Mozilla/5.0 (X11; Linux x86_64) AppleWebKit/537.36 (KHTML, like Gecko) Chrome/53.0.2785.143 Safari/537.36"
172.22.129.166 - - [13/Oct/2016:18:38:28] "GET /css/bootstrap.min.css HTTP/1.1" 401 1471 "http://172.22.129.166:8080/artists" "Mozilla/5.0 (X11; Linux x86_64) AppleWebKit/537.36 (KHTML, like Gecko) Chrome/53.0.2785.143 Safari/537.36"
172.22.129.166 - fsinf [13/Oct/2016:18:38:28] "GET /css/bootstrap.min.css HTTP/1.1" 304 - "http://172.22.129.166:8080/artists" "Mozilla/5.0 (X11; Linux x86_64) AppleWebKit/537.36 (KHTML, like Gecko) Chrome/53.0.2785.143 Safari/537.36"
172.22.129.166 - - [13/Oct/2016:18:38:28] "GET /fonts/glyphicons-halflings-regular.woff2 HTTP/1.1" 401 1471 "http://172.22.129.166:8080/css/bootstrap.min.css" "Mozilla/5.0 (X11; Linux x86_64) AppleWebKit/537.36 (KHTML, like Gecko) Chrome/53.0.2785.143 Safari/537.36"
172.22.129.166 - fsinf [13/Oct/2016:18:38:28] "GET /fonts/glyphicons-halflings-regular.woff2 HTTP/1.1" 304 - "http://172.22.129.166:8080/css/bootstrap.min.css" "Mozilla/5.0 (X11; Linux x86_64) AppleWebKit/537.36 (KHTML, like Gecko) Chrome/53.0.2785.143 Safari/537.36"
172.22.129.166 - - [13/Oct/2016:18:38:29] "GET /artist?artist=Trivium HTTP/1.1" 401 1471 "http://172.22.129.166:8080/artists" "Mozilla/5.0 (X11; Linux x86_64) AppleWebKit/537.36 (KHTML, like Gecko) Chrome/53.0.2785.143 Safari/537.36"
172.22.129.166 - fsinf [13/Oct/2016:18:38:29] "GET /artist?artist=Trivium HTTP/1.1" 200 5464 "http://172.22.129.166:8080/artists" "Mozilla/5.0 (X11; Linux x86_64) AppleWebKit/537.36 (KHTML, like Gecko) Chrome/53.0.2785.143 Safari/537.36"
172.22.129.166 - - [13/Oct/2016:18:38:31] "GET /addToQueue?artist=Trivium&album=Shogun&track=Down+From+The+Sky HTTP/1.1" 401 1471 "http://172.22.129.166:8080/artist?artist=Trivium" "Mozilla/5.0 (X11; Linux x86_64) AppleWebKit/537.36 (KHTML, like Gecko) Chrome/53.0.2785.143 Safari/537.36"
172.22.129.166 - fsinf [13/Oct/2016:18:38:31] "GET /addToQueue?artist=Trivium&album=Shogun&track=Down+From+The+Sky HTTP/1.1" 200 5464 "http://172.22.129.166:8080/artist?artist=Trivium" "Mozilla/5.0 (X11; Linux x86_64) AppleWebKit/537.36 (KHTML, like Gecko) Chrome/53.0.2785.143 Safari/537.36"
172.22.129.166 - - [13/Oct/2016:18:38:31] "GET /startPlaying HTTP/1.1" 401 1471 "http://172.22.129.166:8080/addToQueue?artist=Trivium&album=Shogun&track=Down+From+The+Sky" "Mozilla/5.0 (X11; Linux x86_64) AppleWebKit/537.36 (KHTML, like Gecko) Chrome/53.0.2785.143 Safari/537.36"
172.22.129.166 - fsinf [13/Oct/2016:18:38:31] "GET /startPlaying HTTP/1.1" 200 5464 "http://172.22.129.166:8080/addToQueue?artist=Trivium&album=Shogun&track=Down+From+The+Sky" "Mozilla/5.0 (X11; Linux x86_64) AppleWebKit/537.36 (KHTML, like Gecko) Chrome/53.0.2785.143 Safari/537.36"
172.22.129.166 - - [13/Oct/2016:18:39:57] "GET /artists HTTP/1.1" 401 1471 "" "Mozilla/5.0 (X11; Linux x86_64) AppleWebKit/537.36 (KHTML, like Gecko) Chrome/53.0.2785.143 Safari/537.36"
172.22.129.166 - fsinf [13/Oct/2016:18:39:59] "GET /artists HTTP/1.1" 200 9173 "" "Mozilla/5.0 (X11; Linux x86_64) AppleWebKit/537.36 (KHTML, like Gecko) Chrome/53.0.2785.143 Safari/537.36"
172.22.129.166 - fsinf [13/Oct/2016:18:39:59] "GET /favicon.ico HTTP/1.1" 404 1374 "http://172.22.129.166:8080/artists" "Mozilla/5.0 (X11; Linux x86_64) AppleWebKit/537.36 (KHTML, like Gecko) Chrome/53.0.2785.143 Safari/537.36"
172.22.129.166 - fsinf [13/Oct/2016:18:40:00] "GET /tracks HTTP/1.1" 200 15353 "http://172.22.129.166:8080/artists" "Mozilla/5.0 (X11; Linux x86_64) AppleWebKit/537.36 (KHTML, like Gecko) Chrome/53.0.2785.143 Safari/537.36"
172.22.129.166 - fsinf [13/Oct/2016:18:40:02] "GET /addToQueue?artist=Trivium&album=Shogun&track=Down+From+The+Sky HTTP/1.1" 200 15353 "http://172.22.129.166:8080/tracks" "Mozilla/5.0 (X11; Linux x86_64) AppleWebKit/537.36 (KHTML, like Gecko) Chrome/53.0.2785.143 Safari/537.36"
172.22.129.166 - fsinf [13/Oct/2016:18:40:03] "GET /startPlaying HTTP/1.1" 200 15353 "http://172.22.129.166:8080/addToQueue?artist=Trivium&album=Shogun&track=Down+From+The+Sky" "Mozilla/5.0 (X11; Linux x86_64) AppleWebKit/537.36 (KHTML, like Gecko) Chrome/53.0.2785.143 Safari/537.36"
172.22.129.166 - fsinf [13/Oct/2016:18:43:09] "GET /addToQueue?artist=Trivium&album=Shogun&track=Down+From+The+Sky HTTP/1.1" 200 32 "http://172.22.129.166:8080/startPlaying" "Mozilla/5.0 (X11; Linux x86_64) AppleWebKit/537.36 (KHTML, like Gecko) Chrome/53.0.2785.143 Safari/537.36"
172.22.129.166 - fsinf [13/Oct/2016:18:43:14] "GET /queue HTTP/1.1" 200 4189 "" "Mozilla/5.0 (X11; Linux x86_64) AppleWebKit/537.36 (KHTML, like Gecko) Chrome/53.0.2785.143 Safari/537.36"
172.22.129.166 - fsinf [13/Oct/2016:18:43:17] "GET /startPlaying HTTP/1.1" 200 3254 "http://172.22.129.166:8080/queue" "Mozilla/5.0 (X11; Linux x86_64) AppleWebKit/537.36 (KHTML, like Gecko) Chrome/53.0.2785.143 Safari/537.36"
172.22.129.166 - fsinf [13/Oct/2016:18:43:26] "GET /voteSkip HTTP/1.1" 200 3254 "http://172.22.129.166:8080/startPlaying" "Mozilla/5.0 (X11; Linux x86_64) AppleWebKit/537.36 (KHTML, like Gecko) Chrome/53.0.2785.143 Safari/537.36"
172.22.129.166 - fsinf [13/Oct/2016:18:43:49] "GET /tracks HTTP/1.1" 200 15353 "http://172.22.129.166:8080/voteSkip" "Mozilla/5.0 (X11; Linux x86_64) AppleWebKit/537.36 (KHTML, like Gecko) Chrome/53.0.2785.143 Safari/537.36"
141.2.8.167 - - [13/Oct/2016:18:46:32] "GET / HTTP/1.1" 401 1471 "" "Mozilla/5.0 (X11; Linux x86_64) AppleWebKit/537.36 (KHTML, like Gecko) Chrome/53.0.2785.143 Safari/537.36"
141.2.8.167 - fsinf [13/Oct/2016:18:46:36] "GET / HTTP/1.1" 200 32 "" "Mozilla/5.0 (X11; Linux x86_64) AppleWebKit/537.36 (KHTML, like Gecko) Chrome/53.0.2785.143 Safari/537.36"
141.2.8.167 - fsinf [13/Oct/2016:18:46:36] "GET /favicon.ico HTTP/1.1" 404 1374 "http://141.2.8.167:8080/" "Mozilla/5.0 (X11; Linux x86_64) AppleWebKit/537.36 (KHTML, like Gecko) Chrome/53.0.2785.143 Safari/537.36"
141.2.8.212 - - [13/Oct/2016:18:46:39] "GET / HTTP/1.1" 401 1471 "" "Mozilla/5.0 (Windows NT 6.1; WOW64; rv:49.0) Gecko/20100101 Firefox/49.0"
141.2.8.167 - fsinf [13/Oct/2016:18:46:43] "GET /artists HTTP/1.1" 200 9173 "" "Mozilla/5.0 (X11; Linux x86_64) AppleWebKit/537.36 (KHTML, like Gecko) Chrome/53.0.2785.143 Safari/537.36"
141.2.8.167 - fsinf [13/Oct/2016:18:46:43] "GET /css/bootstrap.min.css HTTP/1.1" 200 121200 "http://141.2.8.167:8080/artists" "Mozilla/5.0 (X11; Linux x86_64) AppleWebKit/537.36 (KHTML, like Gecko) Chrome/53.0.2785.143 Safari/537.36"
141.2.8.167 - fsinf [13/Oct/2016:18:46:43] "GET /fonts/glyphicons-halflings-regular.woff2 HTTP/1.1" 200 18028 "http://141.2.8.167:8080/css/bootstrap.min.css" "Mozilla/5.0 (X11; Linux x86_64) AppleWebKit/537.36 (KHTML, like Gecko) Chrome/53.0.2785.143 Safari/537.36"
141.2.8.212 - fsinf [13/Oct/2016:18:46:47] "GET / HTTP/1.1" 200 32 "" "Mozilla/5.0 (Windows NT 6.1; WOW64; rv:49.0) Gecko/20100101 Firefox/49.0"
141.2.8.212 - fsinf [13/Oct/2016:18:46:47] "GET /favicon.ico HTTP/1.1" 404 1374 "" "Mozilla/5.0 (Windows NT 6.1; WOW64; rv:49.0) Gecko/20100101 Firefox/49.0"
141.2.8.212 - fsinf [13/Oct/2016:18:46:48] "GET /favicon.ico HTTP/1.1" 404 1374 "" "Mozilla/5.0 (Windows NT 6.1; WOW64; rv:49.0) Gecko/20100101 Firefox/49.0"
141.2.8.76 - - [13/Oct/2016:18:46:53] "GET / HTTP/1.1" 401 1471 "" "Mozilla/5.0 (Windows NT 6.1; WOW64; rv:41.0) Gecko/20100101 Firefox/41.0"
141.2.8.76 - - [13/Oct/2016:18:46:59] "GET / HTTP/1.1" 401 1471 "" "Mozilla/5.0 (Windows NT 6.1; WOW64; rv:41.0) Gecko/20100101 Firefox/41.0"
141.2.8.76 - - [13/Oct/2016:18:47:00] "GET / HTTP/1.1" 401 1471 "" "Mozilla/5.0 (Windows NT 6.1; WOW64; rv:41.0) Gecko/20100101 Firefox/41.0"
141.2.8.231 - - [13/Oct/2016:18:47:01] "GET / HTTP/1.1" 401 1471 "" "Mozilla/5.0 (Windows NT 6.1; rv:49.0) Gecko/20100101 Firefox/49.0"
141.2.8.76 - fsinf [13/Oct/2016:18:47:03] "GET / HTTP/1.1" 200 32 "" "Mozilla/5.0 (Windows NT 6.1; WOW64; rv:41.0) Gecko/20100101 Firefox/41.0"
141.2.8.167 - fsinf [13/Oct/2016:18:47:03] "GET /artist?artist=Trivium HTTP/1.1" 200 5464 "http://141.2.8.167:8080/artists" "Mozilla/5.0 (X11; Linux x86_64) AppleWebKit/537.36 (KHTML, like Gecko) Chrome/53.0.2785.143 Safari/537.36"
141.2.8.76 - fsinf [13/Oct/2016:18:47:03] "GET /favicon.ico HTTP/1.1" 404 1374 "" "Mozilla/5.0 (Windows NT 6.1; WOW64; rv:41.0) Gecko/20100101 Firefox/41.0"
141.2.8.76 - fsinf [13/Oct/2016:18:47:03] "GET /favicon.ico HTTP/1.1" 404 1374 "" "Mozilla/5.0 (Windows NT 6.1; WOW64; rv:41.0) Gecko/20100101 Firefox/41.0"
141.2.8.167 - fsinf [13/Oct/2016:18:47:04] "GET /addToQueue?artist=Trivium&album=Shogun&track=Down+From+The+Sky HTTP/1.1" 200 5464 "http://141.2.8.167:8080/artist?artist=Trivium" "Mozilla/5.0 (X11; Linux x86_64) AppleWebKit/537.36 (KHTML, like Gecko) Chrome/53.0.2785.143 Safari/537.36"
141.2.8.167 - fsinf [13/Oct/2016:18:47:05] "GET /startPlaying HTTP/1.1" 200 5464 "http://141.2.8.167:8080/addToQueue?artist=Trivium&album=Shogun&track=Down+From+The+Sky" "Mozilla/5.0 (X11; Linux x86_64) AppleWebKit/537.36 (KHTML, like Gecko) Chrome/53.0.2785.143 Safari/537.36"
141.2.8.231 - - [13/Oct/2016:18:47:06] "GET / HTTP/1.1" 401 1471 "" "Mozilla/5.0 (Windows NT 6.1; rv:49.0) Gecko/20100101 Firefox/49.0"
141.2.8.231 - - [13/Oct/2016:18:47:10] "GET / HTTP/1.1" 401 1471 "" "Mozilla/5.0 (Windows NT 6.1; rv:49.0) Gecko/20100101 Firefox/49.0"
141.2.8.76 - fsinf [13/Oct/2016:18:47:11] "GET /artists HTTP/1.1" 200 9173 "" "Mozilla/5.0 (Windows NT 6.1; WOW64; rv:41.0) Gecko/20100101 Firefox/41.0"
141.2.8.76 - fsinf [13/Oct/2016:18:47:11] "GET /css/bootstrap.min.css HTTP/1.1" 200 121200 "http://141.2.8.167:8080/artists" "Mozilla/5.0 (Windows NT 6.1; WOW64; rv:41.0) Gecko/20100101 Firefox/41.0"
141.2.8.76 - fsinf [13/Oct/2016:18:47:11] "GET /fonts/glyphicons-halflings-regular.woff2 HTTP/1.1" 200 18028 "http://141.2.8.167:8080/css/bootstrap.min.css" "Mozilla/5.0 (Windows NT 6.1; WOW64; rv:41.0) Gecko/20100101 Firefox/41.0"
141.2.8.231 - fsinf [13/Oct/2016:18:47:14] "GET / HTTP/1.1" 200 32 "" "Mozilla/5.0 (Windows NT 6.1; rv:49.0) Gecko/20100101 Firefox/49.0"
141.2.8.231 - fsinf [13/Oct/2016:18:47:14] "GET /favicon.ico HTTP/1.1" 404 1374 "" "Mozilla/5.0 (Windows NT 6.1; rv:49.0) Gecko/20100101 Firefox/49.0"
141.2.8.231 - fsinf [13/Oct/2016:18:47:14] "GET /favicon.ico HTTP/1.1" 404 1374 "" "Mozilla/5.0 (Windows NT 6.1; rv:49.0) Gecko/20100101 Firefox/49.0"
141.2.8.231 - fsinf [13/Oct/2016:18:47:19] "GET /artist HTTP/1.1" 500 1710 "" "Mozilla/5.0 (Windows NT 6.1; rv:49.0) Gecko/20100101 Firefox/49.0"
141.2.8.76 - fsinf [13/Oct/2016:18:47:21] "GET /artists HTTP/1.1" 200 9173 "http://141.2.8.167:8080/artists" "Mozilla/5.0 (Windows NT 6.1; WOW64; rv:41.0) Gecko/20100101 Firefox/41.0"
141.2.8.231 - fsinf [13/Oct/2016:18:47:22] "GET /artists HTTP/1.1" 200 9173 "" "Mozilla/5.0 (Windows NT 6.1; rv:49.0) Gecko/20100101 Firefox/49.0"
141.2.8.231 - fsinf [13/Oct/2016:18:47:22] "GET /css/bootstrap.min.css HTTP/1.1" 200 121200 "http://141.2.8.167:8080/artists" "Mozilla/5.0 (Windows NT 6.1; rv:49.0) Gecko/20100101 Firefox/49.0"
141.2.8.231 - fsinf [13/Oct/2016:18:47:22] "GET /fonts/glyphicons-halflings-regular.woff2 HTTP/1.1" 200 18028 "http://141.2.8.167:8080/css/bootstrap.min.css" "Mozilla/5.0 (Windows NT 6.1; rv:49.0) Gecko/20100101 Firefox/49.0"
141.2.8.231 - fsinf [13/Oct/2016:18:47:26] "GET /add HTTP/1.1" 200 3994 "http://141.2.8.167:8080/artists" "Mozilla/5.0 (Windows NT 6.1; rv:49.0) Gecko/20100101 Firefox/49.0"
141.2.8.231 - fsinf [13/Oct/2016:18:47:28] "GET /addByType?trackType=FileTrack HTTP/1.1" 200 5338 "http://141.2.8.167:8080/add" "Mozilla/5.0 (Windows NT 6.1; rv:49.0) Gecko/20100101 Firefox/49.0"
141.2.8.76 - fsinf [13/Oct/2016:18:47:37] "GET /artist?artist=Rammstein HTTP/1.1" 200 5113 "http://141.2.8.167:8080/artists" "Mozilla/5.0 (Windows NT 6.1; WOW64; rv:41.0) Gecko/20100101 Firefox/41.0"
141.2.8.76 - fsinf [13/Oct/2016:18:47:43] "GET /artist?artist=Trivium HTTP/1.1" 200 5464 "http://141.2.8.167:8080/artists" "Mozilla/5.0 (Windows NT 6.1; WOW64; rv:41.0) Gecko/20100101 Firefox/41.0"
141.2.8.167 - fsinf [13/Oct/2016:18:48:13] "GET /queue HTTP/1.1" 200 3254 "http://141.2.8.167:8080/startPlaying" "Mozilla/5.0 (X11; Linux x86_64) AppleWebKit/537.36 (KHTML, like Gecko) Chrome/53.0.2785.143 Safari/537.36"
141.2.8.231 - fsinf [13/Oct/2016:18:48:26] "POST /upload HTTP/1.1" 200 3994 "http://141.2.8.167:8080/addByType?trackType=FileTrack" "Mozilla/5.0 (Windows NT 6.1; rv:49.0) Gecko/20100101 Firefox/49.0"
141.2.8.212 - fsinf [13/Oct/2016:18:48:26] "GET /artists HTTP/1.1" 200 9716 "" "Mozilla/5.0 (Windows NT 6.1; WOW64; rv:49.0) Gecko/20100101 Firefox/49.0"
141.2.8.212 - fsinf [13/Oct/2016:18:48:27] "GET /css/bootstrap.min.css HTTP/1.1" 200 121200 "http://141.2.8.167:8080/artists" "Mozilla/5.0 (Windows NT 6.1; WOW64; rv:49.0) Gecko/20100101 Firefox/49.0"
141.2.8.231 - fsinf [13/Oct/2016:18:48:28] "GET /artists HTTP/1.1" 200 9716 "http://141.2.8.167:8080/upload" "Mozilla/5.0 (Windows NT 6.1; rv:49.0) Gecko/20100101 Firefox/49.0"
141.2.8.212 - fsinf [13/Oct/2016:18:48:28] "GET /fonts/glyphicons-halflings-regular.woff2 HTTP/1.1" 200 18028 "http://141.2.8.167:8080/css/bootstrap.min.css" "Mozilla/5.0 (Windows NT 6.1; WOW64; rv:49.0) Gecko/20100101 Firefox/49.0"
141.2.8.231 - fsinf [13/Oct/2016:18:48:32] "GET /artist?artist=Sylosis HTTP/1.1" 200 5598 "http://141.2.8.167:8080/artists" "Mozilla/5.0 (Windows NT 6.1; rv:49.0) Gecko/20100101 Firefox/49.0"
141.2.8.231 - fsinf [13/Oct/2016:18:48:34] "GET /addToQueue?artist=Sylosis&album=At+The+Edge+Of+The+World&track=Procession HTTP/1.1" 200 5598 "http://141.2.8.167:8080/artist?artist=Sylosis" "Mozilla/5.0 (Windows NT 6.1; rv:49.0) Gecko/20100101 Firefox/49.0"
141.2.8.231 - fsinf [13/Oct/2016:18:48:36] "GET /queue HTTP/1.1" 200 4229 "http://141.2.8.167:8080/addToQueue?artist=Sylosis&album=At+The+Edge+Of+The+World&track=Procession" "Mozilla/5.0 (Windows NT 6.1; rv:49.0) Gecko/20100101 Firefox/49.0"
141.2.8.167 - fsinf [13/Oct/2016:18:49:20] "GET / HTTP/1.1" 200 9716 "" "Mozilla/5.0 (X11; Linux x86_64) AppleWebKit/537.36 (KHTML, like Gecko) Chrome/53.0.2785.143 Safari/537.36"
141.2.8.167 - fsinf [13/Oct/2016:18:49:24] "GET /artist?artist=Trivium HTTP/1.1" 200 5464 "http://141.2.8.167:8080/" "Mozilla/5.0 (X11; Linux x86_64) AppleWebKit/537.36 (KHTML, like Gecko) Chrome/53.0.2785.143 Safari/537.36"
141.2.8.167 - fsinf [13/Oct/2016:18:49:25] "GET /addToQueue?artist=Trivium&album=Shogun&track=Down+From+The+Sky HTTP/1.1" 200 5464 "http://141.2.8.167:8080/artist?artist=Trivium" "Mozilla/5.0 (X11; Linux x86_64) AppleWebKit/537.36 (KHTML, like Gecko) Chrome/53.0.2785.143 Safari/537.36"
141.2.8.167 - fsinf [13/Oct/2016:18:49:27] "GET /startPlaying HTTP/1.1" 200 5464 "http://141.2.8.167:8080/addToQueue?artist=Trivium&album=Shogun&track=Down+From+The+Sky" "Mozilla/5.0 (X11; Linux x86_64) AppleWebKit/537.36 (KHTML, like Gecko) Chrome/53.0.2785.143 Safari/537.36"
141.2.8.212 - fsinf [13/Oct/2016:18:49:30] "GET /tracks HTTP/1.1" 200 16735 "http://141.2.8.167:8080/artists" "Mozilla/5.0 (Windows NT 6.1; WOW64; rv:49.0) Gecko/20100101 Firefox/49.0"
141.2.8.167 - fsinf [13/Oct/2016:18:49:45] "GET /queue HTTP/1.1" 200 3254 "http://141.2.8.167:8080/startPlaying" "Mozilla/5.0 (X11; Linux x86_64) AppleWebKit/537.36 (KHTML, like Gecko) Chrome/53.0.2785.143 Safari/537.36"
141.2.8.167 - fsinf [13/Oct/2016:18:49:48] "GET /albums HTTP/1.1" 200 13609 "http://141.2.8.167:8080/queue" "Mozilla/5.0 (X11; Linux x86_64) AppleWebKit/537.36 (KHTML, like Gecko) Chrome/53.0.2785.143 Safari/537.36"
141.2.8.212 - fsinf [13/Oct/2016:18:49:53] "GET /add HTTP/1.1" 200 3994 "http://141.2.8.167:8080/tracks" "Mozilla/5.0 (Windows NT 6.1; WOW64; rv:49.0) Gecko/20100101 Firefox/49.0"
141.2.8.167 - fsinf [13/Oct/2016:18:49:58] "GET /queue HTTP/1.1" 200 3254 "http://141.2.8.167:8080/albums" "Mozilla/5.0 (X11; Linux x86_64) AppleWebKit/537.36 (KHTML, like Gecko) Chrome/53.0.2785.143 Safari/537.36"
141.2.8.167 - fsinf [13/Oct/2016:18:50:04] "GET /artist?artist=Sylosis HTTP/1.1" 200 5598 "http://141.2.8.167:8080/albums" "Mozilla/5.0 (X11; Linux x86_64) AppleWebKit/537.36 (KHTML, like Gecko) Chrome/53.0.2785.143 Safari/537.36"
141.2.8.167 - fsinf [13/Oct/2016:18:50:06] "GET /addToQueue?artist=Sylosis&album=At+The+Edge+Of+The+World&track=Procession HTTP/1.1" 200 5598 "http://141.2.8.167:8080/artist?artist=Sylosis" "Mozilla/5.0 (X11; Linux x86_64) AppleWebKit/537.36 (KHTML, like Gecko) Chrome/53.0.2785.143 Safari/537.36"
141.2.8.167 - fsinf [13/Oct/2016:18:50:08] "GET /queue HTTP/1.1" 200 4229 "http://141.2.8.167:8080/addToQueue?artist=Sylosis&album=At+The+Edge+Of+The+World&track=Procession" "Mozilla/5.0 (X11; Linux x86_64) AppleWebKit/537.36 (KHTML, like Gecko) Chrome/53.0.2785.143 Safari/537.36"
141.2.8.167 - fsinf [13/Oct/2016:18:50:24] "GET /artists HTTP/1.1" 200 9716 "http://141.2.8.167:8080/queue" "Mozilla/5.0 (X11; Linux x86_64) AppleWebKit/537.36 (KHTML, like Gecko) Chrome/53.0.2785.143 Safari/537.36"
141.2.8.212 - fsinf [13/Oct/2016:18:50:33] "GET /addByType?trackType=FileTrack HTTP/1.1" 200 5338 "http://141.2.8.167:8080/add" "Mozilla/5.0 (Windows NT 6.1; WOW64; rv:49.0) Gecko/20100101 Firefox/49.0"
141.2.8.167 - fsinf [13/Oct/2016:18:50:34] "GET /queue HTTP/1.1" 200 4229 "http://141.2.8.167:8080/artists" "Mozilla/5.0 (X11; Linux x86_64) AppleWebKit/537.36 (KHTML, like Gecko) Chrome/53.0.2785.143 Safari/537.36"
