172.22.133.194 - - [11/Oct/2016:18:00:18] "GET /favicon.ico HTTP/1.1" 401 1471 "" "Mozilla/5.0 (Android; Mobile; rv:38.8.0) Gecko/38.8.0 IceCat/38.8.0"
172.22.133.194 - - [11/Oct/2016:18:00:18] "GET /favicon.ico HTTP/1.1" 401 1471 "" "Mozilla/5.0 (Android; Mobile; rv:38.8.0) Gecko/38.8.0 IceCat/38.8.0"
172.22.133.194 - - [11/Oct/2016:18:00:28] "GET /favicon.ico HTTP/1.1" 401 1471 "" "Mozilla/5.0 (Android; Mobile; rv:38.8.0) Gecko/38.8.0 IceCat/38.8.0"
172.22.133.194 - - [11/Oct/2016:18:00:28] "GET /favicon.ico HTTP/1.1" 401 1471 "" "Mozilla/5.0 (Android; Mobile; rv:38.8.0) Gecko/38.8.0 IceCat/38.8.0"
172.22.133.194 - fsinf [11/Oct/2016:18:00:32] "GET /getQueued HTTP/1.1" 200 3002 "http://172.22.129.110:8080/getQueued" "Mozilla/5.0 (Android; Mobile; rv:38.0) Gecko/38.0 Firefox/38.0"
172.22.133.194 - - [11/Oct/2016:18:00:32] "GET /favicon.ico HTTP/1.1" 401 1471 "" "Mozilla/5.0 (Android; Mobile; rv:38.8.0) Gecko/38.8.0 IceCat/38.8.0"
172.22.133.194 - - [11/Oct/2016:18:00:32] "GET /favicon.ico HTTP/1.1" 401 1471 "" "Mozilla/5.0 (Android; Mobile; rv:38.8.0) Gecko/38.8.0 IceCat/38.8.0"
172.22.133.194 - - [11/Oct/2016:18:00:39] "GET /favicon.ico HTTP/1.1" 401 1471 "" "Mozilla/5.0 (Android; Mobile; rv:38.8.0) Gecko/38.8.0 IceCat/38.8.0"
172.22.133.194 - - [11/Oct/2016:18:00:39] "GET /favicon.ico HTTP/1.1" 401 1471 "" "Mozilla/5.0 (Android; Mobile; rv:38.8.0) Gecko/38.8.0 IceCat/38.8.0"
172.22.133.194 - fsinf [11/Oct/2016:18:00:41] "GET /addToQueue?artist=Unsorted&album=Unsorted&track=test HTTP/1.1" 200 4025 "http://172.22.129.110:8080/addToQueue?artist=Unsorted&album=Unsorted&track=test" "Mozilla/5.0 (Android; Mobile; rv:38.0) Gecko/38.0 Firefox/38.0"
172.22.133.194 - - [11/Oct/2016:18:00:42] "GET /favicon.ico HTTP/1.1" 401 1471 "" "Mozilla/5.0 (Android; Mobile; rv:38.8.0) Gecko/38.8.0 IceCat/38.8.0"
172.22.133.194 - - [11/Oct/2016:18:00:42] "GET /favicon.ico HTTP/1.1" 401 1471 "" "Mozilla/5.0 (Android; Mobile; rv:38.8.0) Gecko/38.8.0 IceCat/38.8.0"
172.22.133.194 - - [11/Oct/2016:18:00:51] "GET /favicon.ico HTTP/1.1" 401 1471 "" "Mozilla/5.0 (Android; Mobile; rv:38.8.0) Gecko/38.8.0 IceCat/38.8.0"
172.22.133.194 - - [11/Oct/2016:18:00:51] "GET /favicon.ico HTTP/1.1" 401 1471 "" "Mozilla/5.0 (Android; Mobile; rv:38.8.0) Gecko/38.8.0 IceCat/38.8.0"
172.22.133.194 - fsinf [11/Oct/2016:18:00:53] "GET /getQueued HTTP/1.1" 200 4025 "http://172.22.129.110:8080/getQueued" "Mozilla/5.0 (Android; Mobile; rv:38.0) Gecko/38.0 Firefox/38.0"
172.22.133.194 - - [11/Oct/2016:18:00:53] "GET /favicon.ico HTTP/1.1" 401 1471 "" "Mozilla/5.0 (Android; Mobile; rv:38.8.0) Gecko/38.8.0 IceCat/38.8.0"
172.22.133.194 - - [11/Oct/2016:18:00:53] "GET /favicon.ico HTTP/1.1" 401 1471 "" "Mozilla/5.0 (Android; Mobile; rv:38.8.0) Gecko/38.8.0 IceCat/38.8.0"
172.22.133.194 - fsinf [11/Oct/2016:18:01:04] "GET /artists HTTP/1.1" 200 5125 "http://172.22.129.110:8080/artists" "Mozilla/5.0 (Android; Mobile; rv:38.0) Gecko/38.0 Firefox/38.0"
172.22.133.194 - - [11/Oct/2016:18:01:04] "GET /favicon.ico HTTP/1.1" 401 1471 "" "Mozilla/5.0 (Android; Mobile; rv:38.8.0) Gecko/38.8.0 IceCat/38.8.0"
172.22.133.194 - - [11/Oct/2016:18:01:04] "GET /favicon.ico HTTP/1.1" 401 1471 "" "Mozilla/5.0 (Android; Mobile; rv:38.8.0) Gecko/38.8.0 IceCat/38.8.0"
172.22.133.194 - fsinf [11/Oct/2016:18:01:14] "GET /getQueued HTTP/1.1" 200 4025 "http://172.22.129.110:8080/getQueued" "Mozilla/5.0 (Android; Mobile; rv:38.0) Gecko/38.0 Firefox/38.0"
172.22.133.194 - - [11/Oct/2016:18:01:14] "GET /favicon.ico HTTP/1.1" 401 1471 "" "Mozilla/5.0 (Android; Mobile; rv:38.8.0) Gecko/38.8.0 IceCat/38.8.0"
172.22.133.194 - - [11/Oct/2016:18:01:14] "GET /favicon.ico HTTP/1.1" 401 1471 "" "Mozilla/5.0 (Android; Mobile; rv:38.8.0) Gecko/38.8.0 IceCat/38.8.0"
172.22.135.16 - fsinf [11/Oct/2016:18:01:22] "GET /addToQueue?artist=A+Perfect+Circle&album=Stone+and+Echo&track=Full+Album HTTP/1.1" 200 5889 "http://172.22.129.110:8080/tracks" "Mozilla/5.0 (X11; Linux x86_64; rv:49.0) Gecko/20100101 Firefox/49.0"
172.22.135.16 - fsinf [11/Oct/2016:18:01:23] "GET /addToQueue?artist=Unsorted&album=Unsorted&track=test HTTP/1.1" 200 5889 "http://172.22.129.110:8080/addToQueue?artist=A+Perfect+Circle&album=Stone+and+Echo&track=Full+Album" "Mozilla/5.0 (X11; Linux x86_64; rv:49.0) Gecko/20100101 Firefox/49.0"
172.22.135.16 - fsinf [11/Oct/2016:18:01:24] "GET /addToQueue?artist=Marst&album=Unsorted&track=Aquamour HTTP/1.1" 200 5889 "http://172.22.129.110:8080/addToQueue?artist=Unsorted&album=Unsorted&track=test" "Mozilla/5.0 (X11; Linux x86_64; rv:49.0) Gecko/20100101 Firefox/49.0"
172.22.135.16 - fsinf [11/Oct/2016:18:01:25] "GET /stopPlaying HTTP/1.1" 200 5892 "http://172.22.129.110:8080/addToQueue?artist=Marst&album=Unsorted&track=Aquamour" "Mozilla/5.0 (X11; Linux x86_64; rv:49.0) Gecko/20100101 Firefox/49.0"
172.22.135.16 - fsinf [11/Oct/2016:18:01:27] "GET /startPlaying HTTP/1.1" 200 5888 "http://172.22.129.110:8080/stopPlaying" "Mozilla/5.0 (X11; Linux x86_64; rv:49.0) Gecko/20100101 Firefox/49.0"
172.22.133.194 - fsinf [11/Oct/2016:18:01:29] "GET /getQueued HTTP/1.1" 200 6128 "http://172.22.129.110:8080/getQueued" "Mozilla/5.0 (Android; Mobile; rv:38.0) Gecko/38.0 Firefox/38.0"
172.22.133.194 - fsinf [11/Oct/2016:18:01:29] "GET /css/bootstrap.min.css HTTP/1.1" 200 121200 "http://172.22.129.110:8080/css/bootstrap.min.css" "Mozilla/5.0 (Android; Mobile; rv:38.0) Gecko/38.0 Firefox/38.0"
172.22.135.16 - fsinf [11/Oct/2016:18:01:30] "GET /addToQueue?artist=A+Perfect+Circle&album=Stone+and+Echo&track=Full+Album HTTP/1.1" 200 5888 "http://172.22.129.110:8080/startPlaying" "Mozilla/5.0 (X11; Linux x86_64; rv:49.0) Gecko/20100101 Firefox/49.0"
172.22.133.194 - fsinf [11/Oct/2016:18:01:30] "GET /fonts/glyphicons-halflings-regular.woff HTTP/1.1" 200 23424 "http://172.22.129.110:8080/fonts/glyphicons-halflings-regular.woff" "Mozilla/5.0 (Android; Mobile; rv:38.0) Gecko/38.0 Firefox/38.0"
172.22.135.16 - fsinf [11/Oct/2016:18:01:30] "GET /addToQueue?artist=Unsorted&album=Unsorted&track=test HTTP/1.1" 200 5888 "http://172.22.129.110:8080/addToQueue?artist=A+Perfect+Circle&album=Stone+and+Echo&track=Full+Album" "Mozilla/5.0 (X11; Linux x86_64; rv:49.0) Gecko/20100101 Firefox/49.0"
172.22.135.16 - fsinf [11/Oct/2016:18:01:31] "GET /addToQueue?artist=Marst&album=Unsorted&track=Aquamour HTTP/1.1" 200 5888 "http://172.22.129.110:8080/addToQueue?artist=Unsorted&album=Unsorted&track=test" "Mozilla/5.0 (X11; Linux x86_64; rv:49.0) Gecko/20100101 Firefox/49.0"
172.22.135.16 - fsinf [11/Oct/2016:18:01:33] "GET /getQueued HTTP/1.1" 200 9255 "http://172.22.129.110:8080/addToQueue?artist=Marst&album=Unsorted&track=Aquamour" "Mozilla/5.0 (X11; Linux x86_64; rv:49.0) Gecko/20100101 Firefox/49.0"
172.22.133.194 - - [11/Oct/2016:18:01:34] "GET /favicon.ico HTTP/1.1" 401 1471 "" "Mozilla/5.0 (Android; Mobile; rv:38.8.0) Gecko/38.8.0 IceCat/38.8.0"
172.22.133.194 - - [11/Oct/2016:18:01:34] "GET /favicon.ico HTTP/1.1" 401 1471 "" "Mozilla/5.0 (Android; Mobile; rv:38.8.0) Gecko/38.8.0 IceCat/38.8.0"
172.22.133.194 - fsinf [11/Oct/2016:18:01:37] "GET /tracks HTTP/1.1" 200 5888 "http://172.22.129.110:8080/tracks" "Mozilla/5.0 (Android; Mobile; rv:38.0) Gecko/38.0 Firefox/38.0"
172.22.133.194 - - [11/Oct/2016:18:01:37] "GET /favicon.ico HTTP/1.1" 401 1471 "" "Mozilla/5.0 (Android; Mobile; rv:38.8.0) Gecko/38.8.0 IceCat/38.8.0"
172.22.133.194 - - [11/Oct/2016:18:01:37] "GET /favicon.ico HTTP/1.1" 401 1471 "" "Mozilla/5.0 (Android; Mobile; rv:38.8.0) Gecko/38.8.0 IceCat/38.8.0"
172.22.135.16 - fsinf [11/Oct/2016:18:01:42] "GET /getQueued HTTP/1.1" 200 8184 "http://172.22.129.110:8080/addToQueue?artist=Marst&album=Unsorted&track=Aquamour" "Mozilla/5.0 (X11; Linux x86_64; rv:49.0) Gecko/20100101 Firefox/49.0"
172.22.135.16 - fsinf [11/Oct/2016:18:01:42] "GET /css/bootstrap.min.css HTTP/1.1" 304 - "http://172.22.129.110:8080/getQueued" "Mozilla/5.0 (X11; Linux x86_64; rv:49.0) Gecko/20100101 Firefox/49.0"
172.22.133.194 - fsinf [11/Oct/2016:18:01:47] "GET /stopPlaying HTTP/1.1" 200 5892 "http://172.22.129.110:8080/stopPlaying" "Mozilla/5.0 (Android; Mobile; rv:38.0) Gecko/38.0 Firefox/38.0"
172.22.133.194 - - [11/Oct/2016:18:01:48] "GET /favicon.ico HTTP/1.1" 401 1471 "" "Mozilla/5.0 (Android; Mobile; rv:38.8.0) Gecko/38.8.0 IceCat/38.8.0"
172.22.133.194 - - [11/Oct/2016:18:01:48] "GET /favicon.ico HTTP/1.1" 401 1471 "" "Mozilla/5.0 (Android; Mobile; rv:38.8.0) Gecko/38.8.0 IceCat/38.8.0"
172.22.135.16 - fsinf [11/Oct/2016:18:01:50] "GET /getQueued HTTP/1.1" 200 8174 "http://172.22.129.110:8080/addToQueue?artist=Marst&album=Unsorted&track=Aquamour" "Mozilla/5.0 (X11; Linux x86_64; rv:49.0) Gecko/20100101 Firefox/49.0"
172.22.135.16 - fsinf [11/Oct/2016:18:01:50] "GET /css/bootstrap.min.css HTTP/1.1" 304 - "http://172.22.129.110:8080/getQueued" "Mozilla/5.0 (X11; Linux x86_64; rv:49.0) Gecko/20100101 Firefox/49.0"
172.22.133.194 - fsinf [11/Oct/2016:18:01:51] "GET /startPlaying HTTP/1.1" 200 5888 "http://172.22.129.110:8080/startPlaying" "Mozilla/5.0 (Android; Mobile; rv:38.0) Gecko/38.0 Firefox/38.0"
172.22.135.16 - fsinf [11/Oct/2016:18:01:51] "GET /startPlaying HTTP/1.1" 200 6129 "http://172.22.129.110:8080/getQueued" "Mozilla/5.0 (X11; Linux x86_64; rv:49.0) Gecko/20100101 Firefox/49.0"
172.22.133.194 - - [11/Oct/2016:18:01:52] "GET /favicon.ico HTTP/1.1" 401 1471 "" "Mozilla/5.0 (Android; Mobile; rv:38.8.0) Gecko/38.8.0 IceCat/38.8.0"
172.22.133.194 - - [11/Oct/2016:18:01:52] "GET /favicon.ico HTTP/1.1" 401 1471 "" "Mozilla/5.0 (Android; Mobile; rv:38.8.0) Gecko/38.8.0 IceCat/38.8.0"
172.22.135.16 - fsinf [11/Oct/2016:18:01:56] "GET /voteSkip HTTP/1.1" 200 6129 "http://172.22.129.110:8080/startPlaying" "Mozilla/5.0 (X11; Linux x86_64; rv:49.0) Gecko/20100101 Firefox/49.0"
172.22.133.194 - fsinf [11/Oct/2016:18:01:57] "GET /tracks HTTP/1.1" 200 5889 "http://172.22.129.110:8080/tracks" "Mozilla/5.0 (Android; Mobile; rv:38.0) Gecko/38.0 Firefox/38.0"
172.22.133.194 - - [11/Oct/2016:18:01:57] "GET /favicon.ico HTTP/1.1" 401 1471 "" "Mozilla/5.0 (Android; Mobile; rv:38.8.0) Gecko/38.8.0 IceCat/38.8.0"
172.22.133.194 - - [11/Oct/2016:18:01:58] "GET /favicon.ico HTTP/1.1" 401 1471 "" "Mozilla/5.0 (Android; Mobile; rv:38.8.0) Gecko/38.8.0 IceCat/38.8.0"
172.22.135.16 - fsinf [11/Oct/2016:18:02:00] "GET /voteSkip HTTP/1.1" 200 6129 "http://172.22.129.110:8080/startPlaying" "Mozilla/5.0 (X11; Linux x86_64; rv:49.0) Gecko/20100101 Firefox/49.0"
172.22.135.16 - fsinf [11/Oct/2016:18:02:00] "GET /css/bootstrap.min.css HTTP/1.1" 304 - "http://172.22.129.110:8080/voteSkip" "Mozilla/5.0 (X11; Linux x86_64; rv:49.0) Gecko/20100101 Firefox/49.0"
172.22.133.194 - fsinf [11/Oct/2016:18:02:01] "GET /voteSkip HTTP/1.1" 200 5889 "http://172.22.129.110:8080/voteSkip" "Mozilla/5.0 (Android; Mobile; rv:38.0) Gecko/38.0 Firefox/38.0"
172.22.133.194 - - [11/Oct/2016:18:02:01] "GET /favicon.ico HTTP/1.1" 401 1471 "" "Mozilla/5.0 (Android; Mobile; rv:38.8.0) Gecko/38.8.0 IceCat/38.8.0"
172.22.133.194 - - [11/Oct/2016:18:02:01] "GET /favicon.ico HTTP/1.1" 401 1471 "" "Mozilla/5.0 (Android; Mobile; rv:38.8.0) Gecko/38.8.0 IceCat/38.8.0"
172.22.135.16 - fsinf [11/Oct/2016:18:02:07] "GET /voteSkip HTTP/1.1" 200 6129 "http://172.22.129.110:8080/startPlaying" "Mozilla/5.0 (X11; Linux x86_64; rv:49.0) Gecko/20100101 Firefox/49.0"
172.22.135.16 - fsinf [11/Oct/2016:18:02:07] "GET /css/bootstrap.min.css HTTP/1.1" 304 - "http://172.22.129.110:8080/voteSkip" "Mozilla/5.0 (X11; Linux x86_64; rv:49.0) Gecko/20100101 Firefox/49.0"
172.22.135.16 - fsinf [11/Oct/2016:18:02:09] "GET /voteSkip HTTP/1.1" 200 6129 "http://172.22.129.110:8080/voteSkip" "Mozilla/5.0 (X11; Linux x86_64; rv:49.0) Gecko/20100101 Firefox/49.0"
172.22.133.194 - - [11/Oct/2016:18:02:09] "GET /favicon.ico HTTP/1.1" 401 1471 "" "Mozilla/5.0 (Android; Mobile; rv:38.8.0) Gecko/38.8.0 IceCat/38.8.0"
172.22.133.194 - - [11/Oct/2016:18:02:09] "GET /favicon.ico HTTP/1.1" 401 1471 "" "Mozilla/5.0 (Android; Mobile; rv:38.8.0) Gecko/38.8.0 IceCat/38.8.0"
172.22.135.16 - fsinf [11/Oct/2016:18:02:10] "GET /voteSkip HTTP/1.1" 200 6129 "http://172.22.129.110:8080/voteSkip" "Mozilla/5.0 (X11; Linux x86_64; rv:49.0) Gecko/20100101 Firefox/49.0"
172.22.135.16 - fsinf [11/Oct/2016:18:02:11] "GET /css/bootstrap.min.css HTTP/1.1" 304 - "http://172.22.129.110:8080/voteSkip" "Mozilla/5.0 (X11; Linux x86_64; rv:49.0) Gecko/20100101 Firefox/49.0"
172.22.133.194 - fsinf [11/Oct/2016:18:02:11] "GET /voteSkip HTTP/1.1" 200 5889 "http://172.22.129.110:8080/voteSkip" "Mozilla/5.0 (Android; Mobile; rv:38.0) Gecko/38.0 Firefox/38.0"
172.22.133.194 - - [11/Oct/2016:18:02:11] "GET /favicon.ico HTTP/1.1" 401 1471 "" "Mozilla/5.0 (Android; Mobile; rv:38.8.0) Gecko/38.8.0 IceCat/38.8.0"
172.22.133.194 - - [11/Oct/2016:18:02:11] "GET /favicon.ico HTTP/1.1" 401 1471 "" "Mozilla/5.0 (Android; Mobile; rv:38.8.0) Gecko/38.8.0 IceCat/38.8.0"
172.22.135.16 - fsinf [11/Oct/2016:18:02:13] "GET /voteSkip HTTP/1.1" 200 6129 "http://172.22.129.110:8080/voteSkip" "Mozilla/5.0 (X11; Linux x86_64; rv:49.0) Gecko/20100101 Firefox/49.0"
172.22.135.16 - fsinf [11/Oct/2016:18:02:13] "GET /voteSkip HTTP/1.1" 200 6129 "http://172.22.129.110:8080/voteSkip" "Mozilla/5.0 (X11; Linux x86_64; rv:49.0) Gecko/20100101 Firefox/49.0"
172.22.133.194 - fsinf [11/Oct/2016:18:02:13] "GET /voteSkip HTTP/1.1" 200 5889 "http://172.22.129.110:8080/voteSkip" "Mozilla/5.0 (Android; Mobile; rv:38.0) Gecko/38.0 Firefox/38.0"
172.22.135.16 - fsinf [11/Oct/2016:18:02:13] "GET /voteSkip HTTP/1.1" 200 6129 "http://172.22.129.110:8080/voteSkip" "Mozilla/5.0 (X11; Linux x86_64; rv:49.0) Gecko/20100101 Firefox/49.0"
172.22.133.194 - - [11/Oct/2016:18:02:13] "GET /favicon.ico HTTP/1.1" 401 1471 "" "Mozilla/5.0 (Android; Mobile; rv:38.8.0) Gecko/38.8.0 IceCat/38.8.0"
172.22.133.194 - - [11/Oct/2016:18:02:13] "GET /favicon.ico HTTP/1.1" 401 1471 "" "Mozilla/5.0 (Android; Mobile; rv:38.8.0) Gecko/38.8.0 IceCat/38.8.0"
172.22.135.16 - fsinf [11/Oct/2016:18:02:13] "GET /voteSkip HTTP/1.1" 200 6129 "http://172.22.129.110:8080/voteSkip" "Mozilla/5.0 (X11; Linux x86_64; rv:49.0) Gecko/20100101 Firefox/49.0"
172.22.135.16 - fsinf [11/Oct/2016:18:02:14] "GET /voteSkip HTTP/1.1" 200 6129 "http://172.22.129.110:8080/voteSkip" "Mozilla/5.0 (X11; Linux x86_64; rv:49.0) Gecko/20100101 Firefox/49.0"
172.22.135.16 - fsinf [11/Oct/2016:18:02:14] "GET /voteSkip HTTP/1.1" 200 6129 "http://172.22.129.110:8080/voteSkip" "Mozilla/5.0 (X11; Linux x86_64; rv:49.0) Gecko/20100101 Firefox/49.0"
172.22.135.16 - fsinf [11/Oct/2016:18:02:14] "GET /voteSkip HTTP/1.1" 200 6129 "http://172.22.129.110:8080/voteSkip" "Mozilla/5.0 (X11; Linux x86_64; rv:49.0) Gecko/20100101 Firefox/49.0"
172.22.135.16 - fsinf [11/Oct/2016:18:02:15] "GET /voteSkip HTTP/1.1" 200 6129 "http://172.22.129.110:8080/voteSkip" "Mozilla/5.0 (X11; Linux x86_64; rv:49.0) Gecko/20100101 Firefox/49.0"
172.22.135.16 - fsinf [11/Oct/2016:18:02:15] "GET /voteSkip HTTP/1.1" 200 6129 "http://172.22.129.110:8080/voteSkip" "Mozilla/5.0 (X11; Linux x86_64; rv:49.0) Gecko/20100101 Firefox/49.0"
172.22.135.16 - fsinf [11/Oct/2016:18:02:15] "GET /voteSkip HTTP/1.1" 200 6129 "http://172.22.129.110:8080/voteSkip" "Mozilla/5.0 (X11; Linux x86_64; rv:49.0) Gecko/20100101 Firefox/49.0"
172.22.135.16 - fsinf [11/Oct/2016:18:02:16] "GET /voteSkip HTTP/1.1" 200 6129 "http://172.22.129.110:8080/voteSkip" "Mozilla/5.0 (X11; Linux x86_64; rv:49.0) Gecko/20100101 Firefox/49.0"
172.22.135.16 - fsinf [11/Oct/2016:18:02:16] "GET /voteSkip HTTP/1.1" 200 6129 "http://172.22.129.110:8080/voteSkip" "Mozilla/5.0 (X11; Linux x86_64; rv:49.0) Gecko/20100101 Firefox/49.0"
172.22.135.16 - fsinf [11/Oct/2016:18:02:16] "GET /voteSkip HTTP/1.1" 200 6129 "http://172.22.129.110:8080/voteSkip" "Mozilla/5.0 (X11; Linux x86_64; rv:49.0) Gecko/20100101 Firefox/49.0"
172.22.135.16 - fsinf [11/Oct/2016:18:02:17] "GET /voteSkip HTTP/1.1" 200 6129 "http://172.22.129.110:8080/voteSkip" "Mozilla/5.0 (X11; Linux x86_64; rv:49.0) Gecko/20100101 Firefox/49.0"
172.22.135.16 - fsinf [11/Oct/2016:18:02:17] "GET /voteSkip HTTP/1.1" 200 6129 "http://172.22.129.110:8080/voteSkip" "Mozilla/5.0 (X11; Linux x86_64; rv:49.0) Gecko/20100101 Firefox/49.0"
172.22.135.16 - fsinf [11/Oct/2016:18:02:17] "GET /voteSkip HTTP/1.1" 200 6129 "http://172.22.129.110:8080/voteSkip" "Mozilla/5.0 (X11; Linux x86_64; rv:49.0) Gecko/20100101 Firefox/49.0"
172.22.135.16 - fsinf [11/Oct/2016:18:02:17] "GET /voteSkip HTTP/1.1" 200 6129 "http://172.22.129.110:8080/voteSkip" "Mozilla/5.0 (X11; Linux x86_64; rv:49.0) Gecko/20100101 Firefox/49.0"
172.22.135.16 - fsinf [11/Oct/2016:18:02:19] "GET /stopPlaying HTTP/1.1" 200 6132 "http://172.22.129.110:8080/voteSkip" "Mozilla/5.0 (X11; Linux x86_64; rv:49.0) Gecko/20100101 Firefox/49.0"
172.22.135.16 - fsinf [11/Oct/2016:18:02:19] "GET /startPlaying HTTP/1.1" 200 5057 "http://172.22.129.110:8080/stopPlaying" "Mozilla/5.0 (X11; Linux x86_64; rv:49.0) Gecko/20100101 Firefox/49.0"
172.22.135.16 - fsinf [11/Oct/2016:18:02:19] "GET /stopPlaying HTTP/1.1" 200 5047 "http://172.22.129.110:8080/startPlaying" "Mozilla/5.0 (X11; Linux x86_64; rv:49.0) Gecko/20100101 Firefox/49.0"
172.22.135.16 - - [11/Oct/2016:18:02:22] "GET /removeFromQueue?artist=Marst&album=Unsorted&track=Aquamour HTTP/1.1" 401 1471 "http://172.22.129.110:8080/stopPlaying" "Mozilla/5.0 (X11; Linux x86_64; rv:49.0) Gecko/20100101 Firefox/49.0"
172.22.133.194 - fsinf [11/Oct/2016:18:02:24] "GET /tracks HTTP/1.1" 200 5892 "http://172.22.129.110:8080/tracks" "Mozilla/5.0 (Android; Mobile; rv:38.0) Gecko/38.0 Firefox/38.0"
172.22.133.194 - - [11/Oct/2016:18:02:24] "GET /favicon.ico HTTP/1.1" 401 1471 "" "Mozilla/5.0 (Android; Mobile; rv:38.8.0) Gecko/38.8.0 IceCat/38.8.0"
172.22.133.194 - - [11/Oct/2016:18:02:24] "GET /favicon.ico HTTP/1.1" 401 1471 "" "Mozilla/5.0 (Android; Mobile; rv:38.8.0) Gecko/38.8.0 IceCat/38.8.0"
172.22.135.16 - - [11/Oct/2016:18:02:35] "GET /removeFromQueue?artist=Marst&album=Unsorted&track=Aquamour HTTP/1.1" 401 1471 "http://172.22.129.110:8080/stopPlaying" "Mozilla/5.0 (X11; Linux x86_64; rv:49.0) Gecko/20100101 Firefox/49.0"
172.22.133.194 - - [11/Oct/2016:18:02:39] "GET /favicon.ico HTTP/1.1" 401 1471 "" "Mozilla/5.0 (Android; Mobile; rv:38.8.0) Gecko/38.8.0 IceCat/38.8.0"
172.22.133.194 - - [11/Oct/2016:18:02:39] "GET /favicon.ico HTTP/1.1" 401 1471 "" "Mozilla/5.0 (Android; Mobile; rv:38.8.0) Gecko/38.8.0 IceCat/38.8.0"
172.22.133.194 - fsinf [11/Oct/2016:18:02:41] "GET /tracks HTTP/1.1" 200 5892 "http://172.22.129.110:8080/tracks" "Mozilla/5.0 (Android; Mobile; rv:38.0) Gecko/38.0 Firefox/38.0"
172.22.133.194 - - [11/Oct/2016:18:02:42] "GET /favicon.ico HTTP/1.1" 401 1471 "" "Mozilla/5.0 (Android; Mobile; rv:38.8.0) Gecko/38.8.0 IceCat/38.8.0"
172.22.133.194 - - [11/Oct/2016:18:02:42] "GET /favicon.ico HTTP/1.1" 401 1471 "" "Mozilla/5.0 (Android; Mobile; rv:38.8.0) Gecko/38.8.0 IceCat/38.8.0"
172.22.133.194 - - [11/Oct/2016:18:02:51] "GET /favicon.ico HTTP/1.1" 401 1471 "" "Mozilla/5.0 (Android; Mobile; rv:38.8.0) Gecko/38.8.0 IceCat/38.8.0"
172.22.133.194 - - [11/Oct/2016:18:02:51] "GET /favicon.ico HTTP/1.1" 401 1471 "" "Mozilla/5.0 (Android; Mobile; rv:38.8.0) Gecko/38.8.0 IceCat/38.8.0"
172.22.135.16 - - [11/Oct/2016:18:03:45] "GET /stopPlaying HTTP/1.1" 401 1471 "http://172.22.129.110:8080/startPlaying" "Mozilla/5.0 (X11; Linux x86_64; rv:49.0) Gecko/20100101 Firefox/49.0"
172.22.135.16 - fsinf [11/Oct/2016:18:03:46] "GET /stopPlaying HTTP/1.1" 200 5047 "http://172.22.129.110:8080/startPlaying" "Mozilla/5.0 (X11; Linux x86_64; rv:49.0) Gecko/20100101 Firefox/49.0"
172.22.135.16 - fsinf [11/Oct/2016:18:03:46] "GET /css/bootstrap.min.css HTTP/1.1" 304 - "http://172.22.129.110:8080/stopPlaying" "Mozilla/5.0 (X11; Linux x86_64; rv:49.0) Gecko/20100101 Firefox/49.0"
172.22.135.16 - fsinf [11/Oct/2016:18:03:53] "GET /startPlaying HTTP/1.1" 200 4020 "http://172.22.129.110:8080/stopPlaying" "Mozilla/5.0 (X11; Linux x86_64; rv:49.0) Gecko/20100101 Firefox/49.0"
172.22.135.16 - fsinf [11/Oct/2016:18:04:00] "GET /tracks HTTP/1.1" 200 5888 "http://172.22.129.110:8080/startPlaying" "Mozilla/5.0 (X11; Linux x86_64; rv:49.0) Gecko/20100101 Firefox/49.0"
172.22.135.16 - fsinf [11/Oct/2016:18:04:02] "GET /add HTTP/1.1" 200 - "http://172.22.129.110:8080/tracks" "Mozilla/5.0 (X11; Linux x86_64; rv:49.0) Gecko/20100101 Firefox/49.0"
172.22.135.16 - fsinf [11/Oct/2016:18:04:10] "GET /tracks HTTP/1.1" 200 5889 "http://172.22.129.110:8080/tracks" "Mozilla/5.0 (X11; Linux x86_64; rv:49.0) Gecko/20100101 Firefox/49.0"
172.22.135.16 - fsinf [11/Oct/2016:18:04:12] "GET /tracks HTTP/1.1" 200 5889 "http://172.22.129.110:8080/tracks" "Mozilla/5.0 (X11; Linux x86_64; rv:49.0) Gecko/20100101 Firefox/49.0"
172.22.135.16 - fsinf [11/Oct/2016:18:04:12] "GET /tracks HTTP/1.1" 200 5889 "http://172.22.129.110:8080/tracks" "Mozilla/5.0 (X11; Linux x86_64; rv:49.0) Gecko/20100101 Firefox/49.0"
172.22.135.16 - fsinf [11/Oct/2016:18:04:21] "GET /css/bootstrap.min.css.map HTTP/1.1" 404 1244 "" "Mozilla/5.0 (X11; Linux x86_64; rv:49.0) Gecko/20100101 Firefox/49.0"
172.22.129.74 - - [11/Oct/2016:18:12:07] "GET /tracks HTTP/1.1" 401 1471 "http://172.22.129.110:8080/stopPlaying" "Mozilla/5.0 (Linux; Android 6.0.1; SM-G900I Build/MMB29M) AppleWebKit/537.36 (KHTML, like Gecko) Chrome/55.0.2880.3 Mobile Safari/537.36"
172.22.129.74 - fsinf [11/Oct/2016:18:12:07] "GET /tracks HTTP/1.1" 200 6932 "http://172.22.129.110:8080/stopPlaying" "Mozilla/5.0 (Linux; Android 6.0.1; SM-G900I Build/MMB29M) AppleWebKit/537.36 (KHTML, like Gecko) Chrome/55.0.2880.3 Mobile Safari/537.36"
172.22.129.74 - - [11/Oct/2016:18:12:11] "GET /addToQueue?artist=Human+Machine&album=Unsorted&track=Africa HTTP/1.1" 401 1471 "http://172.22.129.110:8080/tracks" "Mozilla/5.0 (Linux; Android 6.0.1; SM-G900I Build/MMB29M) AppleWebKit/537.36 (KHTML, like Gecko) Chrome/55.0.2880.3 Mobile Safari/537.36"
172.22.129.74 - fsinf [11/Oct/2016:18:12:11] "GET /addToQueue?artist=Human+Machine&album=Unsorted&track=Africa HTTP/1.1" 200 6932 "http://172.22.129.110:8080/tracks" "Mozilla/5.0 (Linux; Android 6.0.1; SM-G900I Build/MMB29M) AppleWebKit/537.36 (KHTML, like Gecko) Chrome/55.0.2880.3 Mobile Safari/537.36"
172.22.129.74 - - [11/Oct/2016:18:12:12] "GET /startPlaying HTTP/1.1" 401 1471 "http://172.22.129.110:8080/addToQueue?artist=Human+Machine&album=Unsorted&track=Africa" "Mozilla/5.0 (Linux; Android 6.0.1; SM-G900I Build/MMB29M) AppleWebKit/537.36 (KHTML, like Gecko) Chrome/55.0.2880.3 Mobile Safari/537.36"
172.22.129.74 - fsinf [11/Oct/2016:18:12:12] "GET /startPlaying HTTP/1.1" 200 6935 "http://172.22.129.110:8080/addToQueue?artist=Human+Machine&album=Unsorted&track=Africa" "Mozilla/5.0 (Linux; Android 6.0.1; SM-G900I Build/MMB29M) AppleWebKit/537.36 (KHTML, like Gecko) Chrome/55.0.2880.3 Mobile Safari/537.36"
172.22.129.74 - - [11/Oct/2016:18:13:01] "GET /addToQueue?artist=Marst&album=Unsorted&track=Aquamour HTTP/1.1" 401 1471 "http://172.22.129.110:8080/startPlaying" "Mozilla/5.0 (Linux; Android 6.0.1; SM-G900I Build/MMB29M) AppleWebKit/537.36 (KHTML, like Gecko) Chrome/55.0.2880.3 Mobile Safari/537.36"
172.22.129.74 - fsinf [11/Oct/2016:18:13:01] "GET /addToQueue?artist=Marst&album=Unsorted&track=Aquamour HTTP/1.1" 200 6935 "http://172.22.129.110:8080/startPlaying" "Mozilla/5.0 (Linux; Android 6.0.1; SM-G900I Build/MMB29M) AppleWebKit/537.36 (KHTML, like Gecko) Chrome/55.0.2880.3 Mobile Safari/537.36"
172.22.129.74 - - [11/Oct/2016:18:16:34] "GET /getQueued HTTP/1.1" 401 1471 "http://172.22.129.110:8080/addToQueue?artist=Marst&album=Unsorted&track=Aquamour" "Mozilla/5.0 (Linux; Android 6.0.1; SM-G900I Build/MMB29M) AppleWebKit/537.36 (KHTML, like Gecko) Chrome/55.0.2880.3 Mobile Safari/537.36"
172.22.129.74 - fsinf [11/Oct/2016:18:16:34] "GET /getQueued HTTP/1.1" 200 4027 "http://172.22.129.110:8080/addToQueue?artist=Marst&album=Unsorted&track=Aquamour" "Mozilla/5.0 (Linux; Android 6.0.1; SM-G900I Build/MMB29M) AppleWebKit/537.36 (KHTML, like Gecko) Chrome/55.0.2880.3 Mobile Safari/537.36"
172.22.129.74 - - [11/Oct/2016:18:16:44] "GET /albums HTTP/1.1" 401 1471 "http://172.22.129.110:8080/getQueued" "Mozilla/5.0 (Linux; Android 6.0.1; SM-G900I Build/MMB29M) AppleWebKit/537.36 (KHTML, like Gecko) Chrome/55.0.2880.3 Mobile Safari/537.36"
172.22.129.74 - fsinf [11/Oct/2016:18:16:44] "GET /albums HTTP/1.1" 200 5933 "http://172.22.129.110:8080/getQueued" "Mozilla/5.0 (Linux; Android 6.0.1; SM-G900I Build/MMB29M) AppleWebKit/537.36 (KHTML, like Gecko) Chrome/55.0.2880.3 Mobile Safari/537.36"
172.22.129.74 - - [11/Oct/2016:18:16:49] "GET /artists HTTP/1.1" 401 1471 "http://172.22.129.110:8080/albums" "Mozilla/5.0 (Linux; Android 6.0.1; SM-G900I Build/MMB29M) AppleWebKit/537.36 (KHTML, like Gecko) Chrome/55.0.2880.3 Mobile Safari/537.36"
172.22.129.74 - fsinf [11/Oct/2016:18:16:49] "GET /artists HTTP/1.1" 200 5731 "http://172.22.129.110:8080/albums" "Mozilla/5.0 (Linux; Android 6.0.1; SM-G900I Build/MMB29M) AppleWebKit/537.36 (KHTML, like Gecko) Chrome/55.0.2880.3 Mobile Safari/537.36"
172.22.129.74 - - [11/Oct/2016:18:22:28] "GET /getQueued HTTP/1.1" 401 1471 "http://172.22.129.110:8080/artists" "Mozilla/5.0 (Linux; Android 6.0.1; SM-G900I Build/MMB29M) AppleWebKit/537.36 (KHTML, like Gecko) Chrome/55.0.2880.3 Mobile Safari/537.36"
172.22.129.74 - fsinf [11/Oct/2016:18:22:28] "GET /getQueued HTTP/1.1" 200 3002 "http://172.22.129.110:8080/artists" "Mozilla/5.0 (Linux; Android 6.0.1; SM-G900I Build/MMB29M) AppleWebKit/537.36 (KHTML, like Gecko) Chrome/55.0.2880.3 Mobile Safari/537.36"
172.22.129.74 - - [11/Oct/2016:18:22:35] "GET /tracks HTTP/1.1" 401 1471 "http://172.22.129.110:8080/getQueued" "Mozilla/5.0 (Linux; Android 6.0.1; SM-G900I Build/MMB29M) AppleWebKit/537.36 (KHTML, like Gecko) Chrome/55.0.2880.3 Mobile Safari/537.36"
172.22.129.74 - fsinf [11/Oct/2016:18:22:35] "GET /tracks HTTP/1.1" 200 6929 "http://172.22.129.110:8080/getQueued" "Mozilla/5.0 (Linux; Android 6.0.1; SM-G900I Build/MMB29M) AppleWebKit/537.36 (KHTML, like Gecko) Chrome/55.0.2880.3 Mobile Safari/537.36"
172.22.133.194 - fsinf [11/Oct/2016:18:22:53] "GET /tracks HTTP/1.1" 200 6929 "" "Mozilla/5.0 (Android; Mobile; rv:38.0) Gecko/38.0 Firefox/38.0"
172.22.133.194 - - [11/Oct/2016:18:22:54] "GET /favicon.ico HTTP/1.1" 401 1471 "" "Mozilla/5.0 (Android; Mobile; rv:38.8.0) Gecko/38.8.0 IceCat/38.8.0"
172.22.133.194 - - [11/Oct/2016:18:22:54] "GET /favicon.ico HTTP/1.1" 401 1471 "" "Mozilla/5.0 (Android; Mobile; rv:38.8.0) Gecko/38.8.0 IceCat/38.8.0"
172.22.129.74 - - [11/Oct/2016:18:23:05] "GET /addToQueue?artist=Human+Machine&album=Unsorted&track=Africa HTTP/1.1" 401 1471 "http://172.22.129.110:8080/tracks" "Mozilla/5.0 (Linux; Android 6.0.1; SM-G900I Build/MMB29M) AppleWebKit/537.36 (KHTML, like Gecko) Chrome/55.0.2880.3 Mobile Safari/537.36"
172.22.129.74 - fsinf [11/Oct/2016:18:23:05] "GET /addToQueue?artist=Human+Machine&album=Unsorted&track=Africa HTTP/1.1" 200 6929 "http://172.22.129.110:8080/tracks" "Mozilla/5.0 (Linux; Android 6.0.1; SM-G900I Build/MMB29M) AppleWebKit/537.36 (KHTML, like Gecko) Chrome/55.0.2880.3 Mobile Safari/537.36"
172.22.129.74 - - [11/Oct/2016:18:23:08] "GET /stopPlaying HTTP/1.1" 401 1471 "http://172.22.129.110:8080/addToQueue?artist=Human+Machine&album=Unsorted&track=Africa" "Mozilla/5.0 (Linux; Android 6.0.1; SM-G900I Build/MMB29M) AppleWebKit/537.36 (KHTML, like Gecko) Chrome/55.0.2880.3 Mobile Safari/537.36"
172.22.129.74 - fsinf [11/Oct/2016:18:23:08] "GET /stopPlaying HTTP/1.1" 200 6932 "http://172.22.129.110:8080/addToQueue?artist=Human+Machine&album=Unsorted&track=Africa" "Mozilla/5.0 (Linux; Android 6.0.1; SM-G900I Build/MMB29M) AppleWebKit/537.36 (KHTML, like Gecko) Chrome/55.0.2880.3 Mobile Safari/537.36"
172.22.129.74 - - [11/Oct/2016:18:23:08] "GET /startPlaying HTTP/1.1" 401 1471 "http://172.22.129.110:8080/stopPlaying" "Mozilla/5.0 (Linux; Android 6.0.1; SM-G900I Build/MMB29M) AppleWebKit/537.36 (KHTML, like Gecko) Chrome/55.0.2880.3 Mobile Safari/537.36"
172.22.129.74 - fsinf [11/Oct/2016:18:23:08] "GET /startPlaying HTTP/1.1" 200 6935 "http://172.22.129.110:8080/stopPlaying" "Mozilla/5.0 (Linux; Android 6.0.1; SM-G900I Build/MMB29M) AppleWebKit/537.36 (KHTML, like Gecko) Chrome/55.0.2880.3 Mobile Safari/537.36"
172.22.129.110 - - [11/Oct/2016:18:24:39] "GET / HTTP/1.1" 401 1471 "" "Mozilla/5.0 (X11; Linux x86_64) AppleWebKit/537.36 (KHTML, like Gecko) Chrome/53.0.2785.143 Safari/537.36"
172.22.129.110 - fsinf [11/Oct/2016:18:24:40] "GET / HTTP/1.1" 200 16 "" "Mozilla/5.0 (X11; Linux x86_64) AppleWebKit/537.36 (KHTML, like Gecko) Chrome/53.0.2785.143 Safari/537.36"
172.22.129.110 - fsinf [11/Oct/2016:18:24:40] "GET /favicon.ico HTTP/1.1" 404 1374 "http://172.22.129.110:8080/" "Mozilla/5.0 (X11; Linux x86_64) AppleWebKit/537.36 (KHTML, like Gecko) Chrome/53.0.2785.143 Safari/537.36"
172.22.129.110 - fsinf [11/Oct/2016:18:24:45] "GET /getQueued HTTP/1.1" 200 3008 "" "Mozilla/5.0 (X11; Linux x86_64) AppleWebKit/537.36 (KHTML, like Gecko) Chrome/53.0.2785.143 Safari/537.36"
172.22.129.110 - fsinf [11/Oct/2016:18:24:48] "GET /tracks HTTP/1.1" 200 6935 "http://172.22.129.110:8080/getQueued" "Mozilla/5.0 (X11; Linux x86_64) AppleWebKit/537.36 (KHTML, like Gecko) Chrome/53.0.2785.143 Safari/537.36"
172.22.129.110 - fsinf [11/Oct/2016:18:25:10] "GET /addToQueue?artist=A+Perfect+Circle&album=Stone+and+Echo&track=Full+Album HTTP/1.1" 200 6935 "http://172.22.129.110:8080/tracks" "Mozilla/5.0 (X11; Linux x86_64) AppleWebKit/537.36 (KHTML, like Gecko) Chrome/53.0.2785.143 Safari/537.36"
172.22.129.110 - fsinf [11/Oct/2016:18:25:12] "GET /stopPlaying HTTP/1.1" 200 6932 "http://172.22.129.110:8080/addToQueue?artist=A+Perfect+Circle&album=Stone+and+Echo&track=Full+Album" "Mozilla/5.0 (X11; Linux x86_64) AppleWebKit/537.36 (KHTML, like Gecko) Chrome/53.0.2785.143 Safari/537.36"
172.22.129.110 - fsinf [11/Oct/2016:18:25:12] "GET /startPlaying HTTP/1.1" 200 6942 "http://172.22.129.110:8080/stopPlaying" "Mozilla/5.0 (X11; Linux x86_64) AppleWebKit/537.36 (KHTML, like Gecko) Chrome/53.0.2785.143 Safari/537.36"
172.22.129.110 - fsinf [11/Oct/2016:18:49:14] "GET / HTTP/1.1" 200 16 "" "Mozilla/5.0 (X11; Linux x86_64) AppleWebKit/537.36 (KHTML, like Gecko) Chrome/53.0.2785.143 Safari/537.36"
172.22.129.110 - fsinf [11/Oct/2016:18:49:19] "GET /artists HTTP/1.1" 200 5728 "" "Mozilla/5.0 (X11; Linux x86_64) AppleWebKit/537.36 (KHTML, like Gecko) Chrome/53.0.2785.143 Safari/537.36"
172.22.129.110 - fsinf [11/Oct/2016:18:49:54] "GET /artists HTTP/1.1" 200 5728 "" "Mozilla/5.0 (X11; Linux x86_64) AppleWebKit/537.36 (KHTML, like Gecko) Chrome/53.0.2785.143 Safari/537.36"
172.22.129.110 - fsinf [11/Oct/2016:18:49:54] "GET /css/bootstrap.min.css HTTP/1.1" 304 - "http://172.22.129.110:8080/artists" "Mozilla/5.0 (X11; Linux x86_64) AppleWebKit/537.36 (KHTML, like Gecko) Chrome/53.0.2785.143 Safari/537.36"
172.22.129.110 - fsinf [11/Oct/2016:18:49:54] "GET /fonts/glyphicons-halflings-regular.woff2 HTTP/1.1" 304 - "http://172.22.129.110:8080/css/bootstrap.min.css" "Mozilla/5.0 (X11; Linux x86_64) AppleWebKit/537.36 (KHTML, like Gecko) Chrome/53.0.2785.143 Safari/537.36"
172.22.129.110 - fsinf [11/Oct/2016:18:49:55] "GET /voteSkip HTTP/1.1" 200 16 "http://172.22.129.110:8080/artists" "Mozilla/5.0 (X11; Linux x86_64) AppleWebKit/537.36 (KHTML, like Gecko) Chrome/53.0.2785.143 Safari/537.36"
172.22.129.110 - fsinf [11/Oct/2016:18:49:57] "GET /startPlaying HTTP/1.1" 200 16 "http://172.22.129.110:8080/artists" "Mozilla/5.0 (X11; Linux x86_64) AppleWebKit/537.36 (KHTML, like Gecko) Chrome/53.0.2785.143 Safari/537.36"
172.22.129.110 - fsinf [11/Oct/2016:18:50:03] "GET /artistsTracks?artist=Marst HTTP/1.1" 200 - "http://172.22.129.110:8080/artists" "Mozilla/5.0 (X11; Linux x86_64) AppleWebKit/537.36 (KHTML, like Gecko) Chrome/53.0.2785.143 Safari/537.36"
172.22.129.110 - fsinf [11/Oct/2016:18:50:05] "GET /tracks HTTP/1.1" 200 6932 "http://172.22.129.110:8080/artists" "Mozilla/5.0 (X11; Linux x86_64) AppleWebKit/537.36 (KHTML, like Gecko) Chrome/53.0.2785.143 Safari/537.36"
172.22.129.110 - fsinf [11/Oct/2016:18:50:11] "GET /addToQueue?artist=Marst&album=Unsorted&track=Aquamour HTTP/1.1" 200 6932 "http://172.22.129.110:8080/tracks" "Mozilla/5.0 (X11; Linux x86_64) AppleWebKit/537.36 (KHTML, like Gecko) Chrome/53.0.2785.143 Safari/537.36"
172.22.129.110 - fsinf [11/Oct/2016:18:50:16] "GET /startPlaying HTTP/1.1" 200 6929 "http://172.22.129.110:8080/addToQueue?artist=Marst&album=Unsorted&track=Aquamour" "Mozilla/5.0 (X11; Linux x86_64) AppleWebKit/537.36 (KHTML, like Gecko) Chrome/53.0.2785.143 Safari/537.36"
172.22.129.110 - - [11/Oct/2016:18:53:25] "GET / HTTP/1.1" 401 1471 "" "Mozilla/5.0 (X11; Linux x86_64) AppleWebKit/537.36 (KHTML, like Gecko) Chrome/53.0.2785.143 Safari/537.36"
172.22.129.110 - fsinf [11/Oct/2016:18:53:26] "GET / HTTP/1.1" 200 16 "" "Mozilla/5.0 (X11; Linux x86_64) AppleWebKit/537.36 (KHTML, like Gecko) Chrome/53.0.2785.143 Safari/537.36"
172.22.129.110 - fsinf [11/Oct/2016:18:53:26] "GET /favicon.ico HTTP/1.1" 404 1374 "http://172.22.129.110:8080/" "Mozilla/5.0 (X11; Linux x86_64) AppleWebKit/537.36 (KHTML, like Gecko) Chrome/53.0.2785.143 Safari/537.36"
172.22.129.110 - fsinf [11/Oct/2016:18:53:30] "GET /artists HTTP/1.1" 200 5728 "" "Mozilla/5.0 (X11; Linux x86_64) AppleWebKit/537.36 (KHTML, like Gecko) Chrome/53.0.2785.143 Safari/537.36"
172.22.129.110 - fsinf [11/Oct/2016:18:53:31] "GET /tracks HTTP/1.1" 200 6932 "http://172.22.129.110:8080/artists" "Mozilla/5.0 (X11; Linux x86_64) AppleWebKit/537.36 (KHTML, like Gecko) Chrome/53.0.2785.143 Safari/537.36"
172.22.129.110 - fsinf [11/Oct/2016:18:53:42] "GET /addToQueue?artist=Unsorted&album=Unsorted&track=test HTTP/1.1" 200 6932 "http://172.22.129.110:8080/tracks" "Mozilla/5.0 (X11; Linux x86_64) AppleWebKit/537.36 (KHTML, like Gecko) Chrome/53.0.2785.143 Safari/537.36"
172.22.129.110 - fsinf [11/Oct/2016:18:53:43] "GET /startPlaying HTTP/1.1" 200 6928 "http://172.22.129.110:8080/addToQueue?artist=Unsorted&album=Unsorted&track=test" "Mozilla/5.0 (X11; Linux x86_64) AppleWebKit/537.36 (KHTML, like Gecko) Chrome/53.0.2785.143 Safari/537.36"
172.22.129.110 - fsinf [11/Oct/2016:18:53:45] "GET /stopPlaying HTTP/1.1" 200 6932 "http://172.22.129.110:8080/startPlaying" "Mozilla/5.0 (X11; Linux x86_64) AppleWebKit/537.36 (KHTML, like Gecko) Chrome/53.0.2785.143 Safari/537.36"
172.22.129.110 - fsinf [11/Oct/2016:18:53:47] "GET /addToQueue?artist=Human+Machine&album=Unsorted&track=Africa HTTP/1.1" 200 6932 "http://172.22.129.110:8080/stopPlaying" "Mozilla/5.0 (X11; Linux x86_64) AppleWebKit/537.36 (KHTML, like Gecko) Chrome/53.0.2785.143 Safari/537.36"
172.22.129.110 - fsinf [11/Oct/2016:18:53:48] "GET /startPlaying HTTP/1.1" 200 6935 "http://172.22.129.110:8080/addToQueue?artist=Human+Machine&album=Unsorted&track=Africa" "Mozilla/5.0 (X11; Linux x86_64) AppleWebKit/537.36 (KHTML, like Gecko) Chrome/53.0.2785.143 Safari/537.36"
172.22.129.110 - fsinf [11/Oct/2016:19:20:35] "GET /artists HTTP/1.1" 200 5728 "http://172.22.129.110:8080/startPlaying" "Mozilla/5.0 (X11; Linux x86_64) AppleWebKit/537.36 (KHTML, like Gecko) Chrome/53.0.2785.143 Safari/537.36"
172.22.129.110 - fsinf [11/Oct/2016:19:21:32] "GET /artists HTTP/1.1" 200 5728 "http://172.22.129.110:8080/startPlaying" "Mozilla/5.0 (X11; Linux x86_64) AppleWebKit/537.36 (KHTML, like Gecko) Chrome/53.0.2785.143 Safari/537.36"
172.22.129.110 - fsinf [11/Oct/2016:19:21:32] "GET /css/bootstrap.min.css HTTP/1.1" 304 - "http://172.22.129.110:8080/artists" "Mozilla/5.0 (X11; Linux x86_64) AppleWebKit/537.36 (KHTML, like Gecko) Chrome/53.0.2785.143 Safari/537.36"
172.22.129.110 - fsinf [11/Oct/2016:19:21:33] "GET /fonts/glyphicons-halflings-regular.woff2 HTTP/1.1" 304 - "http://172.22.129.110:8080/css/bootstrap.min.css" "Mozilla/5.0 (X11; Linux x86_64) AppleWebKit/537.36 (KHTML, like Gecko) Chrome/53.0.2785.143 Safari/537.36"
172.22.129.110 - fsinf [11/Oct/2016:19:21:34] "GET /artistsAlbums?artist=Marst HTTP/1.1" 500 1586 "http://172.22.129.110:8080/artists" "Mozilla/5.0 (X11; Linux x86_64) AppleWebKit/537.36 (KHTML, like Gecko) Chrome/53.0.2785.143 Safari/537.36"
172.22.129.110 - fsinf [11/Oct/2016:19:21:46] "GET /artistsAlbums?artist=Marst HTTP/1.1" 500 1683 "http://172.22.129.110:8080/artists" "Mozilla/5.0 (X11; Linux x86_64) AppleWebKit/537.36 (KHTML, like Gecko) Chrome/53.0.2785.143 Safari/537.36"
172.22.129.110 - fsinf [11/Oct/2016:19:21:57] "GET /artistsAlbums?artist=Marst HTTP/1.1" 500 1655 "http://172.22.129.110:8080/artists" "Mozilla/5.0 (X11; Linux x86_64) AppleWebKit/537.36 (KHTML, like Gecko) Chrome/53.0.2785.143 Safari/537.36"
172.22.129.110 - fsinf [11/Oct/2016:19:22:10] "GET /artistsAlbums?artist=Marst HTTP/1.1" 200 5179 "http://172.22.129.110:8080/artists" "Mozilla/5.0 (X11; Linux x86_64) AppleWebKit/537.36 (KHTML, like Gecko) Chrome/53.0.2785.143 Safari/537.36"
172.22.129.110 - fsinf [11/Oct/2016:19:22:10] "GET /css/bootstrap.min.css HTTP/1.1" 304 - "http://172.22.129.110:8080/artistsAlbums?artist=Marst" "Mozilla/5.0 (X11; Linux x86_64) AppleWebKit/537.36 (KHTML, like Gecko) Chrome/53.0.2785.143 Safari/537.36"
172.22.129.110 - fsinf [11/Oct/2016:19:22:10] "GET /fonts/glyphicons-halflings-regular.woff2 HTTP/1.1" 304 - "http://172.22.129.110:8080/css/bootstrap.min.css" "Mozilla/5.0 (X11; Linux x86_64) AppleWebKit/537.36 (KHTML, like Gecko) Chrome/53.0.2785.143 Safari/537.36"
172.22.129.110 - fsinf [11/Oct/2016:19:23:20] "GET /artistsAlbums?artist=Marst HTTP/1.1" 500 1685 "http://172.22.129.110:8080/artists" "Mozilla/5.0 (X11; Linux x86_64) AppleWebKit/537.36 (KHTML, like Gecko) Chrome/53.0.2785.143 Safari/537.36"
172.22.129.110 - fsinf [11/Oct/2016:19:24:01] "GET /artistsAlbums?artist=Marst HTTP/1.1" 500 1683 "http://172.22.129.110:8080/artists" "Mozilla/5.0 (X11; Linux x86_64) AppleWebKit/537.36 (KHTML, like Gecko) Chrome/53.0.2785.143 Safari/537.36"
172.22.129.110 - fsinf [11/Oct/2016:19:24:20] "GET /artistsAlbums?artist=Marst HTTP/1.1" 500 1683 "http://172.22.129.110:8080/artists" "Mozilla/5.0 (X11; Linux x86_64) AppleWebKit/537.36 (KHTML, like Gecko) Chrome/53.0.2785.143 Safari/537.36"
172.22.129.110 - fsinf [11/Oct/2016:19:25:54] "GET /artistsAlbums?artist=Marst HTTP/1.1" 500 1683 "http://172.22.129.110:8080/artists" "Mozilla/5.0 (X11; Linux x86_64) AppleWebKit/537.36 (KHTML, like Gecko) Chrome/53.0.2785.143 Safari/537.36"
172.22.129.110 - fsinf [11/Oct/2016:19:27:58] "GET /artistsAlbums?artist=Marst HTTP/1.1" 500 1722 "http://172.22.129.110:8080/artists" "Mozilla/5.0 (X11; Linux x86_64) AppleWebKit/537.36 (KHTML, like Gecko) Chrome/53.0.2785.143 Safari/537.36"
172.22.129.110 - fsinf [11/Oct/2016:19:28:10] "GET /artistsAlbums?artist=Marst HTTP/1.1" 200 5160 "http://172.22.129.110:8080/artists" "Mozilla/5.0 (X11; Linux x86_64) AppleWebKit/537.36 (KHTML, like Gecko) Chrome/53.0.2785.143 Safari/537.36"
172.22.129.110 - fsinf [11/Oct/2016:19:28:10] "GET /css/bootstrap.min.css HTTP/1.1" 304 - "http://172.22.129.110:8080/artistsAlbums?artist=Marst" "Mozilla/5.0 (X11; Linux x86_64) AppleWebKit/537.36 (KHTML, like Gecko) Chrome/53.0.2785.143 Safari/537.36"
172.22.129.110 - fsinf [11/Oct/2016:19:28:10] "GET /fonts/glyphicons-halflings-regular.woff2 HTTP/1.1" 304 - "http://172.22.129.110:8080/css/bootstrap.min.css" "Mozilla/5.0 (X11; Linux x86_64) AppleWebKit/537.36 (KHTML, like Gecko) Chrome/53.0.2785.143 Safari/537.36"
172.22.129.110 - fsinf [11/Oct/2016:19:29:17] "GET /artistsAlbums?artist=Marst HTTP/1.1" 200 5160 "http://172.22.129.110:8080/artists" "Mozilla/5.0 (X11; Linux x86_64) AppleWebKit/537.36 (KHTML, like Gecko) Chrome/53.0.2785.143 Safari/537.36"
172.22.129.110 - fsinf [11/Oct/2016:19:29:17] "GET /css/bootstrap.min.css HTTP/1.1" 304 - "http://172.22.129.110:8080/artistsAlbums?artist=Marst" "Mozilla/5.0 (X11; Linux x86_64) AppleWebKit/537.36 (KHTML, like Gecko) Chrome/53.0.2785.143 Safari/537.36"
172.22.129.110 - fsinf [11/Oct/2016:19:29:18] "GET /fonts/glyphicons-halflings-regular.woff2 HTTP/1.1" 304 - "http://172.22.129.110:8080/css/bootstrap.min.css" "Mozilla/5.0 (X11; Linux x86_64) AppleWebKit/537.36 (KHTML, like Gecko) Chrome/53.0.2785.143 Safari/537.36"
172.22.129.110 - fsinf [11/Oct/2016:19:30:50] "GET /artistsAlbums?artist=Marst HTTP/1.1" 200 5160 "http://172.22.129.110:8080/artists" "Mozilla/5.0 (X11; Linux x86_64) AppleWebKit/537.36 (KHTML, like Gecko) Chrome/53.0.2785.143 Safari/537.36"
172.22.129.110 - fsinf [11/Oct/2016:19:30:50] "GET /css/bootstrap.min.css HTTP/1.1" 304 - "http://172.22.129.110:8080/artistsAlbums?artist=Marst" "Mozilla/5.0 (X11; Linux x86_64) AppleWebKit/537.36 (KHTML, like Gecko) Chrome/53.0.2785.143 Safari/537.36"
172.22.129.110 - fsinf [11/Oct/2016:19:30:50] "GET /fonts/glyphicons-halflings-regular.woff2 HTTP/1.1" 304 - "http://172.22.129.110:8080/css/bootstrap.min.css" "Mozilla/5.0 (X11; Linux x86_64) AppleWebKit/537.36 (KHTML, like Gecko) Chrome/53.0.2785.143 Safari/537.36"
172.22.129.110 - fsinf [11/Oct/2016:19:33:41] "GET /artistsAlbums?artist=Marst HTTP/1.1" 500 1683 "http://172.22.129.110:8080/artists" "Mozilla/5.0 (X11; Linux x86_64) AppleWebKit/537.36 (KHTML, like Gecko) Chrome/53.0.2785.143 Safari/537.36"
172.22.129.110 - fsinf [11/Oct/2016:19:33:51] "GET /artistsAlbums?artist=Marst HTTP/1.1" 500 1684 "http://172.22.129.110:8080/artists" "Mozilla/5.0 (X11; Linux x86_64) AppleWebKit/537.36 (KHTML, like Gecko) Chrome/53.0.2785.143 Safari/537.36"
172.22.129.110 - fsinf [11/Oct/2016:19:34:05] "GET /artistsAlbums?artist=Marst HTTP/1.1" 200 5160 "http://172.22.129.110:8080/artists" "Mozilla/5.0 (X11; Linux x86_64) AppleWebKit/537.36 (KHTML, like Gecko) Chrome/53.0.2785.143 Safari/537.36"
172.22.129.110 - fsinf [11/Oct/2016:19:34:05] "GET /css/bootstrap.min.css HTTP/1.1" 304 - "http://172.22.129.110:8080/artistsAlbums?artist=Marst" "Mozilla/5.0 (X11; Linux x86_64) AppleWebKit/537.36 (KHTML, like Gecko) Chrome/53.0.2785.143 Safari/537.36"
172.22.129.110 - fsinf [11/Oct/2016:19:34:05] "GET /fonts/glyphicons-halflings-regular.woff2 HTTP/1.1" 304 - "http://172.22.129.110:8080/css/bootstrap.min.css" "Mozilla/5.0 (X11; Linux x86_64) AppleWebKit/537.36 (KHTML, like Gecko) Chrome/53.0.2785.143 Safari/537.36"
172.22.129.110 - fsinf [11/Oct/2016:19:35:17] "GET /artistsAlbums?artist=Marst HTTP/1.1" 200 5154 "http://172.22.129.110:8080/artists" "Mozilla/5.0 (X11; Linux x86_64) AppleWebKit/537.36 (KHTML, like Gecko) Chrome/53.0.2785.143 Safari/537.36"
172.22.129.110 - fsinf [11/Oct/2016:19:35:17] "GET /css/bootstrap.min.css HTTP/1.1" 304 - "http://172.22.129.110:8080/artistsAlbums?artist=Marst" "Mozilla/5.0 (X11; Linux x86_64) AppleWebKit/537.36 (KHTML, like Gecko) Chrome/53.0.2785.143 Safari/537.36"
172.22.129.110 - fsinf [11/Oct/2016:19:35:17] "GET /fonts/glyphicons-halflings-regular.woff2 HTTP/1.1" 304 - "http://172.22.129.110:8080/css/bootstrap.min.css" "Mozilla/5.0 (X11; Linux x86_64) AppleWebKit/537.36 (KHTML, like Gecko) Chrome/53.0.2785.143 Safari/537.36"
172.22.129.110 - fsinf [11/Oct/2016:19:38:18] "GET /artistsAlbums?artist=Marst HTTP/1.1" 500 1695 "http://172.22.129.110:8080/artists" "Mozilla/5.0 (X11; Linux x86_64) AppleWebKit/537.36 (KHTML, like Gecko) Chrome/53.0.2785.143 Safari/537.36"
172.22.129.110 - fsinf [11/Oct/2016:19:38:48] "GET /artistsAlbums?artist=Marst HTTP/1.1" 500 1695 "http://172.22.129.110:8080/artists" "Mozilla/5.0 (X11; Linux x86_64) AppleWebKit/537.36 (KHTML, like Gecko) Chrome/53.0.2785.143 Safari/537.36"
172.22.129.110 - fsinf [11/Oct/2016:19:39:27] "GET /artistsAlbums?artist=Marst HTTP/1.1" 200 5157 "http://172.22.129.110:8080/artists" "Mozilla/5.0 (X11; Linux x86_64) AppleWebKit/537.36 (KHTML, like Gecko) Chrome/53.0.2785.143 Safari/537.36"
172.22.129.110 - fsinf [11/Oct/2016:19:39:27] "GET /css/bootstrap.min.css HTTP/1.1" 304 - "http://172.22.129.110:8080/artistsAlbums?artist=Marst" "Mozilla/5.0 (X11; Linux x86_64) AppleWebKit/537.36 (KHTML, like Gecko) Chrome/53.0.2785.143 Safari/537.36"
172.22.129.110 - fsinf [11/Oct/2016:19:39:28] "GET /fonts/glyphicons-halflings-regular.woff2 HTTP/1.1" 304 - "http://172.22.129.110:8080/css/bootstrap.min.css" "Mozilla/5.0 (X11; Linux x86_64) AppleWebKit/537.36 (KHTML, like Gecko) Chrome/53.0.2785.143 Safari/537.36"
172.22.129.110 - fsinf [11/Oct/2016:19:39:40] "GET /artists HTTP/1.1" 200 5728 "http://172.22.129.110:8080/artistsAlbums?artist=Marst" "Mozilla/5.0 (X11; Linux x86_64) AppleWebKit/537.36 (KHTML, like Gecko) Chrome/53.0.2785.143 Safari/537.36"
172.22.129.74 - - [11/Oct/2016:19:39:51] "GET /artists HTTP/1.1" 401 1471 "http://172.22.129.110:8080/startPlaying" "Mozilla/5.0 (Linux; Android 6.0.1; SM-G900I Build/MMB29M) AppleWebKit/537.36 (KHTML, like Gecko) Chrome/55.0.2880.3 Mobile Safari/537.36"
172.22.129.74 - fsinf [11/Oct/2016:19:39:51] "GET /artists HTTP/1.1" 200 5728 "http://172.22.129.110:8080/startPlaying" "Mozilla/5.0 (Linux; Android 6.0.1; SM-G900I Build/MMB29M) AppleWebKit/537.36 (KHTML, like Gecko) Chrome/55.0.2880.3 Mobile Safari/537.36"
172.22.129.74 - - [11/Oct/2016:19:39:57] "GET /tracks HTTP/1.1" 401 1471 "http://172.22.129.110:8080/artists" "Mozilla/5.0 (Linux; Android 6.0.1; SM-G900I Build/MMB29M) AppleWebKit/537.36 (KHTML, like Gecko) Chrome/55.0.2880.3 Mobile Safari/537.36"
172.22.129.74 - fsinf [11/Oct/2016:19:39:57] "GET /tracks HTTP/1.1" 200 6932 "http://172.22.129.110:8080/artists" "Mozilla/5.0 (Linux; Android 6.0.1; SM-G900I Build/MMB29M) AppleWebKit/537.36 (KHTML, like Gecko) Chrome/55.0.2880.3 Mobile Safari/537.36"
172.22.129.74 - - [11/Oct/2016:19:40:00] "GET /addToQueue?artist=Marst&album=Unsorted&track=Aquamour HTTP/1.1" 401 1471 "http://172.22.129.110:8080/tracks" "Mozilla/5.0 (Linux; Android 6.0.1; SM-G900I Build/MMB29M) AppleWebKit/537.36 (KHTML, like Gecko) Chrome/55.0.2880.3 Mobile Safari/537.36"
172.22.129.74 - fsinf [11/Oct/2016:19:40:00] "GET /addToQueue?artist=Marst&album=Unsorted&track=Aquamour HTTP/1.1" 200 6932 "http://172.22.129.110:8080/tracks" "Mozilla/5.0 (Linux; Android 6.0.1; SM-G900I Build/MMB29M) AppleWebKit/537.36 (KHTML, like Gecko) Chrome/55.0.2880.3 Mobile Safari/537.36"
172.22.129.74 - - [11/Oct/2016:19:40:02] "GET /startPlaying HTTP/1.1" 401 1471 "http://172.22.129.110:8080/addToQueue?artist=Marst&album=Unsorted&track=Aquamour" "Mozilla/5.0 (Linux; Android 6.0.1; SM-G900I Build/MMB29M) AppleWebKit/537.36 (KHTML, like Gecko) Chrome/55.0.2880.3 Mobile Safari/537.36"
172.22.129.74 - fsinf [11/Oct/2016:19:40:02] "GET /startPlaying HTTP/1.1" 200 6929 "http://172.22.129.110:8080/addToQueue?artist=Marst&album=Unsorted&track=Aquamour" "Mozilla/5.0 (Linux; Android 6.0.1; SM-G900I Build/MMB29M) AppleWebKit/537.36 (KHTML, like Gecko) Chrome/55.0.2880.3 Mobile Safari/537.36"
172.22.129.74 - - [11/Oct/2016:19:40:44] "GET /stopPlaying HTTP/1.1" 401 1471 "http://172.22.129.110:8080/startPlaying" "Mozilla/5.0 (Linux; Android 6.0.1; SM-G900I Build/MMB29M) AppleWebKit/537.36 (KHTML, like Gecko) Chrome/55.0.2880.3 Mobile Safari/537.36"
172.22.129.74 - fsinf [11/Oct/2016:19:40:44] "GET /stopPlaying HTTP/1.1" 200 6932 "http://172.22.129.110:8080/startPlaying" "Mozilla/5.0 (Linux; Android 6.0.1; SM-G900I Build/MMB29M) AppleWebKit/537.36 (KHTML, like Gecko) Chrome/55.0.2880.3 Mobile Safari/537.36"
172.22.129.110 - fsinf [11/Oct/2016:19:46:43] "GET /artistsAlbums?artist=Porcupine+Tree HTTP/1.1" 200 4382 "http://172.22.129.110:8080/artists" "Mozilla/5.0 (X11; Linux x86_64) AppleWebKit/537.36 (KHTML, like Gecko) Chrome/53.0.2785.143 Safari/537.36"
172.22.129.110 - fsinf [11/Oct/2016:19:46:50] "GET /albums HTTP/1.1" 200 5930 "http://172.22.129.110:8080/artistsAlbums?artist=Porcupine+Tree" "Mozilla/5.0 (X11; Linux x86_64) AppleWebKit/537.36 (KHTML, like Gecko) Chrome/53.0.2785.143 Safari/537.36"
172.22.129.110 - fsinf [11/Oct/2016:19:46:51] "GET /tracks HTTP/1.1" 200 6932 "http://172.22.129.110:8080/albums" "Mozilla/5.0 (X11; Linux x86_64) AppleWebKit/537.36 (KHTML, like Gecko) Chrome/53.0.2785.143 Safari/537.36"
172.22.129.110 - fsinf [11/Oct/2016:19:46:55] "GET /album?artist=Marst&album=Unsorted HTTP/1.1" 200 - "http://172.22.129.110:8080/tracks" "Mozilla/5.0 (X11; Linux x86_64) AppleWebKit/537.36 (KHTML, like Gecko) Chrome/53.0.2785.143 Safari/537.36"
172.22.129.110 - fsinf [11/Oct/2016:19:47:02] "GET /album?artist=Marst&album=Unsorted HTTP/1.1" 200 - "http://172.22.129.110:8080/tracks" "Mozilla/5.0 (X11; Linux x86_64) AppleWebKit/537.36 (KHTML, like Gecko) Chrome/53.0.2785.143 Safari/537.36"
172.22.129.110 - fsinf [11/Oct/2016:19:47:06] "GET /artistsAlbums?artist=Marst HTTP/1.1" 200 5157 "http://172.22.129.110:8080/tracks" "Mozilla/5.0 (X11; Linux x86_64) AppleWebKit/537.36 (KHTML, like Gecko) Chrome/53.0.2785.143 Safari/537.36"
172.22.129.110 - fsinf [11/Oct/2016:19:47:18] "GET /addAlbumToQueue?artist=Marst&album=Unsorted HTTP/1.1" 404 1224 "http://172.22.129.110:8080/artistsAlbums?artist=Marst" "Mozilla/5.0 (X11; Linux x86_64) AppleWebKit/537.36 (KHTML, like Gecko) Chrome/53.0.2785.143 Safari/537.36"
172.22.129.110 - fsinf [11/Oct/2016:19:47:30] "GET /addToQueue?artist=Marst&album=Unsorted&track=AquamourName HTTP/1.1" 500 1451 "http://172.22.129.110:8080/artistsAlbums?artist=Marst" "Mozilla/5.0 (X11; Linux x86_64) AppleWebKit/537.36 (KHTML, like Gecko) Chrome/53.0.2785.143 Safari/537.36"
172.22.129.110 - fsinf [11/Oct/2016:19:47:56] "GET /artistsAlbums?artist=Marst HTTP/1.1" 200 5153 "http://172.22.129.110:8080/tracks" "Mozilla/5.0 (X11; Linux x86_64) AppleWebKit/537.36 (KHTML, like Gecko) Chrome/53.0.2785.143 Safari/537.36"
172.22.129.110 - fsinf [11/Oct/2016:19:47:56] "GET /css/bootstrap.min.css HTTP/1.1" 304 - "http://172.22.129.110:8080/artistsAlbums?artist=Marst" "Mozilla/5.0 (X11; Linux x86_64) AppleWebKit/537.36 (KHTML, like Gecko) Chrome/53.0.2785.143 Safari/537.36"
172.22.129.110 - fsinf [11/Oct/2016:19:47:57] "GET /fonts/glyphicons-halflings-regular.woff2 HTTP/1.1" 304 - "http://172.22.129.110:8080/css/bootstrap.min.css" "Mozilla/5.0 (X11; Linux x86_64) AppleWebKit/537.36 (KHTML, like Gecko) Chrome/53.0.2785.143 Safari/537.36"
